Component: ARM Compiler 5.06 update 7 (build 960) Tool: armlink [4d3601]

==============================================================================

Section Cross References

    startup_stm32f407xx.o(RESET) refers to startup_stm32f407xx.o(STACK) for __initial_sp
    startup_stm32f407xx.o(RESET) refers to startup_stm32f407xx.o(.text) for Reset_Handler
    startup_stm32f407xx.o(RESET) refers to stm32f4xx_it.o(i.NMI_Handler) for NMI_Handler
    startup_stm32f407xx.o(RESET) refers to stm32f4xx_it.o(i.HardFault_Handler) for HardFault_Handler
    startup_stm32f407xx.o(RESET) refers to stm32f4xx_it.o(i.MemManage_Handler) for MemManage_Handler
    startup_stm32f407xx.o(RESET) refers to stm32f4xx_it.o(i.BusFault_Handler) for BusFault_Handler
    startup_stm32f407xx.o(RESET) refers to stm32f4xx_it.o(i.UsageFault_Handler) for UsageFault_Handler
    startup_stm32f407xx.o(RESET) refers to port.o(.emb_text) for SVC_Handler
    startup_stm32f407xx.o(RESET) refers to stm32f4xx_it.o(i.DebugMon_Handler) for DebugMon_Handler
    startup_stm32f407xx.o(RESET) refers to cmsis_os2.o(i.SysTick_Handler) for SysTick_Handler
    startup_stm32f407xx.o(RESET) refers to stm32f4xx_it.o(i.EXTI4_IRQHandler) for EXTI4_IRQHandler
    startup_stm32f407xx.o(RESET) refers to stm32f4xx_it.o(i.TIM4_IRQHandler) for TIM4_IRQHandler
    startup_stm32f407xx.o(RESET) refers to stm32f4xx_it.o(i.SPI1_IRQHandler) for SPI1_IRQHandler
    startup_stm32f407xx.o(RESET) refers to stm32f4xx_it.o(i.EXTI15_10_IRQHandler) for EXTI15_10_IRQHandler
    startup_stm32f407xx.o(RESET) refers to stm32f4xx_it.o(i.TIM8_TRG_COM_TIM14_IRQHandler) for TIM8_TRG_COM_TIM14_IRQHandler
    startup_stm32f407xx.o(RESET) refers to stm32f4xx_it.o(i.DMA2_Stream0_IRQHandler) for DMA2_Stream0_IRQHandler
    startup_stm32f407xx.o(RESET) refers to stm32f4xx_it.o(i.DMA2_Stream3_IRQHandler) for DMA2_Stream3_IRQHandler
    startup_stm32f407xx.o(.text) refers to system_stm32f4xx.o(i.SystemInit) for SystemInit
    startup_stm32f407xx.o(.text) refers to entry.o(.ARM.Collect$$$$00000000) for __main
    main.o(i.HAL_TIM_PeriodElapsedCallback) refers to stm32f4xx_hal.o(i.HAL_IncTick) for HAL_IncTick
    main.o(i.SystemClock_Config) refers to memseta.o(.text) for __aeabi_memclr4
    main.o(i.SystemClock_Config) refers to stm32f4xx_hal_rcc.o(i.HAL_RCC_OscConfig) for HAL_RCC_OscConfig
    main.o(i.SystemClock_Config) refers to main.o(i.Error_Handler) for Error_Handler
    main.o(i.SystemClock_Config) refers to stm32f4xx_hal_rcc.o(i.HAL_RCC_ClockConfig) for HAL_RCC_ClockConfig
    main.o(i.main) refers to stm32f4xx_hal.o(i.HAL_Init) for HAL_Init
    main.o(i.main) refers to main.o(i.SystemClock_Config) for SystemClock_Config
    main.o(i.main) refers to gpio.o(i.MX_GPIO_Init) for MX_GPIO_Init
    main.o(i.main) refers to dma.o(i.MX_DMA_Init) for MX_DMA_Init
    main.o(i.main) refers to spi.o(i.MX_SPI1_Init) for MX_SPI1_Init
    main.o(i.main) refers to tim.o(i.MX_TIM4_Init) for MX_TIM4_Init
    main.o(i.main) refers to adc.o(i.MX_ADC1_Init) for MX_ADC1_Init
    main.o(i.main) refers to i2c.o(i.MX_I2C2_Init) for MX_I2C2_Init
    main.o(i.main) refers to spi.o(i.MX_SPI3_Init) for MX_SPI3_Init
    main.o(i.main) refers to tim.o(i.MX_TIM12_Init) for MX_TIM12_Init
    main.o(i.main) refers to cmsis_os2.o(i.osKernelInitialize) for osKernelInitialize
    main.o(i.main) refers to freertos.o(i.MX_FREERTOS_Init) for MX_FREERTOS_Init
    main.o(i.main) refers to cmsis_os2.o(i.osKernelStart) for osKernelStart
    gpio.o(i.MX_GPIO_Init) refers to memseta.o(.text) for __aeabi_memclr4
    gpio.o(i.MX_GPIO_Init) refers to stm32f4xx_hal_gpio.o(i.HAL_GPIO_WritePin) for HAL_GPIO_WritePin
    gpio.o(i.MX_GPIO_Init) refers to stm32f4xx_hal_gpio.o(i.HAL_GPIO_Init) for HAL_GPIO_Init
    gpio.o(i.MX_GPIO_Init) refers to stm32f4xx_hal_cortex.o(i.HAL_NVIC_SetPriority) for HAL_NVIC_SetPriority
    gpio.o(i.MX_GPIO_Init) refers to stm32f4xx_hal_cortex.o(i.HAL_NVIC_EnableIRQ) for HAL_NVIC_EnableIRQ
    freertos.o(i.GetI2C) refers to queue.o(i.xQueueSemaphoreTake) for xQueueSemaphoreTake
    freertos.o(i.GetI2C) refers to freertos.o(.data) for g_xI2CMutex
    freertos.o(i.MX_FREERTOS_Init) refers to stm32f4xx_hal_tim.o(i.HAL_TIM_PWM_Start) for HAL_TIM_PWM_Start
    freertos.o(i.MX_FREERTOS_Init) refers to queue.o(i.xQueueCreateMutex) for xQueueCreateMutex
    freertos.o(i.MX_FREERTOS_Init) refers to lcd.o(i.LCD_Init) for LCD_Init
    freertos.o(i.MX_FREERTOS_Init) refers to driver_key.o(i.ADC_Start) for ADC_Start
    freertos.o(i.MX_FREERTOS_Init) refers to driver_rotary_encoder.o(i.RotaryEncoder_Init) for RotaryEncoder_Init
    freertos.o(i.MX_FREERTOS_Init) refers to driver_mpu6050.o(i.MPU6050_Init) for MPU6050_Init
    freertos.o(i.MX_FREERTOS_Init) refers to cmsis_os2.o(i.osThreadNew) for osThreadNew
    freertos.o(i.MX_FREERTOS_Init) refers to tasks.o(i.xTaskCreate) for xTaskCreate
    freertos.o(i.MX_FREERTOS_Init) refers to tim.o(.bss) for htim12
[...]
    i.vTaskInternalSetTimeOutState           0x08007408   Section        0  tasks.o(i.vTaskInternalSetTimeOutState)
    i.vTaskMissedYield                       0x08007420   Section        0  tasks.o(i.vTaskMissedYield)
    i.vTaskPlaceOnEventList                  0x0800742c   Section        0  tasks.o(i.vTaskPlaceOnEventList)
    i.vTaskPlaceOnEventListRestricted        0x08007464   Section        0  tasks.o(i.vTaskPlaceOnEventListRestricted)
    i.vTaskRemoveFromUnorderedEventList      0x080074a4   Section        0  tasks.o(i.vTaskRemoveFromUnorderedEventList)
    i.vTaskStartScheduler                    0x08007544   Section        0  tasks.o(i.vTaskStartScheduler)
    i.vTaskSuspendAll                        0x080075fc   Section        0  tasks.o(i.vTaskSuspendAll)
    i.vTaskSwitchContext                     0x0800760c   Section        0  tasks.o(i.vTaskSwitchContext)
    i.write_point_save                       0x0800769c   Section        0  game1.o(i.write_point_save)
    i.xEventGroupCreate                      0x0800782e   Section        0  event_groups.o(i.xEventGroupCreate)
    i.xEventGroupSetBits                     0x0800784c   Section        0  event_groups.o(i.xEventGroupSetBits)
    i.xEventGroupSetBitsFromISR              0x0800791c   Section        0  event_groups.o(i.xEventGroupSetBitsFromISR)
    i.xPortStartScheduler                    0x08007940   Section        0  port.o(i.xPortStartScheduler)
    i.xPortSysTickHandler                    0x08007aa8   Section        0  port.o(i.xPortSysTickHandler)
    i.xQueueAddToSet                         0x08007adc   Section        0  queue.o(i.xQueueAddToSet)
    i.xQueueCreateMutex                      0x08007b02   Section        0  queue.o(i.xQueueCreateMutex)
    i.xQueueCreateSet                        0x08007b24   Section        0  queue.o(i.xQueueCreateSet)
    i.xQueueGenericCreate                    0x08007b38   Section        0  queue.o(i.xQueueGenericCreate)
    i.xQueueGenericCreateStatic              0x08007b92   Section        0  queue.o(i.xQueueGenericCreateStatic)
    i.xQueueGenericReset                     0x08007c74   Section        0  queue.o(i.xQueueGenericReset)
    i.xQueueGenericSend                      0x08007d0c   Section        0  queue.o(i.xQueueGenericSend)
    i.xQueueGenericSendFromISR               0x08007ee4   Section        0  queue.o(i.xQueueGenericSendFromISR)
    i.xQueueReceive                          0x08007ff8   Section        0  queue.o(i.xQueueReceive)
    i.xQueueSelectFromSet                    0x08008160   Section        0  queue.o(i.xQueueSelectFromSet)
    i.xTaskCheckForTimeOut                   0x08008178   Section        0  tasks.o(i.xTaskCheckForTimeOut)
    i.xTaskCreate                            0x08008204   Section        0  tasks.o(i.xTaskCreate)
    i.xTaskCreateStatic                      0x08008268   Section        0  tasks.o(i.xTaskCreateStatic)
    i.xTaskGetSchedulerState                 0x08008324   Section        0  tasks.o(i.xTaskGetSchedulerState)
    i.xTaskGetTickCount                      0x08008344   Section        0  tasks.o(i.xTaskGetTickCount)
    i.xTaskIncrementTick                     0x08008350   Section        0  tasks.o(i.xTaskIncrementTick)
    i.xTaskPriorityDisinherit                0x08008494   Section        0  tasks.o(i.xTaskPriorityDisinherit)
    i.xTaskRemoveFromEventList               0x08008538   Section        0  tasks.o(i.xTaskRemoveFromEventList)
    i.xTaskResumeAll                         0x080085d0   Section        0  tasks.o(i.xTaskResumeAll)
    i.xTimerCreateTimerTask                  0x080086d4   Section        0  timers.o(i.xTimerCreateTimerTask)
    i.xTimerGenericCommand                   0x0800874c   Section        0  timers.o(i.xTimerGenericCommand)
    i.xTimerPendFunctionCallFromISR          0x080087d0   Section        0  timers.o(i.xTimerPendFunctionCallFromISR)
    .constdata                               0x08008804   Section       36  freertos.o(.constdata)
    .constdata                               0x08008828   Section        8  stm32f4xx_hal_dma.o(.constdata)
    flagBitshiftOffset                       0x08008828   Data           8  stm32f4xx_hal_dma.o(.constdata)
    .constdata                               0x08008830   Section       24  system_stm32f4xx.o(.constdata)
    .constdata                               0x08008848   Section     5806  gui.o(.constdata)
    .constdata                               0x08009ef6   Section    313500  game1.o(.constdata)
    .constdata                               0x08056794   Section       60  menu.o(.constdata)
    .conststring                             0x080567d0   Section       12  freertos.o(.conststring)
    .data                                    0x20000000   Section       16  freertos.o(.data)
    g_xI2CMutex                              0x20000000   Data           4  freertos.o(.data)
    .data                                    0x20000010   Section        9  stm32f4xx_hal.o(.data)
    .data                                    0x2000001c   Section        4  system_stm32f4xx.o(.data)
    .data                                    0x20000020   Section       60  tasks.o(.data)
    pxDelayedTaskList                        0x20000024   Data           4  tasks.o(.data)
    pxOverflowDelayedTaskList                0x20000028   Data           4  tasks.o(.data)
    uxDeletedTasksWaitingCleanUp             0x2000002c   Data           4  tasks.o(.data)
    uxCurrentNumberOfTasks                   0x20000030   Data           4  tasks.o(.data)
    xTickCount                               0x20000034   Data           4  tasks.o(.data)
    uxTopReadyPriority                       0x20000038   Data           4  tasks.o(.data)
    xSchedulerRunning                        0x2000003c   Data           4  tasks.o(.data)
    xPendedTicks                             0x20000040   Data           4  tasks.o(.data)
    xYieldPending                            0x20000044   Data           4  tasks.o(.data)
    xNumOfOverflows                          0x20000048   Data           4  tasks.o(.data)
    uxTaskNumber                             0x2000004c   Data           4  tasks.o(.data)
    xNextTaskUnblockTime                     0x20000050   Data           4  tasks.o(.data)
    xIdleTaskHandle                          0x20000054   Data           4  tasks.o(.data)
    uxSchedulerSuspended                     0x20000058   Data           4  tasks.o(.data)
    .data                                    0x2000005c   Section       20  timers.o(.data)
    pxCurrentTimerList                       0x2000005c   Data           4  timers.o(.data)
    pxOverflowTimerList                      0x20000060   Data           4  timers.o(.data)
    xTimerQueue                              0x20000064   Data           4  timers.o(.data)
    xTimerTaskHandle                         0x20000068   Data           4  timers.o(.data)
    xLastTime                                0x2000006c   Data           4  timers.o(.data)
    .data                                    0x20000070   Section        4  cmsis_os2.o(.data)
    KernelState                              0x20000070   Data           4  cmsis_os2.o(.data)
    .data                                    0x20000074   Section       32  heap_4.o(.data)
    xStart                                   0x20000074   Data           8  heap_4.o(.data)
    pxEnd                                    0x2000007c   Data           4  heap_4.o(.data)
    xFreeBytesRemaining                      0x20000080   Data           4  heap_4.o(.data)
    xMinimumEverFreeBytesRemaining           0x20000084   Data           4  heap_4.o(.data)
    xNumberOfSuccessfulAllocations           0x20000088   Data           4  heap_4.o(.data)
    xNumberOfSuccessfulFrees                 0x2000008c   Data           4  heap_4.o(.data)
    xBlockAllocatedBit                       0x20000090   Data           4  heap_4.o(.data)
    .data                                    0x20000094   Section       12  port.o(.data)
    uxCriticalNesting                        0x20000094   Data           4  port.o(.data)
    ucMaxSysCallPriority                     0x20000098   Data           1  port.o(.data)
    ulMaxPRIGROUPValue                       0x2000009c   Data           4  port.o(.data)
    .data                                    0x200000a0   Section        8  lcd.o(.data)
    .data                                    0x200000a8   Section        8  driver_key.o(.data)
    g_xQueneJoystick                         0x200000ac   Data           4  driver_key.o(.data)
    .data                                    0x200000b0   Section       28  driver_rotary_encoder.o(.data)
    g_count                                  0x200000b0   Data           4  driver_rotary_encoder.o(.data)
    g_speed                                  0x200000b4   Data           4  driver_rotary_encoder.o(.data)
    g_xQueueRotary                           0x200000b8   Data           4  driver_rotary_encoder.o(.data)
    pre_time                                 0x200000c0   Data           8  driver_rotary_encoder.o(.data)
    pre_count                                0x200000c8   Data           4  driver_rotary_encoder.o(.data)
    .data                                    0x200000cc   Section       12  driver_mpu6050.o(.data)
    g_xQueueMPU6050                          0x200000cc   Data           4  driver_mpu6050.o(.data)
    g_xEventMPU6050                          0x200000d0   Data           4  driver_mpu6050.o(.data)
    g_pHI2C_MPU6050                          0x200000d4   Data           4  driver_mpu6050.o(.data)
    .data                                    0x200000d8   Section        4  driver_spiflash_w25q64.o(.data)
    g_HSPI_Flash                             0x200000d8   Data           4  driver_spiflash_w25q64.o(.data)
    .data                                    0x200000dc   Section       28  game1.o(.data)
    g_xQueueSetInput                         0x200000ec   Data           4  game1.o(.data)
    g_xQueueCharacter                        0x200000f0   Data           4  game1.o(.data)
    g_xQueneJoystick                         0x200000f4   Data           4  game1.o(.data)
    .data                                    0x200000f8   Section       62  menu.o(.data)
    text                                     0x200000f8   Data           8  menu.o(.data)
    text10                                   0x20000100   Data          10  menu.o(.data)
    text3                                    0x2000010a   Data          17  menu.o(.data)
    text30                                   0x2000011b   Data          23  menu.o(.data)
    text4                                    0x20000132   Data           4  menu.o(.data)
    .bss                                     0x20000138   Section      168  adc.o(.bss)
    .bss                                     0x200001e0   Section       84  i2c.o(.bss)
    .bss                                     0x20000234   Section      272  spi.o(.bss)
    .bss                                     0x20000344   Section      144  tim.o(.bss)
    .bss                                     0x200003d4   Section       72  stm32f4xx_hal_timebase_tim.o(.bss)
    .bss                                     0x2000041c   Section       64  queue.o(.bss)
    .bss                                     0x2000045c   Section     1220  tasks.o(.bss)
    pxReadyTasksLists                        0x2000045c   Data        1120  tasks.o(.bss)
    xDelayedTaskList1                        0x200008bc   Data          20  tasks.o(.bss)
    xDelayedTaskList2                        0x200008d0   Data          20  tasks.o(.bss)
    xPendingReadyList                        0x200008e4   Data          20  tasks.o(.bss)
    xTasksWaitingTermination                 0x200008f8   Data          20  tasks.o(.bss)
    xSuspendedTaskList                       0x2000090c   Data          20  tasks.o(.bss)
    .bss                                     0x20000920   Section      284  timers.o(.bss)
    xActiveTimerList1                        0x20000920   Data          20  timers.o(.bss)
    xActiveTimerList2                        0x20000934   Data          20  timers.o(.bss)
    xStaticTimerQueue                        0x20000948   Data          84  timers.o(.bss)
    ucStaticTimerQueueStorage                0x2000099c   Data         160  timers.o(.bss)
    .bss                                     0x20000a3c   Section     1720  cmsis_os2.o(.bss)
    Idle_TCB                                 0x20000a3c   Data          92  cmsis_os2.o(.bss)
    Idle_Stack                               0x20000a98   Data         512  cmsis_os2.o(.bss)
    Timer_TCB                                0x20000c98   Data          92  cmsis_os2.o(.bss)
    Timer_Stack                              0x20000cf4   Data        1024  cmsis_os2.o(.bss)
    .bss                                     0x200010f4   Section    15360  heap_4.o(.bss)
    ucHeap                                   0x200010f4   Data       15360  heap_4.o(.bss)
    .bss                                     0x20004cf4   Section       14  lcd.o(.bss)
    .bss                                     0x20004d04   Section      112  driver_key.o(.bss)
    .bss                                     0x20004d74   Section      164  driver_rotary_encoder.o(.bss)
    g_ucQueueRotaryBuf                       0x20004d74   Data          80  driver_rotary_encoder.o(.bss)
    g_xQueueRotaryStaticStruct               0x20004dc4   Data          84  driver_rotary_encoder.o(.bss)
    STACK                                    0x20004e18   Section     2048  startup_stm32f407xx.o(STACK)

    Global Symbols

    Symbol Name                              Value     Ov Type        Size  Object(Section)

    BuildAttributes$$THM_ISAv4$E$P$D$K$B$S$7EM$VFPi3$EXTD16$VFPS$VFMA$PE$A:L22UL41UL21$X:L11$S22US41US21$IEEE1$IW$USESV6$~STKCKD$USESV7$~SHL$OTIME$ROPI$IEEEX$EBA8$MICROLIB$REQ8$PRES8$EABIv2 0x00000000   Number         0  anon$$obj.o ABSOLUTE
    __ARM_use_no_argv                        0x00000000   Number         0  main.o ABSOLUTE
    __arm_fini_                               - Undefined Weak Reference
    __cpp_initialize__aeabi_                  - Undefined Weak Reference
    __cxa_finalize                            - Undefined Weak Reference
    _clock_init                               - Undefined Weak Reference
    _microlib_exit                            - Undefined Weak Reference
    __Vectors_Size                           0x00000188   Number         0  startup_stm32f407xx.o ABSOLUTE
    __Vectors                                0x08000000   Data           4  startup_stm32f407xx.o(RESET)
    __Vectors_End                            0x08000188   Data           0  startup_stm32f407xx.o(RESET)
    __main                                   0x08000189   Thumb Code     0  entry.o(.ARM.Collect$$$$00000000)
    _main_stk                                0x08000189   Thumb Code     0  entry2.o(.ARM.Collect$$$$00000001)
    _main_scatterload                        0x0800018d   Thumb Code     0  entry5.o(.ARM.Collect$$$$00000004)
    __main_after_scatterload                 0x08000191   Thumb Code     0  entry5.o(.ARM.Collect$$$$00000004)
    _main_clock                              0x08000191   Thumb Code     0  entry7b.o(.ARM.Collect$$$$00000008)
    _main_cpp_init                           0x08000191   Thumb Code     0  entry8b.o(.ARM.Collect$$$$0000000A)
    _main_init                               0x08000191   Thumb Code     0  entry9a.o(.ARM.Collect$$$$0000000B)
    __rt_lib_shutdown_fini                   0x08000199   Thumb Code     0  entry12b.o(.ARM.Collect$$$$0000000E)
    __rt_final_cpp                           0x0800019d   Thumb Code     0  entry10a.o(.ARM.Collect$$$$0000000F)
    __rt_final_exit                          0x0800019d   Thumb Code     0  entry11a.o(.ARM.Collect$$$$00000011)
    SVC_Handler                              0x080001a1   Thumb Code    28  port.o(.emb_text)
    __asm___6_port_c_39a90d8d__prvStartFirstTask 0x080001c1   Thumb Code    36  port.o(.emb_text)
    __asm___6_port_c_39a90d8d__prvEnableVFP  0x080001e9   Thumb Code    16  port.o(.emb_text)
    PendSV_Handler                           0x080001fd   Thumb Code    88  port.o(.emb_text)
    vPortGetIPSR                             0x08000259   Thumb Code     6  port.o(.emb_text)
    Reset_Handler                            0x08000261   Thumb Code     8  startup_stm32f407xx.o(.text)
    ADC_IRQHandler                           0x0800027b   Thumb Code     0  startup_stm32f407xx.o(.text)
    CAN1_RX0_IRQHandler                      0x0800027b   Thumb Code     0  startup_stm32f407xx.o(.text)
    CAN1_RX1_IRQHandler                      0x0800027b   Thumb Code     0  startup_stm32f407xx.o(.text)
    CAN1_SCE_IRQHandler                      0x0800027b   Thumb Code     0  startup_stm32f407xx.o(.text)
    CAN1_TX_IRQHandler                       0x0800027b   Thumb Code     0  startup_stm32f407xx.o(.text)
    CAN2_RX0_IRQHandler                      0x0800027b   Thumb Code     0  startup_stm32f407xx.o(.text)
    CAN2_RX1_IRQHandler                      0x0800027b   Thumb Code     0  startup_stm32f407xx.o(.text)
    CAN2_SCE_IRQHandler                      0x0800027b   Thumb Code     0  startup_stm32f407xx.o(.text)
    CAN2_TX_IRQHandler                       0x0800027b   Thumb Code     0  startup_stm32f407xx.o(.text)
    DCMI_IRQHandler                          0x0800027b   Thumb Code     0  startup_stm32f407xx.o(.text)
    DMA1_Stream0_IRQHandler                  0x0800027b   Thumb Code     0  startup_stm32f407xx.o(.text)
    DMA1_Stream1_IRQHandler                  0x0800027b   Thumb Code     0  startup_stm32f407xx.o(.text)
    DMA1_Stream2_IRQHandler                  0x0800027b   Thumb Code     0  startup_stm32f407xx.o(.text)
    DMA1_Stream3_IRQHandler                  0x0800027b   Thumb Code     0  startup_stm32f407xx.o(.text)
    DMA1_Stream4_IRQHandler                  0x0800027b   Thumb Code     0  startup_stm32f407xx.o(.text)
    DMA1_Stream5_IRQHandler                  0x0800027b   Thumb Code     0  startup_stm32f407xx.o(.text)
    DMA1_Stream6_IRQHandler                  0x0800027b   Thumb Code     0  startup_stm32f407xx.o(.text)
    DMA1_Stream7_IRQHandler                  0x0800027b   Thumb Code     0  startup_stm32f407xx.o(.text)
    DMA2_Stream1_IRQHandler                  0x0800027b   Thumb Code     0  startup_stm32f407xx.o(.text)
    DMA2_Stream2_IRQHandler                  0x0800027b   Thumb Code     0  startup_stm32f407xx.o(.text)
    DMA2_Stream4_IRQHandler                  0x0800027b   Thumb Code     0  startup_stm32f407xx.o(.text)
    DMA2_Stream5_IRQHandler                  0x0800027b   Thumb Code     0  startup_stm32f407xx.o(.text)
    DMA2_Stream6_IRQHandler                  0x0800027b   Thumb Code     0  startup_stm32f407xx.o(.text)
    DMA2_Stream7_IRQHandler                  0x0800027b   Thumb Code     0  startup_stm32f407xx.o(.text)
    ETH_IRQHandler                           0x0800027b   Thumb Code     0  startup_stm32f407xx.o(.text)
    ETH_WKUP_IRQHandler                      0x0800027b   Thumb Code     0  startup_stm32f407xx.o(.text)
    EXTI0_IRQHandler                         0x0800027b   Thumb Code     0  startup_stm32f407xx.o(.text)
    EXTI1_IRQHandler                         0x0800027b   Thumb Code     0  startup_stm32f407xx.o(.text)
    EXTI2_IRQHandler                         0x0800027b   Thumb Code     0  startup_stm32f407xx.o(.text)
    EXTI3_IRQHandler                         0x0800027b   Thumb Code     0  startup_stm32f407xx.o(.text)
    EXTI9_5_IRQHandler                       0x0800027b   Thumb Code     0  startup_stm32f407xx.o(.text)
    FLASH_IRQHandler                         0x0800027b   Thumb Code     0  startup_stm32f407xx.o(.text)
    FMC_IRQHandler                           0x0800027b   Thumb Code     0  startup_stm32f407xx.o(.text)
    FPU_IRQHandler                           0x0800027b   Thumb Code     0  startup_stm32f407xx.o(.text)
    HASH_RNG_IRQHandler                      0x0800027b   Thumb Code     0  startup_stm32f407xx.o(.text)
    I2C1_ER_IRQHandler                       0x0800027b   Thumb Code     0  startup_stm32f407xx.o(.text)
    I2C1_EV_IRQHandler                       0x0800027b   Thumb Code     0  startup_stm32f407xx.o(.text)
    I2C2_ER_IRQHandler                       0x0800027b   Thumb Code     0  startup_stm32f407xx.o(.text)
    I2C2_EV_IRQHandler                       0x0800027b   Thumb Code     0  startup_stm32f407xx.o(.text)
    I2C3_ER_IRQHandler                       0x0800027b   Thumb Code     0  startup_stm32f407xx.o(.text)
    I2C3_EV_IRQHandler                       0x0800027b   Thumb Code     0  startup_stm32f407xx.o(.text)
    OTG_FS_IRQHandler                        0x0800027b   Thumb Code     0  startup_stm32f407xx.o(.text)
    OTG_FS_WKUP_IRQHandler                   0x0800027b   Thumb Code     0  startup_stm32f407xx.o(.text)
    OTG_HS_EP1_IN_IRQHandler                 0x0800027b   Thumb Code     0  startup_stm32f407xx.o(.text)
    OTG_HS_EP1_OUT_IRQHandler                0x0800027b   Thumb Code     0  startup_stm32f407xx.o(.text)
    OTG_HS_IRQHandler                        0x0800027b   Thumb Code     0  startup_stm32f407xx.o(.text)
    OTG_HS_WKUP_IRQHandler                   0x0800027b   Thumb Code     0  startup_stm32f407xx.o(.text)
    PVD_IRQHandler                           0x0800027b   Thumb Code     0  startup_stm32f407xx.o(.text)
    RCC_IRQHandler                           0x0800027b   Thumb Code     0  startup_stm32f407xx.o(.text)
    RTC_Alarm_IRQHandler                     0x0800027b   Thumb Code     0  startup_stm32f407xx.o(.text)
    RTC_WKUP_IRQHandler                      0x0800027b   Thumb Code     0  startup_stm32f407xx.o(.text)
    SDIO_IRQHandler                          0x0800027b   Thumb Code     0  startup_stm32f407xx.o(.text)
    SPI2_IRQHandler                          0x0800027b   Thumb Code     0  startup_stm32f407xx.o(.text)
    SPI3_IRQHandler                          0x0800027b   Thumb Code     0  startup_stm32f407xx.o(.text)
    TAMP_STAMP_IRQHandler                    0x0800027b   Thumb Code     0  startup_stm32f407xx.o(.text)
    TIM1_BRK_TIM9_IRQHandler                 0x0800027b   Thumb Code     0  startup_stm32f407xx.o(.text)
    TIM1_CC_IRQHandler                       0x0800027b   Thumb Code     0  startup_stm32f407xx.o(.text)
    TIM1_TRG_COM_TIM11_IRQHandler            0x0800027b   Thumb Code     0  startup_stm32f407xx.o(.text)
    TIM1_UP_TIM10_IRQHandler                 0x0800027b   Thumb Code     0  startup_stm32f407xx.o(.text)
    TIM2_IRQHandler                          0x0800027b   Thumb Code     0  startup_stm32f407xx.o(.text)
    TIM3_IRQHandler                          0x0800027b   Thumb Code     0  startup_stm32f407xx.o(.text)
    TIM5_IRQHandler                          0x0800027b   Thumb Code     0  startup_stm32f407xx.o(.text)
    TIM6_DAC_IRQHandler                      0x0800027b   Thumb Code     0  startup_stm32f407xx.o(.text)
    TIM7_IRQHandler                          0x0800027b   Thumb Code     0  startup_stm32f407xx.o(.text)
    TIM8_BRK_TIM12_IRQHandler                0x0800027b   Thumb Code     0  startup_stm32f407xx.o(.text)
    TIM8_CC_IRQHandler                       0x0800027b   Thumb Code     0  startup_stm32f407xx.o(.text)
    TIM8_UP_TIM13_IRQHandler                 0x0800027b   Thumb Code     0  startup_stm32f407xx.o(.text)
    UART4_IRQHandler                         0x0800027b   Thumb Code     0  startup_stm32f407xx.o(.text)
    UART5_IRQHandler                         0x0800027b   Thumb Code     0  startup_stm32f407xx.o(.text)
    USART1_IRQHandler                        0x0800027b   Thumb Code     0  startup_stm32f407xx.o(.text)
    USART2_IRQHandler                        0x0800027b   Thumb Code     0  startup_stm32f407xx.o(.text)
    USART3_IRQHandler                        0x0800027b   Thumb Code     0  startup_stm32f407xx.o(.text)
    USART6_IRQHandler                        0x0800027b   Thumb Code     0  startup_stm32f407xx.o(.text)
    WWDG_IRQHandler                          0x0800027b   Thumb Code     0  startup_stm32f407xx.o(.text)
    __aeabi_uldivmod                         0x08000285   Thumb Code    98  uldiv.o(.text)
    __aeabi_memcpy                           0x080002e7   Thumb Code    36  memcpya.o(.text)
    __aeabi_memcpy4                          0x080002e7   Thumb Code     0  memcpya.o(.text)
    __aeabi_memcpy8                          0x080002e7   Thumb Code     0  memcpya.o(.text)
    __aeabi_memset                           0x0800030b   Thumb Code    14  memseta.o(.text)
    __aeabi_memset4                          0x0800030b   Thumb Code     0  memseta.o(.text)
    __aeabi_memset8                          0x0800030b   Thumb Code     0  memseta.o(.text)
    __aeabi_memclr                           0x08000319   Thumb Code     4  memseta.o(.text)
    __aeabi_memclr4                          0x08000319   Thumb Code     0  memseta.o(.text)
    __aeabi_memclr8                          0x08000319   Thumb Code     0  memseta.o(.text)
    memset                                   0x0800031d   Thumb Code    18  memseta.o(.text)
    strcpy                                   0x0800032f   Thumb Code    18  strcpy.o(.text)
    __aeabi_llsl                             0x08000341   Thumb Code    30  llshl.o(.text)
    _ll_shift_l                              0x08000341   Thumb Code     0  llshl.o(.text)
    __aeabi_llsr                             0x0800035f   Thumb Code    32  llushr.o(.text)
    _ll_ushift_r                             0x0800035f   Thumb Code     0  llushr.o(.text)
    __scatterload                            0x08000381   Thumb Code    28  init.o(.text)
    __scatterload_rt2                        0x08000381   Thumb Code     0  init.o(.text)
    __decompress                             0x080003a5   Thumb Code     0  __dczerorl2.o(.text)
    __decompress1                            0x080003a5   Thumb Code    86  __dczerorl2.o(.text)
    ADC_Start                                0x08000601   Thumb Code    28  driver_key.o(i.ADC_Start)
    BusFault_Handler                         0x08000629   Thumb Code     4  stm32f4xx_it.o(i.BusFault_Handler)
    DMA2_Stream0_IRQHandler                  0x0800062d   Thumb Code    10  stm32f4xx_it.o(i.DMA2_Stream0_IRQHandler)
    DMA2_Stream3_IRQHandler                  0x0800063d   Thumb Code    10  stm32f4xx_it.o(i.DMA2_Stream3_IRQHandler)
    DebugMon_Handler                         0x08000757   Thumb Code     2  stm32f4xx_it.o(i.DebugMon_Handler)
    EXTI15_10_IRQHandler                     0x08000759   Thumb Code    12  stm32f4xx_it.o(i.EXTI15_10_IRQHandler)
    EXTI4_IRQHandler                         0x08000765   Thumb Code    10  stm32f4xx_it.o(i.EXTI4_IRQHandler)
    Error_Handler                            0x0800076f   Thumb Code     6  main.o(i.Error_Handler)
    GetQueueJoystick                         0x08000775   Thumb Code     6  driver_key.o(i.GetQueueJoystick)
    Gui_Drawbmp16                            0x08000781   Thumb Code   100  gui.o(i.Gui_Drawbmp16)
    HAL_ADC_ConfigChannel                    0x080007e9   Thumb Code   380  stm32f4xx_hal_adc.o(i.HAL_ADC_ConfigChannel)
    HAL_ADC_ConvCpltCallback                 0x08000975   Thumb Code    16  driver_key.o(i.HAL_ADC_ConvCpltCallback)
    HAL_ADC_ConvHalfCpltCallback             0x08000989   Thumb Code     2  stm32f4xx_hal_adc.o(i.HAL_ADC_ConvHalfCpltCallback)
    HAL_ADC_ErrorCallback                    0x0800098b   Thumb Code     2  stm32f4xx_hal_adc.o(i.HAL_ADC_ErrorCallback)
    HAL_ADC_Init                             0x0800098d   Thumb Code   100  stm32f4xx_hal_adc.o(i.HAL_ADC_Init)
    HAL_ADC_MspInit                          0x080009f5   Thumb Code   176  adc.o(i.HAL_ADC_MspInit)
    HAL_ADC_Start_DMA                        0x08000ab9   Thumb Code   398  stm32f4xx_hal_adc.o(i.HAL_ADC_Start_DMA)
    HAL_DMA_Abort_IT                         0x08000c6d   Thumb Code    40  stm32f4xx_hal_dma.o(i.HAL_DMA_Abort_IT)
    HAL_DMA_IRQHandler                       0x08000c95   Thumb Code   570  stm32f4xx_hal_dma.o(i.HAL_DMA_IRQHandler)
    HAL_DMA_Init                             0x08000ed5   Thumb Code   232  stm32f4xx_hal_dma.o(i.HAL_DMA_Init)
    HAL_DMA_Start_IT                         0x08000fc1   Thumb Code   146  stm32f4xx_hal_dma.o(i.HAL_DMA_Start_IT)
    HAL_GPIO_EXTI_Callback                   0x08001053   Thumb Code    32  driver_irq.o(i.HAL_GPIO_EXTI_Callback)
    HAL_GPIO_EXTI_IRQHandler                 0x08001075   Thumb Code    24  stm32f4xx_hal_gpio.o(i.HAL_GPIO_EXTI_IRQHandler)
    HAL_GPIO_Init                            0x08001091   Thumb Code   454  stm32f4xx_hal_gpio.o(i.HAL_GPIO_Init)
    HAL_GPIO_ReadPin                         0x08001285   Thumb Code    16  stm32f4xx_hal_gpio.o(i.HAL_GPIO_ReadPin)
    HAL_GPIO_WritePin                        0x08001295   Thumb Code    12  stm32f4xx_hal_gpio.o(i.HAL_GPIO_WritePin)
    HAL_GetTick                              0x080012a1   Thumb Code     6  stm32f4xx_hal.o(i.HAL_GetTick)
    HAL_I2C_Init                             0x080012ad   Thumb Code   446  stm32f4xx_hal_i2c.o(i.HAL_I2C_Init)
    HAL_I2C_Master_Transmit                  0x0800147d   Thumb Code   360  stm32f4xx_hal_i2c.o(i.HAL_I2C_Master_Transmit)
    HAL_I2C_MspInit                          0x080015ed   Thumb Code   124  i2c.o(i.HAL_I2C_MspInit)
    HAL_IncTick                              0x08001675   Thumb Code    16  stm32f4xx_hal.o(i.HAL_IncTick)
    HAL_Init                                 0x0800168d   Thumb Code    54  stm32f4xx_hal.o(i.HAL_Init)
    HAL_InitTick                             0x080016c9   Thumb Code   160  stm32f4xx_hal_timebase_tim.o(i.HAL_InitTick)
    HAL_MspInit                              0x0800177d   Thumb Code    78  stm32f4xx_hal_msp.o(i.HAL_MspInit)
    HAL_NVIC_EnableIRQ                       0x080017d1   Thumb Code    40  stm32f4xx_hal_cortex.o(i.HAL_NVIC_EnableIRQ)
    HAL_NVIC_SetPriority                     0x080017f9   Thumb Code   124  stm32f4xx_hal_cortex.o(i.HAL_NVIC_SetPriority)
    HAL_NVIC_SetPriorityGrouping             0x08001875   Thumb Code    32  stm32f4xx_hal_cortex.o(i.HAL_NVIC_SetPriorityGrouping)
    HAL_RCC_ClockConfig                      0x0800189d   Thumb Code   368  stm32f4xx_hal_rcc.o(i.HAL_RCC_ClockConfig)
    HAL_RCC_GetClockConfig                   0x08001a21   Thumb Code    58  stm32f4xx_hal_rcc.o(i.HAL_RCC_GetClockConfig)
    HAL_RCC_GetHCLKFreq                      0x08001a65   Thumb Code     6  stm32f4xx_hal_rcc.o(i.HAL_RCC_GetHCLKFreq)
    HAL_RCC_GetPCLK1Freq                     0x08001a71   Thumb Code    22  stm32f4xx_hal_rcc.o(i.HAL_RCC_GetPCLK1Freq)
    HAL_RCC_GetSysClockFreq                  0x08001a91   Thumb Code   162  stm32f4xx_hal_rcc.o(i.HAL_RCC_GetSysClockFreq)
    HAL_RCC_OscConfig                        0x08001b41   Thumb Code  1172  stm32f4xx_hal_rcc.o(i.HAL_RCC_OscConfig)
    HAL_SPI_ErrorCallback                    0x08001fdd   Thumb Code     2  stm32f4xx_hal_spi.o(i.HAL_SPI_ErrorCallback)
    HAL_SPI_IRQHandler                       0x08001fe1   Thumb Code   342  stm32f4xx_hal_spi.o(i.HAL_SPI_IRQHandler)
    HAL_SPI_Init                             0x0800213d   Thumb Code   200  stm32f4xx_hal_spi.o(i.HAL_SPI_Init)
    HAL_SPI_MspInit                          0x08002205   Thumb Code   310  spi.o(i.HAL_SPI_MspInit)
    HAL_SPI_Receive                          0x08002359   Thumb Code   386  stm32f4xx_hal_spi.o(i.HAL_SPI_Receive)
    HAL_SPI_Transmit                         0x080024db   Thumb Code   446  stm32f4xx_hal_spi.o(i.HAL_SPI_Transmit)
    HAL_SPI_TransmitReceive                  0x08002699   Thumb Code   584  stm32f4xx_hal_spi.o(i.HAL_SPI_TransmitReceive)
    HAL_TIMEx_BreakCallback                  0x080028e1   Thumb Code     2  stm32f4xx_hal_tim_ex.o(i.HAL_TIMEx_BreakCallback)
    HAL_TIMEx_CommutCallback                 0x080028e3   Thumb Code     2  stm32f4xx_hal_tim_ex.o(i.HAL_TIMEx_CommutCallback)
    HAL_TIMEx_MasterConfigSynchronization    0x080028e5   Thumb Code   150  stm32f4xx_hal_tim_ex.o(i.HAL_TIMEx_MasterConfigSynchronization)
    HAL_TIM_Base_Init                        0x08002999   Thumb Code   102  stm32f4xx_hal_tim.o(i.HAL_TIM_Base_Init)
    HAL_TIM_Base_MspInit                     0x08002a01   Thumb Code   104  tim.o(i.HAL_TIM_Base_MspInit)
    HAL_TIM_Base_Start_IT                    0x08002a75   Thumb Code   138  stm32f4xx_hal_tim.o(i.HAL_TIM_Base_Start_IT)
    HAL_TIM_ConfigClockSource                0x08002b1d   Thumb Code   268  stm32f4xx_hal_tim.o(i.HAL_TIM_ConfigClockSource)
    HAL_TIM_IC_CaptureCallback               0x08002c29   Thumb Code     2  stm32f4xx_hal_tim.o(i.HAL_TIM_IC_CaptureCallback)
    HAL_TIM_IRQHandler                       0x08002c2b   Thumb Code   364  stm32f4xx_hal_tim.o(i.HAL_TIM_IRQHandler)
    HAL_TIM_MspPostInit                      0x08002d99   Thumb Code    86  tim.o(i.HAL_TIM_MspPostInit)
    HAL_TIM_OC_DelayElapsedCallback          0x08002dfd   Thumb Code     2  stm32f4xx_hal_tim.o(i.HAL_TIM_OC_DelayElapsedCallback)
    HAL_TIM_PWM_ConfigChannel                0x08002dff   Thumb Code   260  stm32f4xx_hal_tim.o(i.HAL_TIM_PWM_ConfigChannel)
    HAL_TIM_PWM_Init                         0x08002f03   Thumb Code   102  stm32f4xx_hal_tim.o(i.HAL_TIM_PWM_Init)
    HAL_TIM_PWM_MspInit                      0x08002f69   Thumb Code     2  stm32f4xx_hal_tim.o(i.HAL_TIM_PWM_MspInit)
    HAL_TIM_PWM_PulseFinishedCallback        0x08002f6b   Thumb Code     2  stm32f4xx_hal_tim.o(i.HAL_TIM_PWM_PulseFinishedCallback)
    HAL_TIM_PWM_Start                        0x08002f6d   Thumb Code   238  stm32f4xx_hal_tim.o(i.HAL_TIM_PWM_Start)
    HAL_TIM_PeriodElapsedCallback            0x08003079   Thumb Code    18  main.o(i.HAL_TIM_PeriodElapsedCallback)
    HAL_TIM_TriggerCallback                  0x08003091   Thumb Code     2  stm32f4xx_hal_tim.o(i.HAL_TIM_TriggerCallback)
    HardFault_Handler                        0x08003093   Thumb Code     4  stm32f4xx_it.o(i.HardFault_Handler)
    Joystick_Analysis                        0x08003441   Thumb Code   380  driver_key.o(i.Joystick_Analysis)
    LCD_Clear                                0x080035cd   Thumb Code    96  lcd.o(i.LCD_Clear)
    LCD_DrawFillRectangle                    0x08003635   Thumb Code    30  gui.o(i.LCD_DrawFillRectangle)
    LCD_DrawPoint                            0x08003655   Thumb Code    24  lcd.o(i.LCD_DrawPoint)
    LCD_Fill                                 0x08003671   Thumb Code   110  gui.o(i.LCD_Fill)
    LCD_GPIOInit                             0x080036e5   Thumb Code     8  lcd.o(i.LCD_GPIOInit)
    LCD_Init                                 0x080036ed   Thumb Code   448  lcd.o(i.LCD_Init)
    LCD_RESET                                0x080038b1   Thumb Code    38  lcd.o(i.LCD_RESET)
    LCD_SetCursor                            0x080038dd   Thumb Code    20  lcd.o(i.LCD_SetCursor)
    LCD_SetWindows                           0x080038f1   Thumb Code    84  lcd.o(i.LCD_SetWindows)
    LCD_ShowChar                             0x08003949   Thumb Code   276  gui.o(i.LCD_ShowChar)
    LCD_ShowNum                              0x08003a6d   Thumb Code   164  gui.o(i.LCD_ShowNum)
    LCD_ShowString                           0x08003b11   Thumb Code    92  gui.o(i.LCD_ShowString)
    LCD_ShowString222                        0x08003b71   Thumb Code    94  menu.o(i.LCD_ShowString222)
    LCD_WR_DATA                              0x08003bd5   Thumb Code    46  lcd.o(i.LCD_WR_DATA)
    LCD_WR_REG                               0x08003c0d   Thumb Code    46  lcd.o(i.LCD_WR_REG)
    LCD_WriteRAM_Prepare                     0x08003c45   Thumb Code    12  lcd.o(i.LCD_WriteRAM_Prepare)
    LCD_WriteReg                             0x08003c55   Thumb Code    20  lcd.o(i.LCD_WriteReg)
    LCD_direction                            0x08003c69   Thumb Code   136  lcd.o(i.LCD_direction)
    Lcd_WriteData_16Bit                      0x08003cf5   Thumb Code    34  lcd.o(i.Lcd_WriteData_16Bit)
    MPU6050_Callback                         0x08003d19   Thumb Code    40  driver_mpu6050.o(i.MPU6050_Callback)
    MPU6050_Init                             0x08003d49   Thumb Code    92  driver_mpu6050.o(i.MPU6050_Init)
    MX_ADC1_Init                             0x08003dd5   Thumb Code   168  adc.o(i.MX_ADC1_Init)
    MX_DMA_Init                              0x08003e89   Thumb Code    68  dma.o(i.MX_DMA_Init)
    MX_FREERTOS_Init                         0x08003ed1   Thumb Code    72  freertos.o(i.MX_FREERTOS_Init)
    MX_GPIO_Init                             0x08003f41   Thumb Code   430  gpio.o(i.MX_GPIO_Init)
    MX_I2C2_Init                             0x08004109   Thumb Code    48  i2c.o(i.MX_I2C2_Init)
    MX_SPI1_Init                             0x08004145   Thumb Code    58  spi.o(i.MX_SPI1_Init)
    MX_SPI3_Init                             0x08004189   Thumb Code    58  spi.o(i.MX_SPI3_Init)
    MX_TIM12_Init                            0x080041cd   Thumb Code   130  tim.o(i.MX_TIM12_Init)
    MX_TIM4_Init                             0x08004259   Thumb Code   100  tim.o(i.MX_TIM4_Init)
    Map_Init                                 0x080042c5   Thumb Code   346  game1.o(i.Map_Init)
    MemManage_Handler                        0x08004439   Thumb Code     4  stm32f4xx_it.o(i.MemManage_Handler)
    NMI_Handler                              0x0800443d   Thumb Code     4  stm32f4xx_it.o(i.NMI_Handler)
    Point_Calculate                          0x08004441   Thumb Code  1462  game1.o(i.Point_Calculate)
    RotaryEncoder_IRQ_Callback               0x08004ad1   Thumb Code   162  driver_rotary_encoder.o(i.RotaryEncoder_IRQ_Callback)
    RotaryEncoder_Init                       0x08004b89   Thumb Code    24  driver_rotary_encoder.o(i.RotaryEncoder_Init)
    SPI1_IRQHandler                          0x08004bad   Thumb Code    10  stm32f4xx_it.o(i.SPI1_IRQHandler)
    SPI_WriteByte                            0x08004dc5   Thumb Code    24  lcd.o(i.SPI_WriteByte)
    StartDefaultTask                         0x08004ddd   Thumb Code     4  freertos.o(i.StartDefaultTask)
    SysTick_Handler                          0x08004de1   Thumb Code    22  cmsis_os2.o(i.SysTick_Handler)
    SystemClock_Config                       0x08004df9   Thumb Code   172  main.o(i.SystemClock_Config)
    SystemInit                               0x08004ead   Thumb Code    14  system_stm32f4xx.o(i.SystemInit)
    TIM4_IRQHandler                          0x08004ec1   Thumb Code    10  stm32f4xx_it.o(i.TIM4_IRQHandler)
    TIM8_TRG_COM_TIM14_IRQHandler            0x08004ed1   Thumb Code    10  stm32f4xx_it.o(i.TIM8_TRG_COM_TIM14_IRQHandler)
    TIM_Base_SetConfig                       0x08004ee1   Thumb Code   186  stm32f4xx_hal_tim.o(i.TIM_Base_SetConfig)
    TIM_CCxChannelCmd                        0x08004fc9   Thumb Code    34  stm32f4xx_hal_tim.o(i.TIM_CCxChannelCmd)
    TIM_ETR_SetConfig                        0x08004feb   Thumb Code    22  stm32f4xx_hal_tim.o(i.TIM_ETR_SetConfig)
    TIM_OC2_SetConfig                        0x08005085   Thumb Code   114  stm32f4xx_hal_tim.o(i.TIM_OC2_SetConfig)
    UsageFault_Handler                       0x0800521b   Thumb Code     4  stm32f4xx_it.o(i.UsageFault_Handler)
    W25Q64_Erase                             0x08005235   Thumb Code   138  driver_spiflash_w25q64.o(i.W25Q64_Erase)
    W25Q64_Read                              0x080052bf   Thumb Code    96  driver_spiflash_w25q64.o(i.W25Q64_Read)
    W25Q64_Write                             0x0800540b   Thumb Code   194  driver_spiflash_w25q64.o(i.W25Q64_Write)
    __scatterload_copy                       0x0800552b   Thumb Code    14  handlers.o(i.__scatterload_copy)
    __scatterload_null                       0x08005539   Thumb Code     2  handlers.o(i.__scatterload_null)
    __scatterload_zeroinit                   0x0800553b   Thumb Code    14  handlers.o(i.__scatterload_zeroinit)
    data_menu                                0x08005549   Thumb Code   116  menu.o(i.data_menu)
    game1_draw                               0x080055bd   Thumb Code   900  game1.o(i.game1_draw)
    game1_task                               0x08005969   Thumb Code   238  game1.o(i.game1_task)
    key_read                                 0x08005a8d   Thumb Code    70  driver_key.o(i.key_read)
    level_menu                               0x08005ad9   Thumb Code  1144  menu.o(i.level_menu)
    main                                     0x08005f51   Thumb Code    56  main.o(i.main)
    main_menu                                0x08005f89   Thumb Code   348  menu.o(i.main_menu)
    mdelay                                   0x080060f5   Thumb Code    24  driver_timer.o(i.mdelay)
    menu_task                                0x0800610d   Thumb Code    38  menu.o(i.menu_task)
    mypow                                    0x0800613d   Thumb Code    22  gui.o(i.mypow)
    osKernelInitialize                       0x08006155   Thumb Code    38  cmsis_os2.o(i.osKernelInitialize)
    osKernelStart                            0x08006181   Thumb Code    82  cmsis_os2.o(i.osKernelStart)
    osThreadNew                              0x080061e1   Thumb Code   184  cmsis_os2.o(i.osThreadNew)
    pvPortMalloc                             0x08006d81   Thumb Code   306  heap_4.o(i.pvPortMalloc)
    pxPortInitialiseStack                    0x08006ecd   Thumb Code    38  port.o(i.pxPortInitialiseStack)
    system_get_s                             0x08006ef9   Thumb Code   116  driver_timer.o(i.system_get_s)
    system_get_us                            0x08006f71   Thumb Code   100  driver_timer.o(i.system_get_us)
    udelay                                   0x08006fd9   Thumb Code    68  driver_timer.o(i.udelay)
    uxListRemove                             0x08007021   Thumb Code    40  list.o(i.uxListRemove)
    vApplicationGetIdleTaskMemory            0x08007049   Thumb Code    14  cmsis_os2.o(i.vApplicationGetIdleTaskMemory)
    vApplicationGetTimerTaskMemory           0x08007061   Thumb Code    16  cmsis_os2.o(i.vApplicationGetTimerTaskMemory)
    vEventGroupSetBitsCallback               0x08007079   Thumb Code    16  event_groups.o(i.vEventGroupSetBitsCallback)
    vListInitialise                          0x08007089   Thumb Code    26  list.o(i.vListInitialise)
    vListInitialiseItem                      0x080070a3   Thumb Code     6  list.o(i.vListInitialiseItem)
    vListInsert                              0x080070a9   Thumb Code    52  list.o(i.vListInsert)
    vListInsertEnd                           0x080070dd   Thumb Code    24  list.o(i.vListInsertEnd)
    vPortEnterCritical                       0x080070f5   Thumb Code    76  port.o(i.vPortEnterCritical)
    vPortExitCritical                        0x08007149   Thumb Code    56  port.o(i.vPortExitCritical)
    vPortFree                                0x08007185   Thumb Code   150  heap_4.o(i.vPortFree)
    vPortSetupTimerInterrupt                 0x08007229   Thumb Code    36  port.o(i.vPortSetupTimerInterrupt)
    vPortValidateInterruptPriority           0x08007251   Thumb Code   106  port.o(i.vPortValidateInterruptPriority)
    vQueueAddToRegistry                      0x080072c9   Thumb Code    38  queue.o(i.vQueueAddToRegistry)
    vQueueWaitForMessageRestricted           0x080072f5   Thumb Code    74  queue.o(i.vQueueWaitForMessageRestricted)
    vTaskDelete                              0x08007341   Thumb Code   168  tasks.o(i.vTaskDelete)
    vTaskInternalSetTimeOutState             0x08007409   Thumb Code    14  tasks.o(i.vTaskInternalSetTimeOutState)
    vTaskMissedYield                         0x08007421   Thumb Code     8  tasks.o(i.vTaskMissedYield)
    vTaskPlaceOnEventList                    0x0800742d   Thumb Code    52  tasks.o(i.vTaskPlaceOnEventList)
    vTaskPlaceOnEventListRestricted          0x08007465   Thumb Code    60  tasks.o(i.vTaskPlaceOnEventListRestricted)
    vTaskRemoveFromUnorderedEventList        0x080074a5   Thumb Code   140  tasks.o(i.vTaskRemoveFromUnorderedEventList)
    vTaskStartScheduler                      0x08007545   Thumb Code   156  tasks.o(i.vTaskStartScheduler)
    vTaskSuspendAll                          0x080075fd   Thumb Code    12  tasks.o(i.vTaskSuspendAll)
    vTaskSwitchContext                       0x0800760d   Thumb Code   122  tasks.o(i.vTaskSwitchContext)
    write_point_save                         0x0800769d   Thumb Code   402  game1.o(i.write_point_save)
    xEventGroupCreate                        0x0800782f   Thumb Code    30  event_groups.o(i.xEventGroupCreate)
    xEventGroupSetBits                       0x0800784d   Thumb Code   206  event_groups.o(i.xEventGroupSetBits)
    xEventGroupSetBitsFromISR                0x0800791d   Thumb Code    30  event_groups.o(i.xEventGroupSetBitsFromISR)
    xPortStartScheduler                      0x08007941   Thumb Code   330  port.o(i.xPortStartScheduler)
    xPortSysTickHandler                      0x08007aa9   Thumb Code    46  port.o(i.xPortSysTickHandler)
    xQueueAddToSet                           0x08007add   Thumb Code    38  queue.o(i.xQueueAddToSet)
    xQueueCreateMutex                        0x08007b03   Thumb Code    34  queue.o(i.xQueueCreateMutex)
    xQueueCreateSet                          0x08007b25   Thumb Code    20  queue.o(i.xQueueCreateSet)
    xQueueGenericCreate                      0x08007b39   Thumb Code    90  queue.o(i.xQueueGenericCreate)
    xQueueGenericCreateStatic                0x08007b93   Thumb Code   224  queue.o(i.xQueueGenericCreateStatic)
    xQueueGenericReset                       0x08007c75   Thumb Code   146  queue.o(i.xQueueGenericReset)
    xQueueGenericSend                        0x08007d0d   Thumb Code   466  queue.o(i.xQueueGenericSend)
    xQueueGenericSendFromISR                 0x08007ee5   Thumb Code   274  queue.o(i.xQueueGenericSendFromISR)
    xQueueReceive                            0x08007ff9   Thumb Code   356  queue.o(i.xQueueReceive)
    xQueueSelectFromSet                      0x08008161   Thumb Code    24  queue.o(i.xQueueSelectFromSet)
    xTaskCheckForTimeOut                     0x08008179   Thumb Code   132  tasks.o(i.xTaskCheckForTimeOut)
    xTaskCreate                              0x08008205   Thumb Code   100  tasks.o(i.xTaskCreate)
    xTaskCreateStatic                        0x08008269   Thumb Code   186  tasks.o(i.xTaskCreateStatic)
    xTaskGetSchedulerState                   0x08008325   Thumb Code    24  tasks.o(i.xTaskGetSchedulerState)
    xTaskGetTickCount                        0x08008345   Thumb Code     6  tasks.o(i.xTaskGetTickCount)
    xTaskIncrementTick                       0x08008351   Thumb Code   280  tasks.o(i.xTaskIncrementTick)
    xTaskPriorityDisinherit                  0x08008495   Thumb Code   152  tasks.o(i.xTaskPriorityDisinherit)
    xTaskRemoveFromEventList                 0x08008539   Thumb Code   126  tasks.o(i.xTaskRemoveFromEventList)
    xTaskResumeAll                           0x080085d1   Thumb Code   222  tasks.o(i.xTaskResumeAll)
    xTimerCreateTimerTask                    0x080086d5   Thumb Code   100  timers.o(i.xTimerCreateTimerTask)
    xTimerGenericCommand                     0x0800874d   Thumb Code   128  timers.o(i.xTimerGenericCommand)
    xTimerPendFunctionCallFromISR            0x080087d1   Thumb Code    48  timers.o(i.xTimerPendFunctionCallFromISR)
    defaultTask_attributes                   0x08008804   Data          36  freertos.o(.constdata)
    AHBPrescTable                            0x08008830   Data          16  system_stm32f4xx.o(.constdata)
    APBPrescTable                            0x08008840   Data           8  system_stm32f4xx.o(.constdata)
    asc2_1206                                0x08008848   Data        1140  gui.o(.constdata)
    asc2_1608                                0x08008cbc   Data        1520  gui.o(.constdata)
    tfont16                                  0x080092ac   Data        2108  gui.o(.constdata)
    tfont24                                  0x08009ae8   Data         518  gui.o(.constdata)
    tfont32                                  0x08009cee   Data         520  gui.o(.constdata)
    gImage_ice1                              0x08009ef6   Data        1200  game1.o(.constdata)
    gImage_fire1                             0x0800a3a6   Data        1200  game1.o(.constdata)
    gImage_ice_point                         0x0800a856   Data         450  game1.o(.constdata)
    gImage_fire_point                        0x0800aa18   Data         450  game1.o(.constdata)
    gImage_map1                              0x0800abda   Data       307200  game1.o(.constdata)
    gImage_icepoor                           0x08055bda   Data        1000  game1.o(.constdata)
    gImage_firepoor                          0x08055fc2   Data        1000  game1.o(.constdata)
    gImage_hurt                              0x080563aa   Data        1000  game1.o(.constdata)
    Region$$Table$$Base                      0x080567dc   Number         0  anon$$obj.o(Region$$Table)
    Region$$Table$$Limit                     0x080567fc   Number         0  anon$$obj.o(Region$$Table)
    game1TaskHandle                          0x20000004   Data           4  freertos.o(.data)
    menuTaskHandle                           0x20000008   Data           4  freertos.o(.data)
    defaultTaskHandle                        0x2000000c   Data           4  freertos.o(.data)
    uwTick                                   0x20000010   Data           4  stm32f4xx_hal.o(.data)
    uwTickPrio                               0x20000014   Data           4  stm32f4xx_hal.o(.data)
    uwTickFreq                               0x20000018   Data           1  stm32f4xx_hal.o(.data)
    SystemCoreClock                          0x2000001c   Data           4  system_stm32f4xx.o(.data)
    pxCurrentTCB                             0x20000020   Data           4  tasks.o(.data)
    POINT_COLOR                              0x200000a0   Data           2  lcd.o(.data)
    BACK_COLOR                               0x200000a2   Data           2  lcd.o(.data)
    DeviceCode                               0x200000a4   Data           2  lcd.o(.data)
    spi_tx_complete                          0x200000a6   Data           1  lcd.o(.data)
    spi_buffer                               0x200000a7   Data           1  lcd.o(.data)
    Js_data                                  0x200000a8   Data           4  driver_key.o(.data)
    duilie_flag                              0x200000dc   Data           1  game1.o(.data)
    g_level                                  0x200000dd   Data           1  game1.o(.data)
    debug11                                  0x200000de   Data           1  game1.o(.data)
    g_point                                  0x200000df   Data           5  game1.o(.data)
    g_point_last                             0x200000e4   Data           5  game1.o(.data)
    hadc1                                    0x20000138   Data          72  adc.o(.bss)
    hdma_adc1                                0x20000180   Data          96  adc.o(.bss)
    hi2c2                                    0x200001e0   Data          84  i2c.o(.bss)
    hspi1                                    0x20000234   Data          88  spi.o(.bss)
    hspi3                                    0x2000028c   Data          88  spi.o(.bss)
    hdma_spi1_tx                             0x200002e4   Data          96  spi.o(.bss)
    htim4                                    0x20000344   Data          72  tim.o(.bss)
    htim12                                   0x2000038c   Data          72  tim.o(.bss)
    htim14                                   0x200003d4   Data          72  stm32f4xx_hal_timebase_tim.o(.bss)
    xQueueRegistry                           0x2000041c   Data          64  queue.o(.bss)
    lcddev                                   0x20004cf4   Data          14  lcd.o(.bss)
    ADC1_sampling                            0x20004d04   Data         112  driver_key.o(.bss)
    __initial_sp                             0x20005618   Data           0  startup_stm32f407xx.o(STACK)



==============================================================================

Memory Map of the image

  Image Entry point : 0x08000189

  Load Region LR_IROM1 (Base: 0x08000000, Size: 0x00056934, Max: 0x00100000, ABSOLUTE, COMPRESSED[0x00056850])

    Execution Region ER_IROM1 (Exec base: 0x08000000, Load base: 0x08000000, Size: 0x000567fc, Max: 0x00100000, ABSOLUTE)

    Exec Addr    Load Addr    Size         Type   Attr      Idx    E Section Name        Object

    0x08000000   0x08000000   0x00000188   Data   RO            3    RESET               startup_stm32f407xx.o
    0x08000188   0x08000188   0x00000000   Code   RO         6727  * .ARM.Collect$$$$00000000  mc_w.l(entry.o)
    0x08000188   0x08000188   0x00000004   Code   RO         6780    .ARM.Collect$$$$00000001  mc_w.l(entry2.o)
    0x0800018c   0x0800018c   0x00000004   Code   RO         6783    .ARM.Collect$$$$00000004  mc_w.l(entry5.o)
    0x08000190   0x08000190   0x00000000   Code   RO         6785    .ARM.Collect$$$$00000008  mc_w.l(entry7b.o)
    0x08000190   0x08000190   0x00000000   Code   RO         6787    .ARM.Collect$$$$0000000A  mc_w.l(entry8b.o)
    0x08000190   0x08000190   0x00000008   Code   RO         6788    .ARM.Collect$$$$0000000B  mc_w.l(entry9a.o)
    0x08000198   0x08000198   0x00000004   Code   RO         6795    .ARM.Collect$$$$0000000E  mc_w.l(entry12b.o)
    0x0800019c   0x0800019c   0x00000000   Code   RO         6790    .ARM.Collect$$$$0000000F  mc_w.l(entry10a.o)
    0x0800019c   0x0800019c   0x00000000   Code   RO         6792    .ARM.Collect$$$$00000011  mc_w.l(entry11a.o)
    0x0800019c   0x0800019c   0x00000004   Code   RO         6781    .ARM.Collect$$$$00002712  mc_w.l(entry2.o)
    0x080001a0   0x080001a0   0x000000be   Code   RO         5811    .emb_text           port.o
    0x0800025e   0x0800025e   0x00000002   PAD
    0x08000260   0x08000260   0x00000024   Code   RO            4    .text               startup_stm32f407xx.o
    0x08000284   0x08000284   0x00000062   Code   RO         6730    .text               mc_w.l(uldiv.o)
    0x080002e6   0x080002e6   0x00000024   Code   RO         6732    .text               mc_w.l(memcpya.o)
    0x0800030a   0x0800030a   0x00000024   Code   RO         6736    .text               mc_w.l(memseta.o)
    0x0800032e   0x0800032e   0x00000012   Code   RO         6740    .text               mc_w.l(strcpy.o)
    0x08000340   0x08000340   0x0000001e   Code   RO         6796    .text               mc_w.l(llshl.o)
    0x0800035e   0x0800035e   0x00000020   Code   RO         6798    .text               mc_w.l(llushr.o)
    0x0800037e   0x0800037e   0x00000002   PAD
    0x08000380   0x08000380   0x00000024   Code   RO         6812    .text               mc_w.l(init.o)
    0x080003a4   0x080003a4   0x00000056   Code   RO         6828    .text               mc_w.l(__dczerorl2.o)
    0x080003fa   0x080003fa   0x0000007e   Code   RO         1724    i.ADC_DMAConvCplt   stm32f4xx_hal_adc.o
    0x08000478   0x08000478   0x0000001a   Code   RO         1725    i.ADC_DMAError      stm32f4xx_hal_adc.o
    0x08000492   0x08000492   0x0000000e   Code   RO         1726    i.ADC_DMAHalfConvCplt  stm32f4xx_hal_adc.o
    0x080004a0   0x080004a0   0x00000160   Code   RO         1727    i.ADC_Init          stm32f4xx_hal_adc.o
    0x08000600   0x08000600   0x00000028   Code   RO         6263    i.ADC_Start         driver_key.o
    0x08000628   0x08000628   0x00000004   Code   RO          577    i.BusFault_Handler  stm32f4xx_it.o
    0x0800062c   0x0800062c   0x00000010   Code   RO          578    i.DMA2_Stream0_IRQHandler  stm32f4xx_it.o
    0x0800063c   0x0800063c   0x00000010   Code   RO          579    i.DMA2_Stream3_IRQHandler  stm32f4xx_it.o
    0x0800064c   0x0800064c   0x00000034   Code   RO         2506    i.DMA_CalcBaseAndBitshift  stm32f4xx_hal_dma.o
    0x08000680   0x08000680   0x000000aa   Code   RO         2507    i.DMA_CheckFifoParam  stm32f4xx_hal_dma.o
    0x0800072a   0x0800072a   0x0000002c   Code   RO         2508    i.DMA_SetConfig     stm32f4xx_hal_dma.o
    0x08000756   0x08000756   0x00000002   Code   RO          580    i.DebugMon_Handler  stm32f4xx_it.o
    0x08000758   0x08000758   0x0000000c   Code   RO          581    i.EXTI15_10_IRQHandler  stm32f4xx_it.o
    0x08000764   0x08000764   0x0000000a   Code   RO          582    i.EXTI4_IRQHandler  stm32f4xx_it.o
    0x0800076e   0x0800076e   0x00000006   Code   RO           13    i.Error_Handler     main.o
    0x08000774   0x08000774   0x0000000c   Code   RO         6264    i.GetQueueJoystick  driver_key.o
    0x08000780   0x08000780   0x00000068   Code   RO         6001    i.Gui_Drawbmp16     gui.o
    0x080007e8   0x080007e8   0x0000018c   Code   RO         1729    i.HAL_ADC_ConfigChannel  stm32f4xx_hal_adc.o
    0x08000974   0x08000974   0x00000014   Code   RO         6265    i.HAL_ADC_ConvCpltCallback  driver_key.o
    0x08000988   0x08000988   0x00000002   Code   RO         1731    i.HAL_ADC_ConvHalfCpltCallback  stm32f4xx_hal_adc.o
    0x0800098a   0x0800098a   0x00000002   Code   RO         1733    i.HAL_ADC_ErrorCallback  stm32f4xx_hal_adc.o
    0x0800098c   0x0800098c   0x00000068   Code   RO         1738    i.HAL_ADC_Init      stm32f4xx_hal_adc.o
    0x080009f4   0x080009f4   0x000000c4   Code   RO          368    i.HAL_ADC_MspInit   adc.o
    0x08000ab8   0x08000ab8   0x000001b4   Code   RO         1745    i.HAL_ADC_Start_DMA  stm32f4xx_hal_adc.o
    0x08000c6c   0x08000c6c   0x00000028   Code   RO         2510    i.HAL_DMA_Abort_IT  stm32f4xx_hal_dma.o
    0x08000c94   0x08000c94   0x00000240   Code   RO         2514    i.HAL_DMA_IRQHandler  stm32f4xx_hal_dma.o
    0x08000ed4   0x08000ed4   0x000000ec   Code   RO         2515    i.HAL_DMA_Init      stm32f4xx_hal_dma.o
    0x08000fc0   0x08000fc0   0x00000092   Code   RO         2519    i.HAL_DMA_Start_IT  stm32f4xx_hal_dma.o
    0x08001052   0x08001052   0x00000020   Code   RO         6463    i.HAL_GPIO_EXTI_Callback  driver_irq.o
    0x08001072   0x08001072   0x00000002   PAD
    0x08001074   0x08001074   0x0000001c   Code   RO         2401    i.HAL_GPIO_EXTI_IRQHandler  stm32f4xx_hal_gpio.o
    0x08001090   0x08001090   0x000001f4   Code   RO         2402    i.HAL_GPIO_Init     stm32f4xx_hal_gpio.o
    0x08001284   0x08001284   0x00000010   Code   RO         2404    i.HAL_GPIO_ReadPin  stm32f4xx_hal_gpio.o
    0x08001294   0x08001294   0x0000000c   Code   RO         2406    i.HAL_GPIO_WritePin  stm32f4xx_hal_gpio.o
    0x080012a0   0x080012a0   0x0000000c   Code   RO         2957    i.HAL_GetTick       stm32f4xx_hal.o
    0x080012ac   0x080012ac   0x000001d0   Code   RO         3213    i.HAL_I2C_Init      stm32f4xx_hal_i2c.o
    0x0800147c   0x0800147c   0x00000170   Code   RO         3226    i.HAL_I2C_Master_Transmit  stm32f4xx_hal_i2c.o
    0x080015ec   0x080015ec   0x00000088   Code   RO          434    i.HAL_I2C_MspInit   i2c.o
    0x08001674   0x08001674   0x00000018   Code   RO         2963    i.HAL_IncTick       stm32f4xx_hal.o
    0x0800168c   0x0800168c   0x0000003c   Code   RO         2964    i.HAL_Init          stm32f4xx_hal.o
    0x080016c8   0x080016c8   0x000000b4   Code   RO          701    i.HAL_InitTick      stm32f4xx_hal_timebase_tim.o
    0x0800177c   0x0800177c   0x00000054   Code   RO          677    i.HAL_MspInit       stm32f4xx_hal_msp.o
    0x080017d0   0x080017d0   0x00000028   Code   RO         2794    i.HAL_NVIC_EnableIRQ  stm32f4xx_hal_cortex.o
    0x080017f8   0x080017f8   0x0000007c   Code   RO         2800    i.HAL_NVIC_SetPriority  stm32f4xx_hal_cortex.o
    0x08001874   0x08001874   0x00000028   Code   RO         2801    i.HAL_NVIC_SetPriorityGrouping  stm32f4xx_hal_cortex.o
    0x0800189c   0x0800189c   0x00000184   Code   RO         2003    i.HAL_RCC_ClockConfig  stm32f4xx_hal_rcc.o
    0x08001a20   0x08001a20   0x00000044   Code   RO         2007    i.HAL_RCC_GetClockConfig  stm32f4xx_hal_rcc.o
    0x08001a64   0x08001a64   0x0000000c   Code   RO         2008    i.HAL_RCC_GetHCLKFreq  stm32f4xx_hal_rcc.o
    0x08001a70   0x08001a70   0x00000020   Code   RO         2010    i.HAL_RCC_GetPCLK1Freq  stm32f4xx_hal_rcc.o
    0x08001a90   0x08001a90   0x000000b0   Code   RO         2012    i.HAL_RCC_GetSysClockFreq  stm32f4xx_hal_rcc.o
    0x08001b40   0x08001b40   0x0000049c   Code   RO         2015    i.HAL_RCC_OscConfig  stm32f4xx_hal_rcc.o
    0x08001fdc   0x08001fdc   0x00000002   Code   RO         3704    i.HAL_SPI_ErrorCallback  stm32f4xx_hal_spi.o
    0x08001fde   0x08001fde   0x00000002   PAD
    0x08001fe0   0x08001fe0   0x0000015c   Code   RO         3707    i.HAL_SPI_IRQHandler  stm32f4xx_hal_spi.o
    0x0800213c   0x0800213c   0x000000c8   Code   RO         3708    i.HAL_SPI_Init      stm32f4xx_hal_spi.o
    0x08002204   0x08002204   0x00000154   Code   RO          476    i.HAL_SPI_MspInit   spi.o
    0x08002358   0x08002358   0x00000182   Code   RO         3711    i.HAL_SPI_Receive   stm32f4xx_hal_spi.o
    0x080024da   0x080024da   0x000001be   Code   RO         3716    i.HAL_SPI_Transmit  stm32f4xx_hal_spi.o
    0x08002698   0x08002698   0x00000248   Code   RO         3717    i.HAL_SPI_TransmitReceive  stm32f4xx_hal_spi.o
    0x080028e0   0x080028e0   0x00000002   Code   RO         1457    i.HAL_TIMEx_BreakCallback  stm32f4xx_hal_tim_ex.o
    0x080028e2   0x080028e2   0x00000002   Code   RO         1458    i.HAL_TIMEx_CommutCallback  stm32f4xx_hal_tim_ex.o
    0x080028e4   0x080028e4   0x000000b4   Code   RO         1476    i.HAL_TIMEx_MasterConfigSynchronization  stm32f4xx_hal_tim_ex.o
    0x08002998   0x08002998   0x00000066   Code   RO          742    i.HAL_TIM_Base_Init  stm32f4xx_hal_tim.o
    0x080029fe   0x080029fe   0x00000002   PAD
    0x08002a00   0x08002a00   0x00000074   Code   RO          524    i.HAL_TIM_Base_MspInit  tim.o
    0x08002a74   0x08002a74   0x000000a8   Code   RO          747    i.HAL_TIM_Base_Start_IT  stm32f4xx_hal_tim.o
    0x08002b1c   0x08002b1c   0x0000010c   Code   RO          751    i.HAL_TIM_ConfigClockSource  stm32f4xx_hal_tim.o
    0x08002c28   0x08002c28   0x00000002   Code   RO          776    i.HAL_TIM_IC_CaptureCallback  stm32f4xx_hal_tim.o
    0x08002c2a   0x08002c2a   0x0000016c   Code   RO          790    i.HAL_TIM_IRQHandler  stm32f4xx_hal_tim.o
    0x08002d96   0x08002d96   0x00000002   PAD
    0x08002d98   0x08002d98   0x00000064   Code   RO          525    i.HAL_TIM_MspPostInit  tim.o
    0x08002dfc   0x08002dfc   0x00000002   Code   RO          793    i.HAL_TIM_OC_DelayElapsedCallback  stm32f4xx_hal_tim.o
    0x08002dfe   0x08002dfe   0x00000104   Code   RO          814    i.HAL_TIM_PWM_ConfigChannel  stm32f4xx_hal_tim.o
    0x08002f02   0x08002f02   0x00000066   Code   RO          817    i.HAL_TIM_PWM_Init  stm32f4xx_hal_tim.o
    0x08002f68   0x08002f68   0x00000002   Code   RO          819    i.HAL_TIM_PWM_MspInit  stm32f4xx_hal_tim.o
    0x08002f6a   0x08002f6a   0x00000002   Code   RO          820    i.HAL_TIM_PWM_PulseFinishedCallback  stm32f4xx_hal_tim.o
    0x08002f6c   0x08002f6c   0x0000010c   Code   RO          822    i.HAL_TIM_PWM_Start  stm32f4xx_hal_tim.o
    0x08003078   0x08003078   0x00000018   Code   RO           14    i.HAL_TIM_PeriodElapsedCallback  main.o
    0x08003090   0x08003090   0x00000002   Code   RO          833    i.HAL_TIM_TriggerCallback  stm32f4xx_hal_tim.o
    0x08003092   0x08003092   0x00000004   Code   RO          583    i.HardFault_Handler  stm32f4xx_it.o
    0x08003096   0x08003096   0x0000003e   Code   RO         3257    i.I2C_IsAcknowledgeFailed  stm32f4xx_hal_i2c.o
    0x080030d4   0x080030d4   0x000000c0   Code   RO         3261    i.I2C_MasterRequestWrite  stm32f4xx_hal_i2c.o
    0x08003194   0x08003194   0x00000066   Code   RO         3277    i.I2C_WaitOnBTFFlagUntilTimeout  stm32f4xx_hal_i2c.o
    0x080031fa   0x080031fa   0x000000be   Code   RO         3278    i.I2C_WaitOnFlagUntilTimeout  stm32f4xx_hal_i2c.o
    0x080032b8   0x080032b8   0x000000fa   Code   RO         3279    i.I2C_WaitOnMasterAddressFlagUntilTimeout  stm32f4xx_hal_i2c.o
    0x080033b2   0x080033b2   0x00000066   Code   RO         3283    i.I2C_WaitOnTXEFlagUntilTimeout  stm32f4xx_hal_i2c.o
    0x08003418   0x08003418   0x00000028   Code   RO         6572    i.InputTask         game1.o
    0x08003440   0x08003440   0x0000018c   Code   RO         6266    i.Joystick_Analysis  driver_key.o
    0x080035cc   0x080035cc   0x00000068   Code   RO         6149    i.LCD_Clear         lcd.o
    0x08003634   0x08003634   0x0000001e   Code   RO         6003    i.LCD_DrawFillRectangle  gui.o
    0x08003652   0x08003652   0x00000002   PAD
    0x08003654   0x08003654   0x0000001c   Code   RO         6150    i.LCD_DrawPoint     lcd.o
    0x08003670   0x08003670   0x00000074   Code   RO         6006    i.LCD_Fill          gui.o
    0x080036e4   0x080036e4   0x00000008   Code   RO         6151    i.LCD_GPIOInit      lcd.o
    0x080036ec   0x080036ec   0x000001c4   Code   RO         6152    i.LCD_Init          lcd.o
    0x080038b0   0x080038b0   0x0000002c   Code   RO         6153    i.LCD_RESET         lcd.o
    0x080038dc   0x080038dc   0x00000014   Code   RO         6154    i.LCD_SetCursor     lcd.o
    0x080038f0   0x080038f0   0x00000058   Code   RO         6155    i.LCD_SetWindows    lcd.o
    0x08003948   0x08003948   0x00000124   Code   RO         6008    i.LCD_ShowChar      gui.o
    0x08003a6c   0x08003a6c   0x000000a4   Code   RO         6009    i.LCD_ShowNum       gui.o
    0x08003b10   0x08003b10   0x00000060   Code   RO         6010    i.LCD_ShowString    gui.o
    0x08003b70   0x08003b70   0x00000064   Code   RO         6641    i.LCD_ShowString222  menu.o
    0x08003bd4   0x08003bd4   0x00000038   Code   RO         6156    i.LCD_WR_DATA       lcd.o
    0x08003c0c   0x08003c0c   0x00000038   Code   RO         6157    i.LCD_WR_REG        lcd.o
    0x08003c44   0x08003c44   0x00000010   Code   RO         6158    i.LCD_WriteRAM_Prepare  lcd.o
    0x08003c54   0x08003c54   0x00000014   Code   RO         6159    i.LCD_WriteReg      lcd.o
    0x08003c68   0x08003c68   0x0000008c   Code   RO         6160    i.LCD_direction     lcd.o
    0x08003cf4   0x08003cf4   0x00000022   Code   RO         6161    i.Lcd_WriteData_16Bit  lcd.o
    0x08003d16   0x08003d16   0x00000002   PAD
    0x08003d18   0x08003d18   0x00000030   Code   RO         6385    i.MPU6050_Callback  driver_mpu6050.o
    0x08003d48   0x08003d48   0x00000064   Code   RO         6387    i.MPU6050_Init      driver_mpu6050.o
    0x08003dac   0x08003dac   0x00000028   Code   RO         6393    i.MPU6050_WriteRegister  driver_mpu6050.o
    0x08003dd4   0x08003dd4   0x000000b4   Code   RO          369    i.MX_ADC1_Init      adc.o
    0x08003e88   0x08003e88   0x00000048   Code   RO          409    i.MX_DMA_Init       dma.o
    0x08003ed0   0x08003ed0   0x00000070   Code   RO          310    i.MX_FREERTOS_Init  freertos.o
    0x08003f40   0x08003f40   0x000001c8   Code   RO          285    i.MX_GPIO_Init      gpio.o
    0x08004108   0x08004108   0x0000003c   Code   RO          435    i.MX_I2C2_Init      i2c.o
    0x08004144   0x08004144   0x00000044   Code   RO          477    i.MX_SPI1_Init      spi.o
    0x08004188   0x08004188   0x00000044   Code   RO          478    i.MX_SPI3_Init      spi.o
    0x080041cc   0x080041cc   0x0000008c   Code   RO          526    i.MX_TIM12_Init     tim.o
    0x08004258   0x08004258   0x0000006c   Code   RO          527    i.MX_TIM4_Init      tim.o
    0x080042c4   0x080042c4   0x00000174   Code   RO         6573    i.Map_Init          game1.o
    0x08004438   0x08004438   0x00000004   Code   RO          584    i.MemManage_Handler  stm32f4xx_it.o
    0x0800443c   0x0800443c   0x00000004   Code   RO          585    i.NMI_Handler       stm32f4xx_it.o
    0x08004440   0x08004440   0x000005c4   Code   RO         6574    i.Point_Calculate   game1.o
    0x08004a04   0x08004a04   0x0000009c   Code   RO         6575    i.ProcessJoystickData  game1.o
    0x08004aa0   0x08004aa0   0x00000018   Code   RO         6320    i.RotaryEncoder_Get_S1  driver_rotary_encoder.o
    0x08004ab8   0x08004ab8   0x00000018   Code   RO         6321    i.RotaryEncoder_Get_S2  driver_rotary_encoder.o
    0x08004ad0   0x08004ad0   0x000000b8   Code   RO         6322    i.RotaryEncoder_IRQ_Callback  driver_rotary_encoder.o
    0x08004b88   0x08004b88   0x00000024   Code   RO         6323    i.RotaryEncoder_Init  driver_rotary_encoder.o
    0x08004bac   0x08004bac   0x00000010   Code   RO          586    i.SPI1_IRQHandler   stm32f4xx_it.o
    0x08004bbc   0x08004bbc   0x00000014   Code   RO         3735    i.SPI_DMAAbortOnError  stm32f4xx_hal_spi.o
    0x08004bd0   0x08004bd0   0x00000094   Code   RO         3745    i.SPI_EndRxTransaction  stm32f4xx_hal_spi.o
    0x08004c64   0x08004c64   0x00000088   Code   RO         3746    i.SPI_EndRxTxTransaction  stm32f4xx_hal_spi.o
    0x08004cec   0x08004cec   0x000000d8   Code   RO         3751    i.SPI_WaitFlagStateUntilTimeout  stm32f4xx_hal_spi.o
    0x08004dc4   0x08004dc4   0x00000018   Code   RO         6162    i.SPI_WriteByte     lcd.o
    0x08004ddc   0x08004ddc   0x00000004   Code   RO          312    i.StartDefaultTask  freertos.o
    0x08004de0   0x08004de0   0x00000016   Code   RO         5229    i.SysTick_Handler   cmsis_os2.o
    0x08004df6   0x08004df6   0x00000002   PAD
    0x08004df8   0x08004df8   0x000000b4   Code   RO           15    i.SystemClock_Config  main.o
    0x08004eac   0x08004eac   0x00000014   Code   RO         4020    i.SystemInit        system_stm32f4xx.o
    0x08004ec0   0x08004ec0   0x00000010   Code   RO          587    i.TIM4_IRQHandler   stm32f4xx_it.o
    0x08004ed0   0x08004ed0   0x00000010   Code   RO          588    i.TIM8_TRG_COM_TIM14_IRQHandler  stm32f4xx_it.o
    0x08004ee0   0x08004ee0   0x000000e8   Code   RO          835    i.TIM_Base_SetConfig  stm32f4xx_hal_tim.o
    0x08004fc8   0x08004fc8   0x00000022   Code   RO          836    i.TIM_CCxChannelCmd  stm32f4xx_hal_tim.o
    0x08004fea   0x08004fea   0x00000016   Code   RO          846    i.TIM_ETR_SetConfig  stm32f4xx_hal_tim.o
    0x08005000   0x08005000   0x00000012   Code   RO          847    i.TIM_ITRx_SetConfig  stm32f4xx_hal_tim.o
    0x08005012   0x08005012   0x00000002   PAD
    0x08005014   0x08005014   0x00000070   Code   RO          848    i.TIM_OC1_SetConfig  stm32f4xx_hal_tim.o
    0x08005084   0x08005084   0x0000007c   Code   RO          849    i.TIM_OC2_SetConfig  stm32f4xx_hal_tim.o
    0x08005100   0x08005100   0x00000078   Code   RO          850    i.TIM_OC3_SetConfig  stm32f4xx_hal_tim.o
    0x08005178   0x08005178   0x00000054   Code   RO          851    i.TIM_OC4_SetConfig  stm32f4xx_hal_tim.o
    0x080051cc   0x080051cc   0x00000026   Code   RO          853    i.TIM_TI1_ConfigInputStage  stm32f4xx_hal_tim.o
    0x080051f2   0x080051f2   0x00000028   Code   RO          855    i.TIM_TI2_ConfigInputStage  stm32f4xx_hal_tim.o
    0x0800521a   0x0800521a   0x00000004   Code   RO          589    i.UsageFault_Handler  stm32f4xx_it.o
    0x0800521e   0x0800521e   0x00000002   PAD
    0x08005220   0x08005220   0x00000014   Code   RO         6487    i.W25Q64_Deselect   driver_spiflash_w25q64.o
    0x08005234   0x08005234   0x0000008a   Code   RO         6488    i.W25Q64_Erase      driver_spiflash_w25q64.o
    0x080052be   0x080052be   0x00000060   Code   RO         6490    i.W25Q64_Read       driver_spiflash_w25q64.o
    0x0800531e   0x0800531e   0x00000002   PAD
    0x08005320   0x08005320   0x00000028   Code   RO         6491    i.W25Q64_Rx         driver_spiflash_w25q64.o
    0x08005348   0x08005348   0x00000014   Code   RO         6492    i.W25Q64_Select     driver_spiflash_w25q64.o
    0x0800535c   0x0800535c   0x00000028   Code   RO         6494    i.W25Q64_Tx         driver_spiflash_w25q64.o
    0x08005384   0x08005384   0x0000002c   Code   RO         6495    i.W25Q64_TxRx       driver_spiflash_w25q64.o
    0x080053b0   0x080053b0   0x0000005a   Code   RO         6496    i.W25Q64_WaitReady  driver_spiflash_w25q64.o
    0x0800540a   0x0800540a   0x000000c2   Code   RO         6497    i.W25Q64_Write      driver_spiflash_w25q64.o
    0x080054cc   0x080054cc   0x00000020   Code   RO         6498    i.W25Q64_WriteEnable  driver_spiflash_w25q64.o
    0x080054ec   0x080054ec   0x00000010   Code   RO         2807    i.__NVIC_GetPriorityGrouping  stm32f4xx_hal_cortex.o
    0x080054fc   0x080054fc   0x00000028   Code   RO         2808    i.__NVIC_SetPriority  stm32f4xx_hal_cortex.o
    0x08005524   0x08005524   0x00000006   Code   RO         5231    i.__get_IPSR        cmsis_os2.o
    0x0800552a   0x0800552a   0x0000000e   Code   RO         6822    i.__scatterload_copy  mc_w.l(handlers.o)
    0x08005538   0x08005538   0x00000002   Code   RO         6823    i.__scatterload_null  mc_w.l(handlers.o)
    0x0800553a   0x0800553a   0x0000000e   Code   RO         6824    i.__scatterload_zeroinit  mc_w.l(handlers.o)
    0x08005548   0x08005548   0x00000074   Code   RO         6642    i.data_menu         menu.o
    0x080055bc   0x080055bc   0x000003ac   Code   RO         6576    i.game1_draw        game1.o
    0x08005968   0x08005968   0x00000124   Code   RO         6577    i.game1_task        game1.o
    0x08005a8c   0x08005a8c   0x0000004c   Code   RO         6267    i.key_read          driver_key.o
    0x08005ad8   0x08005ad8   0x00000478   Code   RO         6644    i.level_menu        menu.o
    0x08005f50   0x08005f50   0x00000038   Code   RO           16    i.main              main.o
    0x08005f88   0x08005f88   0x0000016c   Code   RO         6645    i.main_menu         menu.o
    0x080060f4   0x080060f4   0x00000018   Code   RO         5892    i.mdelay            driver_timer.o
    0x0800610c   0x0800610c   0x00000030   Code   RO         6646    i.menu_task         menu.o
    0x0800613c   0x0800613c   0x00000016   Code   RO         6015    i.mypow             gui.o
    0x08006152   0x08006152   0x00000002   PAD
    0x08006154   0x08006154   0x0000002c   Code   RO         5246    i.osKernelInitialize  cmsis_os2.o
    0x08006180   0x08006180   0x00000060   Code   RO         5249    i.osKernelStart     cmsis_os2.o
    0x080061e0   0x080061e0   0x000000b8   Code   RO         5291    i.osThreadNew       cmsis_os2.o
    0x08006298   0x08006298   0x0000007c   Code   RO         4669    i.prvAddCurrentTaskToDelayedList  tasks.o
    0x08006314   0x08006314   0x000000b8   Code   RO         4670    i.prvAddNewTaskToReadyList  tasks.o
    0x080063cc   0x080063cc   0x00000074   Code   RO         5045    i.prvCheckForValidListAndQueue  timers.o
    0x08006440   0x08006440   0x00000048   Code   RO         4671    i.prvCheckTasksWaitingTermination  tasks.o
    0x08006488   0x08006488   0x0000002a   Code   RO         4221    i.prvCopyDataFromQueue  queue.o
    0x080064b2   0x080064b2   0x0000007e   Code   RO         4222    i.prvCopyDataToQueue  queue.o
    0x08006530   0x08006530   0x00000050   Code   RO         4672    i.prvDeleteTCB      tasks.o
    0x08006580   0x08006580   0x00000028   Code   RO         5046    i.prvGetNextExpireTime  timers.o
    0x080065a8   0x080065a8   0x0000007c   Code   RO         5756    i.prvHeapInit       heap_4.o
    0x08006624   0x08006624   0x00000028   Code   RO         4673    i.prvIdleTask       tasks.o
    0x0800664c   0x0800664c   0x0000001e   Code   RO         4224    i.prvInitialiseMutex  queue.o
    0x0800666a   0x0800666a   0x0000002e   Code   RO         4225    i.prvInitialiseNewQueue  queue.o
    0x08006698   0x08006698   0x000000be   Code   RO         4674    i.prvInitialiseNewTask  tasks.o
    0x08006756   0x08006756   0x00000002   PAD
    0x08006758   0x08006758   0x00000068   Code   RO         4675    i.prvInitialiseTaskLists  tasks.o
    0x080067c0   0x080067c0   0x00000068   Code   RO         5757    i.prvInsertBlockIntoFreeList  heap_4.o
    0x08006828   0x08006828   0x00000058   Code   RO         5048    i.prvInsertTimerInActiveList  timers.o
    0x08006880   0x08006880   0x0000001a   Code   RO         4226    i.prvIsQueueEmpty   queue.o
    0x0800689a   0x0800689a   0x0000001e   Code   RO         4227    i.prvIsQueueFull    queue.o
    0x080068b8   0x080068b8   0x0000008a   Code   RO         4228    i.prvNotifyQueueSetContainer  queue.o
    0x08006942   0x08006942   0x00000002   PAD
    0x08006944   0x08006944   0x00000074   Code   RO         5049    i.prvProcessExpiredTimer  timers.o
    0x080069b8   0x080069b8   0x00000164   Code   RO         5050    i.prvProcessReceivedCommands  timers.o
    0x08006b1c   0x08006b1c   0x00000074   Code   RO         5051    i.prvProcessTimerOrBlockTask  timers.o
    0x08006b90   0x08006b90   0x00000034   Code   RO         4677    i.prvResetNextTaskUnblockTime  tasks.o
    0x08006bc4   0x08006bc4   0x0000002c   Code   RO         5052    i.prvSampleTimeNow  timers.o
    0x08006bf0   0x08006bf0   0x000000a4   Code   RO         5053    i.prvSwitchTimerLists  timers.o
    0x08006c94   0x08006c94   0x00000040   Code   RO         5812    i.prvTaskExitError  port.o
    0x08006cd4   0x08006cd4   0x0000001a   Code   RO         5054    i.prvTimerTask      timers.o
    0x08006cee   0x08006cee   0x00000090   Code   RO         4229    i.prvUnlockQueue    queue.o
    0x08006d7e   0x08006d7e   0x00000002   PAD
    0x08006d80   0x08006d80   0x0000014c   Code   RO         5758    i.pvPortMalloc      heap_4.o
    0x08006ecc   0x08006ecc   0x0000002c   Code   RO         5813    i.pxPortInitialiseStack  port.o
    0x08006ef8   0x08006ef8   0x00000078   Code   RO         5895    i.system_get_s      driver_timer.o
    0x08006f70   0x08006f70   0x00000068   Code   RO         5896    i.system_get_us     driver_timer.o
    0x08006fd8   0x08006fd8   0x00000048   Code   RO         5897    i.udelay            driver_timer.o
    0x08007020   0x08007020   0x00000028   Code   RO         4181    i.uxListRemove      list.o
    0x08007048   0x08007048   0x00000018   Code   RO         5303    i.vApplicationGetIdleTaskMemory  cmsis_os2.o
    0x08007060   0x08007060   0x00000018   Code   RO         5304    i.vApplicationGetTimerTaskMemory  cmsis_os2.o
    0x08007078   0x08007078   0x00000010   Code   RO         4066    i.vEventGroupSetBitsCallback  event_groups.o
    0x08007088   0x08007088   0x0000001a   Code   RO         4182    i.vListInitialise   list.o
    0x080070a2   0x080070a2   0x00000006   Code   RO         4183    i.vListInitialiseItem  list.o
    0x080070a8   0x080070a8   0x00000034   Code   RO         4184    i.vListInsert       list.o
    0x080070dc   0x080070dc   0x00000018   Code   RO         4185    i.vListInsertEnd    list.o
    0x080070f4   0x080070f4   0x00000054   Code   RO         5815    i.vPortEnterCritical  port.o
    0x08007148   0x08007148   0x0000003c   Code   RO         5816    i.vPortExitCritical  port.o
    0x08007184   0x08007184   0x000000a4   Code   RO         5759    i.vPortFree         heap_4.o
    0x08007228   0x08007228   0x00000028   Code   RO         5817    i.vPortSetupTimerInterrupt  port.o
    0x08007250   0x08007250   0x00000078   Code   RO         5818    i.vPortValidateInterruptPriority  port.o
    0x080072c8   0x080072c8   0x0000002c   Code   RO         4235    i.vQueueAddToRegistry  queue.o
    0x080072f4   0x080072f4   0x0000004a   Code   RO         4239    i.vQueueWaitForMessageRestricted  queue.o
    0x0800733e   0x0800733e   0x00000002   PAD
    0x08007340   0x08007340   0x000000c8   Code   RO         4692    i.vTaskDelete       tasks.o
    0x08007408   0x08007408   0x00000018   Code   RO         4695    i.vTaskInternalSetTimeOutState  tasks.o
    0x08007420   0x08007420   0x0000000c   Code   RO         4696    i.vTaskMissedYield  tasks.o
    0x0800742c   0x0800742c   0x00000038   Code   RO         4698    i.vTaskPlaceOnEventList  tasks.o
    0x08007464   0x08007464   0x00000040   Code   RO         4699    i.vTaskPlaceOnEventListRestricted  tasks.o
    0x080074a4   0x080074a4   0x000000a0   Code   RO         4703    i.vTaskRemoveFromUnorderedEventList  tasks.o
    0x08007544   0x08007544   0x000000b8   Code   RO         4707    i.vTaskStartScheduler  tasks.o
    0x080075fc   0x080075fc   0x00000010   Code   RO         4709    i.vTaskSuspendAll   tasks.o
    0x0800760c   0x0800760c   0x00000090   Code   RO         4710    i.vTaskSwitchContext  tasks.o
    0x0800769c   0x0800769c   0x00000192   Code   RO         6578    i.write_point_save  game1.o
    0x0800782e   0x0800782e   0x0000001e   Code   RO         4070    i.xEventGroupCreate  event_groups.o
    0x0800784c   0x0800784c   0x000000ce   Code   RO         4073    i.xEventGroupSetBits  event_groups.o
    0x0800791a   0x0800791a   0x00000002   PAD
    0x0800791c   0x0800791c   0x00000024   Code   RO         4074    i.xEventGroupSetBitsFromISR  event_groups.o
    0x08007940   0x08007940   0x00000168   Code   RO         5819    i.xPortStartScheduler  port.o
    0x08007aa8   0x08007aa8   0x00000034   Code   RO         5820    i.xPortSysTickHandler  port.o
    0x08007adc   0x08007adc   0x00000026   Code   RO         4240    i.xQueueAddToSet    queue.o
    0x08007b02   0x08007b02   0x00000022   Code   RO         4243    i.xQueueCreateMutex  queue.o
    0x08007b24   0x08007b24   0x00000014   Code   RO         4245    i.xQueueCreateSet   queue.o
    0x08007b38   0x08007b38   0x0000005a   Code   RO         4246    i.xQueueGenericCreate  queue.o
    0x08007b92   0x08007b92   0x000000e0   Code   RO         4247    i.xQueueGenericCreateStatic  queue.o
    0x08007c72   0x08007c72   0x00000002   PAD
    0x08007c74   0x08007c74   0x00000098   Code   RO         4248    i.xQueueGenericReset  queue.o
    0x08007d0c   0x08007d0c   0x000001d8   Code   RO         4249    i.xQueueGenericSend  queue.o
    0x08007ee4   0x08007ee4   0x00000112   Code   RO         4250    i.xQueueGenericSendFromISR  queue.o
    0x08007ff6   0x08007ff6   0x00000002   PAD
    0x08007ff8   0x08007ff8   0x00000168   Code   RO         4259    i.xQueueReceive     queue.o
    0x08008160   0x08008160   0x00000018   Code   RO         4262    i.xQueueSelectFromSet  queue.o
    0x08008178   0x08008178   0x0000008c   Code   RO         4712    i.xTaskCheckForTimeOut  tasks.o
    0x08008204   0x08008204   0x00000064   Code   RO         4713    i.xTaskCreate       tasks.o
    0x08008268   0x08008268   0x000000ba   Code   RO         4714    i.xTaskCreateStatic  tasks.o
    0x08008322   0x08008322   0x00000002   PAD
    0x08008324   0x08008324   0x00000020   Code   RO         4718    i.xTaskGetSchedulerState  tasks.o
    0x08008344   0x08008344   0x0000000c   Code   RO         4719    i.xTaskGetTickCount  tasks.o
    0x08008350   0x08008350   0x00000144   Code   RO         4721    i.xTaskIncrementTick  tasks.o
    0x08008494   0x08008494   0x000000a4   Code   RO         4724    i.xTaskPriorityDisinherit  tasks.o
    0x08008538   0x08008538   0x00000098   Code   RO         4726    i.xTaskRemoveFromEventList  tasks.o
    0x080085d0   0x080085d0   0x00000104   Code   RO         4727    i.xTaskResumeAll    tasks.o
    0x080086d4   0x080086d4   0x00000078   Code   RO         5063    i.xTimerCreateTimerTask  timers.o
    0x0800874c   0x0800874c   0x00000084   Code   RO         5064    i.xTimerGenericCommand  timers.o
    0x080087d0   0x080087d0   0x00000034   Code   RO         5070    i.xTimerPendFunctionCallFromISR  timers.o
    0x08008804   0x08008804   0x00000024   Data   RO          313    .constdata          freertos.o
    0x08008828   0x08008828   0x00000008   Data   RO         2521    .constdata          stm32f4xx_hal_dma.o
    0x08008830   0x08008830   0x00000018   Data   RO         4021    .constdata          system_stm32f4xx.o
    0x08008848   0x08008848   0x000016ae   Data   RO         6016    .constdata          gui.o
    0x08009ef6   0x08009ef6   0x0004c89c   Data   RO         6579    .constdata          game1.o
    0x08056792   0x08056792   0x00000002   PAD
    0x08056794   0x08056794   0x0000003c   Data   RO         6647    .constdata          menu.o
    0x080567d0   0x080567d0   0x0000000c   Data   RO          314    .conststring        freertos.o
    0x080567dc   0x080567dc   0x00000020   Data   RO         6820    Region$$Table       anon$$obj.o


    Execution Region RW_IRAM1 (Exec base: 0x20000000, Load base: 0x080567fc, Size: 0x00005618, Max: 0x0001c000, ABSOLUTE, COMPRESSED[0x00000054])

    Exec Addr    Load Addr    Size         Type   Attr      Idx    E Section Name        Object

    0x20000000   COMPRESSED   0x00000010   Data   RW          315    .data               freertos.o
    0x20000010   COMPRESSED   0x00000009   Data   RW         2971    .data               stm32f4xx_hal.o
    0x20000019   COMPRESSED   0x00000003   PAD
    0x2000001c   COMPRESSED   0x00000004   Data   RW         4022    .data               system_stm32f4xx.o
    0x20000020   COMPRESSED   0x0000003c   Data   RW         4730    .data               tasks.o
    0x2000005c   COMPRESSED   0x00000014   Data   RW         5072    .data               timers.o
    0x20000070   COMPRESSED   0x00000004   Data   RW         5306    .data               cmsis_os2.o
    0x20000074   COMPRESSED   0x00000020   Data   RW         5765    .data               heap_4.o
    0x20000094   COMPRESSED   0x0000000c   Data   RW         5821    .data               port.o
    0x200000a0   COMPRESSED   0x00000008   Data   RW         6164    .data               lcd.o
    0x200000a8   COMPRESSED   0x00000008   Data   RW         6269    .data               driver_key.o
    0x200000b0   COMPRESSED   0x0000001c   Data   RW         6327    .data               driver_rotary_encoder.o
    0x200000cc   COMPRESSED   0x0000000c   Data   RW         6394    .data               driver_mpu6050.o
    0x200000d8   COMPRESSED   0x00000004   Data   RW         6499    .data               driver_spiflash_w25q64.o
    0x200000dc   COMPRESSED   0x0000001c   Data   RW         6580    .data               game1.o
    0x200000f8   COMPRESSED   0x0000003e   Data   RW         6648    .data               menu.o
    0x20000136   COMPRESSED   0x00000002   PAD
    0x20000138        -       0x000000a8   Zero   RW          370    .bss                adc.o
    0x200001e0        -       0x00000054   Zero   RW          436    .bss                i2c.o
    0x20000234        -       0x00000110   Zero   RW          479    .bss                spi.o
    0x20000344        -       0x00000090   Zero   RW          528    .bss                tim.o
    0x200003d4        -       0x00000048   Zero   RW          704    .bss                stm32f4xx_hal_timebase_tim.o
    0x2000041c        -       0x00000040   Zero   RW         4266    .bss                queue.o
    0x2000045c        -       0x000004c4   Zero   RW         4729    .bss                tasks.o
    0x20000920        -       0x0000011c   Zero   RW         5071    .bss                timers.o
    0x20000a3c        -       0x000006b8   Zero   RW         5305    .bss                cmsis_os2.o
    0x200010f4        -       0x00003c00   Zero   RW         5764    .bss                heap_4.o
    0x20004cf4        -       0x0000000e   Zero   RW         6163    .bss                lcd.o
    0x20004d02   COMPRESSED   0x00000002   PAD
    0x20004d04        -       0x00000070   Zero   RW         6268    .bss                driver_key.o
    0x20004d74        -       0x000000a4   Zero   RW         6326    .bss                driver_rotary_encoder.o
    0x20004e18        -       0x00000800   Zero   RW            1    STACK               startup_stm32f407xx.o


    Execution Region RW_IRAM2 (Exec base: 0x2001c000, Load base: 0x08056850, Size: 0x00000000, Max: 0x00004000, ABSOLUTE)

    **** No section assigned to this execution region ****


==============================================================================

Image component sizes


      Code (inc. data)   RO Data    RW Data    ZI Data      Debug   Object Name

       376         32          0          0        168       1847   adc.o
       400         38          0          4       1720      61505   cmsis_os2.o
        72          4          0          0          0        762   dma.o
        32          0          0          0          0        557   driver_irq.o
       544         44          0          8        112       4077   driver_key.o
       188         20          0         12          0       3042   driver_mpu6050.o
       268         42          0         28        164       3683   driver_rotary_encoder.o
       714         28          0          4          0       7504   driver_spiflash_w25q64.o
       320         12          0          0          0       3830   driver_timer.o
       288          6          0          0          0      24270   event_groups.o
       116         40         48         16          0       1852   freertos.o
      3678        190     313500         28          0       8940   game1.o
       456         26          0          0          0       1175   gpio.o
       824         30       5806          0          0       6635   gui.o
       724         74          0         32      15360       4851   heap_4.o
       196         24          0          0         84       1641   i2c.o
      1090         54          0          8         14      10060   lcd.o
       148          0          0          0          0       3550   list.o
       266         14          0          0          0     743608   main.o
      1772        138         60         62          0       4435   menu.o
      1014         92          0         12          0      11641   port.o
      2388         22          0          0         64      22843   queue.o
       476         50          0          0        272       2399   spi.o
        36          8        392          0       2048        832   startup_stm32f407xx.o
        96         20          0          9          0       8054   stm32f4xx_hal.o
      1458         66          0          0          0       6754   stm32f4xx_hal_adc.o
       260         22          0          0          0      33542   stm32f4xx_hal_cortex.o
      1264         16          8          0          0       6166   stm32f4xx_hal_dma.o
       556         50          0          0          0       3398   stm32f4xx_hal_gpio.o
      1730         32          0          0          0       8281   stm32f4xx_hal_i2c.o
        84          6          0          0          0        850   stm32f4xx_hal_msp.o
      1856         84          0          0          0       5650   stm32f4xx_hal_rcc.o
      2486         20          0          0          0       9999   stm32f4xx_hal_spi.o
      2366        142          0          0          0      16468   stm32f4xx_hal_tim.o
       184         30          0          0          0       2509   stm32f4xx_hal_tim_ex.o
       180         20          0          0         72       1460   stm32f4xx_hal_timebase_tim.o
       124         30          0          0          0       6267   stm32f4xx_it.o
         0          0          0          0          0        416   stream_buffer.o
        20          6         24          4          0       1115   system_stm32f4xx.o
      3076        388          0         60       1220      28351   tasks.o
       464         44          0          0        144       3051   tim.o
      1370        128          0         20        284      31199   timers.o

    ----------------------------------------------------------------------
     34000       2092     319872        312      21728    1109069   Object Totals
         0          0         32          0          0          0   (incl. Generated)
        40          0          2          5          2          0   (incl. Padding)

    ----------------------------------------------------------------------

      Code (inc. data)   RO Data    RW Data    ZI Data      Debug   Library Member Name

        86          0          0          0          0          0   __dczerorl2.o
         0          0          0          0          0          0   entry.o
         0          0          0          0          0          0   entry10a.o
         0          0          0          0          0          0   entry11a.o
         4          0          0          0          0          0   entry12b.o
         8          4          0          0          0          0   entry2.o
         4          0          0          0          0          0   entry5.o
         0          0          0          0          0          0   entry7b.o
         0          0          0          0          0          0   entry8b.o
         8          4          0          0          0          0   entry9a.o
        30          0          0          0          0          0   handlers.o
        36          8          0          0          0         68   init.o
        30          0          0          0          0         68   llshl.o
        32          0          0          0          0         68   llushr.o
        36          0          0          0          0         68   memcpya.o
        36          0          0          0          0        108   memseta.o
        18          0          0          0          0         68   strcpy.o
        98          0          0          0          0         92   uldiv.o

    ----------------------------------------------------------------------
       428         16          0          0          0        540   Library Totals
         2          0          0          0          0          0   (incl. Padding)

    ----------------------------------------------------------------------

      Code (inc. data)   RO Data    RW Data    ZI Data      Debug   Library Name

       426         16          0          0          0        540   mc_w.l

    ----------------------------------------------------------------------
       428         16          0          0          0        540   Library Totals

    ----------------------------------------------------------------------

==============================================================================


      Code (inc. data)   RO Data    RW Data    ZI Data      Debug   

     34428       2108     319872        312      21728    1084385   Grand Totals
     34428       2108     319872         84      21728    1084385   ELF Image Totals (compressed)
     34428       2108     319872         84          0          0   ROM Totals

==============================================================================

    Total RO  Size (Code + RO Data)               354300 ( 346.00kB)
    Total RW  Size (RW Data + ZI Data)             22040 (  21.52kB)
    Total ROM Size (Code + RO Data + RW Data)     354384 ( 346.08kB)

==============================================================================

