Component: ARM Compiler 5.06 update 7 (build 960) Tool: armlink [4d3601]

==============================================================================

Section Cross References

    startup_stm32f407xx.o(RESET) refers to startup_stm32f407xx.o(STACK) for __initial_sp
    startup_stm32f407xx.o(RESET) refers to startup_stm32f407xx.o(.text) for Reset_Handler
    startup_stm32f407xx.o(RESET) refers to stm32f4xx_it.o(i.NMI_Handler) for NMI_Handler
    startup_stm32f407xx.o(RESET) refers to stm32f4xx_it.o(i.HardFault_Handler) for HardFault_Handler
    startup_stm32f407xx.o(RESET) refers to stm32f4xx_it.o(i.MemManage_Handler) for MemManage_Handler
    startup_stm32f407xx.o(RESET) refers to stm32f4xx_it.o(i.BusFault_Handler) for BusFault_Handler
    startup_stm32f407xx.o(RESET) refers to stm32f4xx_it.o(i.UsageFault_Handler) for UsageFault_Handler
    startup_stm32f407xx.o(RESET) refers to port.o(.emb_text) for SVC_Handler
    startup_stm32f407xx.o(RESET) refers to stm32f4xx_it.o(i.DebugMon_Handler) for DebugMon_Handler
    startup_stm32f407xx.o(RESET) refers to cmsis_os2.o(i.SysTick_Handler) for SysTick_Handler
    startup_stm32f407xx.o(RESET) refers to stm32f4xx_it.o(i.EXTI4_IRQHandler) for EXTI4_IRQHandler
    startup_stm32f407xx.o(RESET) refers to stm32f4xx_it.o(i.TIM4_IRQHandler) for TIM4_IRQHandler
    startup_stm32f407xx.o(RESET) refers to stm32f4xx_it.o(i.SPI1_IRQHandler) for SPI1_IRQHandler
    startup_stm32f407xx.o(RESET) refers to stm32f4xx_it.o(i.EXTI15_10_IRQHandler) for EXTI15_10_IRQHandler
    startup_stm32f407xx.o(RESET) refers to stm32f4xx_it.o(i.TIM8_TRG_COM_TIM14_IRQHandler) for TIM8_TRG_COM_TIM14_IRQHandler
    startup_stm32f407xx.o(RESET) refers to stm32f4xx_it.o(i.DMA2_Stream0_IRQHandler) for DMA2_Stream0_IRQHandler
    startup_stm32f407xx.o(RESET) refers to stm32f4xx_it.o(i.DMA2_Stream3_IRQHandler) for DMA2_Stream3_IRQHandler
    startup_stm32f407xx.o(.text) refers to system_stm32f4xx.o(i.SystemInit) for SystemInit
    startup_stm32f407xx.o(.text) refers to entry.o(.ARM.Collect$$$$00000000) for __main
    main.o(i.HAL_TIM_PeriodElapsedCallback) refers to stm32f4xx_hal.o(i.HAL_IncTick) for HAL_IncTick
    main.o(i.SystemClock_Config) refers to memseta.o(.text) for __aeabi_memclr4
    main.o(i.SystemClock_Config) refers to stm32f4xx_hal_rcc.o(i.HAL_RCC_OscConfig) for HAL_RCC_OscConfig
    main.o(i.SystemClock_Config) refers to main.o(i.Error_Handler) for Error_Handler
    main.o(i.SystemClock_Config) refers to stm32f4xx_hal_rcc.o(i.HAL_RCC_ClockConfig) for HAL_RCC_ClockConfig
    main.o(i.main) refers to stm32f4xx_hal.o(i.HAL_Init) for HAL_Init
    main.o(i.main) refers to main.o(i.SystemClock_Config) for SystemClock_Config
    main.o(i.main) refers to gpio.o(i.MX_GPIO_Init) for MX_GPIO_Init
    main.o(i.main) refers to dma.o(i.MX_DMA_Init) for MX_DMA_Init
    main.o(i.main) refers to spi.o(i.MX_SPI1_Init) for MX_SPI1_Init
    main.o(i.main) refers to tim.o(i.MX_TIM4_Init) for MX_TIM4_Init
    main.o(i.main) refers to adc.o(i.MX_ADC1_Init) for MX_ADC1_Init
    main.o(i.main) refers to i2c.o(i.MX_I2C2_Init) for MX_I2C2_Init
    main.o(i.main) refers to cmsis_os2.o(i.osKernelInitialize) for osKernelInitialize
    main.o(i.main) refers to freertos.o(i.MX_FREERTOS_Init) for MX_FREERTOS_Init
    main.o(i.main) refers to cmsis_os2.o(i.osKernelStart) for osKernelStart
    gpio.o(i.MX_GPIO_Init) refers to memseta.o(.text) for __aeabi_memclr4
    gpio.o(i.MX_GPIO_Init) refers to stm32f4xx_hal_gpio.o(i.HAL_GPIO_WritePin) for HAL_GPIO_WritePin
    gpio.o(i.MX_GPIO_Init) refers to stm32f4xx_hal_gpio.o(i.HAL_GPIO_Init) for HAL_GPIO_Init
    gpio.o(i.MX_GPIO_Init) refers to stm32f4xx_hal_cortex.o(i.HAL_NVIC_SetPriority) for HAL_NVIC_SetPriority
    gpio.o(i.MX_GPIO_Init) refers to stm32f4xx_hal_cortex.o(i.HAL_NVIC_EnableIRQ) for HAL_NVIC_EnableIRQ
    freertos.o(i.GetI2C) refers to queue.o(i.xQueueSemaphoreTake) for xQueueSemaphoreTake
    freertos.o(i.GetI2C) refers to freertos.o(.data) for g_xI2CMutex
    freertos.o(i.MX_FREERTOS_Init) refers to queue.o(i.xQueueCreateMutex) for xQueueCreateMutex
    freertos.o(i.MX_FREERTOS_Init) refers to lcd.o(i.LCD_Init) for LCD_Init
    freertos.o(i.MX_FREERTOS_Init) refers to driver_key.o(i.ADC_Start) for ADC_Start
    freertos.o(i.MX_FREERTOS_Init) refers to driver_rotary_encoder.o(i.RotaryEncoder_Init) for RotaryEncoder_Init
    freertos.o(i.MX_FREERTOS_Init) refers to driver_mpu6050.o(i.MPU6050_Init) for MPU6050_Init
    freertos.o(i.MX_FREERTOS_Init) refers to cmsis_os2.o(i.osThreadNew) for osThreadNew
    freertos.o(i.MX_FREERTOS_Init) refers to tasks.o(i.xTaskCreate) for xTaskCreate
    freertos.o(i.MX_FREERTOS_Init) refers to freertos.o(.data) for g_xI2CMutex
    freertos.o(i.MX_FREERTOS_Init) refers to freertos.o(.constdata) for defaultTask_attributes
    freertos.o(i.MX_FREERTOS_Init) refers to freertos.o(i.StartDefaultTask) for StartDefaultTask
    freertos.o(i.MX_FREERTOS_Init) refers to game1.o(i.game1_task) for game1_task
[...]
    i.sqrt                                   0x08005f7c   Section        0  sqrt.o(i.sqrt)
    i.system_get_us                          0x08005fec   Section        0  driver_timer.o(i.system_get_us)
    i.udelay                                 0x08006054   Section        0  driver_timer.o(i.udelay)
    i.uxListRemove                           0x0800609c   Section        0  list.o(i.uxListRemove)
    i.vApplicationGetIdleTaskMemory          0x080060c4   Section        0  cmsis_os2.o(i.vApplicationGetIdleTaskMemory)
    i.vApplicationGetTimerTaskMemory         0x080060dc   Section        0  cmsis_os2.o(i.vApplicationGetTimerTaskMemory)
    i.vEventGroupSetBitsCallback             0x080060f4   Section        0  event_groups.o(i.vEventGroupSetBitsCallback)
    i.vListInitialise                        0x08006104   Section        0  list.o(i.vListInitialise)
    i.vListInitialiseItem                    0x0800611e   Section        0  list.o(i.vListInitialiseItem)
    i.vListInsert                            0x08006124   Section        0  list.o(i.vListInsert)
    i.vListInsertEnd                         0x08006158   Section        0  list.o(i.vListInsertEnd)
    i.vPortEnterCritical                     0x08006170   Section        0  port.o(i.vPortEnterCritical)
    i.vPortExitCritical                      0x080061c4   Section        0  port.o(i.vPortExitCritical)
    i.vPortFree                              0x08006200   Section        0  heap_4.o(i.vPortFree)
    i.vPortSetupTimerInterrupt               0x080062a4   Section        0  port.o(i.vPortSetupTimerInterrupt)
    i.vPortValidateInterruptPriority         0x080062cc   Section        0  port.o(i.vPortValidateInterruptPriority)
    i.vQueueAddToRegistry                    0x08006344   Section        0  queue.o(i.vQueueAddToRegistry)
    i.vQueueWaitForMessageRestricted         0x08006370   Section        0  queue.o(i.vQueueWaitForMessageRestricted)
    i.vTaskDelay                             0x080063bc   Section        0  tasks.o(i.vTaskDelay)
    i.vTaskInternalSetTimeOutState           0x08006418   Section        0  tasks.o(i.vTaskInternalSetTimeOutState)
    i.vTaskMissedYield                       0x08006430   Section        0  tasks.o(i.vTaskMissedYield)
    i.vTaskPlaceOnEventList                  0x0800643c   Section        0  tasks.o(i.vTaskPlaceOnEventList)
    i.vTaskPlaceOnEventListRestricted        0x08006474   Section        0  tasks.o(i.vTaskPlaceOnEventListRestricted)
    i.vTaskPriorityDisinheritAfterTimeout    0x080064b4   Section        0  tasks.o(i.vTaskPriorityDisinheritAfterTimeout)
    i.vTaskRemoveFromUnorderedEventList      0x08006584   Section        0  tasks.o(i.vTaskRemoveFromUnorderedEventList)
    i.vTaskStartScheduler                    0x08006624   Section        0  tasks.o(i.vTaskStartScheduler)
    i.vTaskSuspendAll                        0x080066dc   Section        0  tasks.o(i.vTaskSuspendAll)
    i.vTaskSwitchContext                     0x080066ec   Section        0  tasks.o(i.vTaskSwitchContext)
    i.xEventGroupCreate                      0x0800677c   Section        0  event_groups.o(i.xEventGroupCreate)
    i.xEventGroupSetBits                     0x0800679a   Section        0  event_groups.o(i.xEventGroupSetBits)
    i.xEventGroupSetBitsFromISR              0x08006868   Section        0  event_groups.o(i.xEventGroupSetBitsFromISR)
    i.xPortStartScheduler                    0x0800688c   Section        0  port.o(i.xPortStartScheduler)
    i.xPortSysTickHandler                    0x080069f4   Section        0  port.o(i.xPortSysTickHandler)
    i.xQueueAddToSet                         0x08006a28   Section        0  queue.o(i.xQueueAddToSet)
    i.xQueueCreateMutex                      0x08006a4e   Section        0  queue.o(i.xQueueCreateMutex)
    i.xQueueCreateSet                        0x08006a70   Section        0  queue.o(i.xQueueCreateSet)
    i.xQueueGenericCreate                    0x08006a84   Section        0  queue.o(i.xQueueGenericCreate)
    i.xQueueGenericCreateStatic              0x08006ade   Section        0  queue.o(i.xQueueGenericCreateStatic)
    i.xQueueGenericReset                     0x08006bc0   Section        0  queue.o(i.xQueueGenericReset)
    i.xQueueGenericSend                      0x08006c58   Section        0  queue.o(i.xQueueGenericSend)
    i.xQueueGenericSendFromISR               0x08006e30   Section        0  queue.o(i.xQueueGenericSendFromISR)
    i.xQueueReceive                          0x08006f44   Section        0  queue.o(i.xQueueReceive)
    i.xQueueSelectFromSet                    0x080070ac   Section        0  queue.o(i.xQueueSelectFromSet)
    i.xQueueSemaphoreTake                    0x080070c4   Section        0  queue.o(i.xQueueSemaphoreTake)
    i.xTaskCheckForTimeOut                   0x0800727c   Section        0  tasks.o(i.xTaskCheckForTimeOut)
    i.xTaskCreate                            0x08007308   Section        0  tasks.o(i.xTaskCreate)
    i.xTaskCreateStatic                      0x0800736c   Section        0  tasks.o(i.xTaskCreateStatic)
    i.xTaskGetSchedulerState                 0x08007428   Section        0  tasks.o(i.xTaskGetSchedulerState)
    i.xTaskGetTickCount                      0x08007448   Section        0  tasks.o(i.xTaskGetTickCount)
    i.xTaskIncrementTick                     0x08007454   Section        0  tasks.o(i.xTaskIncrementTick)
    i.xTaskPriorityDisinherit                0x08007598   Section        0  tasks.o(i.xTaskPriorityDisinherit)
    i.xTaskPriorityInherit                   0x0800763c   Section        0  tasks.o(i.xTaskPriorityInherit)
    i.xTaskRemoveFromEventList               0x080076e0   Section        0  tasks.o(i.xTaskRemoveFromEventList)
    i.xTaskResumeAll                         0x08007778   Section        0  tasks.o(i.xTaskResumeAll)
    i.xTimerCreateTimerTask                  0x0800787c   Section        0  timers.o(i.xTimerCreateTimerTask)
    i.xTimerGenericCommand                   0x080078f4   Section        0  timers.o(i.xTimerGenericCommand)
    i.xTimerPendFunctionCallFromISR          0x08007978   Section        0  timers.o(i.xTimerPendFunctionCallFromISR)
    .constdata                               0x080079ac   Section       36  freertos.o(.constdata)
    .constdata                               0x080079d0   Section        8  stm32f4xx_hal_dma.o(.constdata)
    flagBitshiftOffset                       0x080079d0   Data           8  stm32f4xx_hal_dma.o(.constdata)
    .constdata                               0x080079d8   Section       24  system_stm32f4xx.o(.constdata)
    .constdata                               0x080079f0   Section    312900  game1.o(.constdata)
    .constdata                               0x08054038   Section       80  acos.o(.constdata)
    pS                                       0x08054038   Data          48  acos.o(.constdata)
    qS                                       0x08054068   Data          32  acos.o(.constdata)
    .conststring                             0x08054088   Section       12  freertos.o(.conststring)
    .data                                    0x20000000   Section        8  freertos.o(.data)
    g_xI2CMutex                              0x20000000   Data           4  freertos.o(.data)
    .data                                    0x20000008   Section        9  stm32f4xx_hal.o(.data)
    .data                                    0x20000014   Section        4  system_stm32f4xx.o(.data)
    .data                                    0x20000018   Section       60  tasks.o(.data)
    pxDelayedTaskList                        0x2000001c   Data           4  tasks.o(.data)
    pxOverflowDelayedTaskList                0x20000020   Data           4  tasks.o(.data)
    uxDeletedTasksWaitingCleanUp             0x20000024   Data           4  tasks.o(.data)
    uxCurrentNumberOfTasks                   0x20000028   Data           4  tasks.o(.data)
    xTickCount                               0x2000002c   Data           4  tasks.o(.data)
    uxTopReadyPriority                       0x20000030   Data           4  tasks.o(.data)
    xSchedulerRunning                        0x20000034   Data           4  tasks.o(.data)
    xPendedTicks                             0x20000038   Data           4  tasks.o(.data)
    xYieldPending                            0x2000003c   Data           4  tasks.o(.data)
    xNumOfOverflows                          0x20000040   Data           4  tasks.o(.data)
    uxTaskNumber                             0x20000044   Data           4  tasks.o(.data)
    xNextTaskUnblockTime                     0x20000048   Data           4  tasks.o(.data)
    xIdleTaskHandle                          0x2000004c   Data           4  tasks.o(.data)
    uxSchedulerSuspended                     0x20000050   Data           4  tasks.o(.data)
    .data                                    0x20000054   Section       20  timers.o(.data)
    pxCurrentTimerList                       0x20000054   Data           4  timers.o(.data)
    pxOverflowTimerList                      0x20000058   Data           4  timers.o(.data)
    xTimerQueue                              0x2000005c   Data           4  timers.o(.data)
    xTimerTaskHandle                         0x20000060   Data           4  timers.o(.data)
    xLastTime                                0x20000064   Data           4  timers.o(.data)
    .data                                    0x20000068   Section        4  cmsis_os2.o(.data)
    KernelState                              0x20000068   Data           4  cmsis_os2.o(.data)
    .data                                    0x2000006c   Section       32  heap_4.o(.data)
    xStart                                   0x2000006c   Data           8  heap_4.o(.data)
    pxEnd                                    0x20000074   Data           4  heap_4.o(.data)
    xFreeBytesRemaining                      0x20000078   Data           4  heap_4.o(.data)
    xMinimumEverFreeBytesRemaining           0x2000007c   Data           4  heap_4.o(.data)
    xNumberOfSuccessfulAllocations           0x20000080   Data           4  heap_4.o(.data)
    xNumberOfSuccessfulFrees                 0x20000084   Data           4  heap_4.o(.data)
    xBlockAllocatedBit                       0x20000088   Data           4  heap_4.o(.data)
    .data                                    0x2000008c   Section       12  port.o(.data)
    uxCriticalNesting                        0x2000008c   Data           4  port.o(.data)
    ucMaxSysCallPriority                     0x20000090   Data           1  port.o(.data)
    ulMaxPRIGROUPValue                       0x20000094   Data           4  port.o(.data)
    .data                                    0x20000098   Section        8  lcd.o(.data)
    .data                                    0x200000a0   Section        8  driver_key.o(.data)
    g_xQueneJoystick                         0x200000a4   Data           4  driver_key.o(.data)
    .data                                    0x200000a8   Section       28  driver_rotary_encoder.o(.data)
    g_count                                  0x200000a8   Data           4  driver_rotary_encoder.o(.data)
    g_speed                                  0x200000ac   Data           4  driver_rotary_encoder.o(.data)
    g_xQueueRotary                           0x200000b0   Data           4  driver_rotary_encoder.o(.data)
    pre_time                                 0x200000b8   Data           8  driver_rotary_encoder.o(.data)
    pre_count                                0x200000c0   Data           4  driver_rotary_encoder.o(.data)
    .data                                    0x200000c4   Section       12  driver_mpu6050.o(.data)
    g_xQueueMPU6050                          0x200000c4   Data           4  driver_mpu6050.o(.data)
    g_xEventMPU6050                          0x200000c8   Data           4  driver_mpu6050.o(.data)
    g_pHI2C_MPU6050                          0x200000cc   Data           4  driver_mpu6050.o(.data)
    .data                                    0x200000d0   Section       20  game1.o(.data)
    g_xQueueSetInput                         0x200000d4   Data           4  game1.o(.data)
    g_xQueueCharacter                        0x200000d8   Data           4  game1.o(.data)
    g_xQueneJoystick                         0x200000dc   Data           4  game1.o(.data)
    g_xQueueMPU6050                          0x200000e0   Data           4  game1.o(.data)
    .data                                    0x200000e4   Section        4  errno.o(.data)
    _errno                                   0x200000e4   Data           4  errno.o(.data)
    .bss                                     0x200000e8   Section      168  adc.o(.bss)
    .bss                                     0x20000190   Section       84  i2c.o(.bss)
    .bss                                     0x200001e4   Section      184  spi.o(.bss)
    .bss                                     0x2000029c   Section       72  tim.o(.bss)
    .bss                                     0x200002e4   Section       72  stm32f4xx_hal_timebase_tim.o(.bss)
    .bss                                     0x2000032c   Section       64  queue.o(.bss)
    .bss                                     0x2000036c   Section     1220  tasks.o(.bss)
    pxReadyTasksLists                        0x2000036c   Data        1120  tasks.o(.bss)
    xDelayedTaskList1                        0x200007cc   Data          20  tasks.o(.bss)
    xDelayedTaskList2                        0x200007e0   Data          20  tasks.o(.bss)
    xPendingReadyList                        0x200007f4   Data          20  tasks.o(.bss)
    xTasksWaitingTermination                 0x20000808   Data          20  tasks.o(.bss)
    xSuspendedTaskList                       0x2000081c   Data          20  tasks.o(.bss)
    .bss                                     0x20000830   Section      284  timers.o(.bss)
    xActiveTimerList1                        0x20000830   Data          20  timers.o(.bss)
    xActiveTimerList2                        0x20000844   Data          20  timers.o(.bss)
    xStaticTimerQueue                        0x20000858   Data          84  timers.o(.bss)
    ucStaticTimerQueueStorage                0x200008ac   Data         160  timers.o(.bss)
    .bss                                     0x2000094c   Section     1720  cmsis_os2.o(.bss)
    Idle_TCB                                 0x2000094c   Data          92  cmsis_os2.o(.bss)
    Idle_Stack                               0x200009a8   Data         512  cmsis_os2.o(.bss)
    Timer_TCB                                0x20000ba8   Data          92  cmsis_os2.o(.bss)
    Timer_Stack                              0x20000c04   Data        1024  cmsis_os2.o(.bss)
    .bss                                     0x20001004   Section    15360  heap_4.o(.bss)
    ucHeap                                   0x20001004   Data       15360  heap_4.o(.bss)
    .bss                                     0x20004c04   Section       14  lcd.o(.bss)
    .bss                                     0x20004c14   Section      112  driver_key.o(.bss)
    .bss                                     0x20004c84   Section      164  driver_rotary_encoder.o(.bss)
    g_ucQueueRotaryBuf                       0x20004c84   Data          80  driver_rotary_encoder.o(.bss)
    g_xQueueRotaryStaticStruct               0x20004cd4   Data          84  driver_rotary_encoder.o(.bss)
    STACK                                    0x20004d28   Section     2048  startup_stm32f407xx.o(STACK)

    Global Symbols

    Symbol Name                              Value     Ov Type        Size  Object(Section)

    BuildAttributes$$THM_ISAv4$E$P$D$K$B$S$7EM$VFPi3$EXTD16$VFPS$VFMA$PE$A:L22UL41UL21$X:L11$S22US41US21$IEEE1$IW$USESV6$~STKCKD$USESV7$~SHL$OTIME$ROPI$IEEEX$EBA8$MICROLIB$REQ8$PRES8$EABIv2 0x00000000   Number         0  anon$$obj.o ABSOLUTE
    __ARM_use_no_argv                        0x00000000   Number         0  main.o ABSOLUTE
    __arm_fini_                               - Undefined Weak Reference
    __cpp_initialize__aeabi_                  - Undefined Weak Reference
    __cxa_finalize                            - Undefined Weak Reference
    __decompress                              - Undefined Weak Reference
    _clock_init                               - Undefined Weak Reference
    _microlib_exit                            - Undefined Weak Reference
    __Vectors_Size                           0x00000188   Number         0  startup_stm32f407xx.o ABSOLUTE
    __Vectors                                0x08000000   Data           4  startup_stm32f407xx.o(RESET)
    __Vectors_End                            0x08000188   Data           0  startup_stm32f407xx.o(RESET)
    __main                                   0x08000189   Thumb Code     0  entry.o(.ARM.Collect$$$$00000000)
    _main_stk                                0x08000189   Thumb Code     0  entry2.o(.ARM.Collect$$$$00000001)
    _main_scatterload                        0x0800018d   Thumb Code     0  entry5.o(.ARM.Collect$$$$00000004)
    __main_after_scatterload                 0x08000191   Thumb Code     0  entry5.o(.ARM.Collect$$$$00000004)
    _main_clock                              0x08000191   Thumb Code     0  entry7b.o(.ARM.Collect$$$$00000008)
    _main_cpp_init                           0x08000191   Thumb Code     0  entry8b.o(.ARM.Collect$$$$0000000A)
    _main_init                               0x08000191   Thumb Code     0  entry9a.o(.ARM.Collect$$$$0000000B)
    __rt_lib_shutdown_fini                   0x08000199   Thumb Code     0  entry12b.o(.ARM.Collect$$$$0000000E)
    __rt_final_cpp                           0x0800019d   Thumb Code     0  entry10a.o(.ARM.Collect$$$$0000000F)
    __rt_final_exit                          0x0800019d   Thumb Code     0  entry11a.o(.ARM.Collect$$$$00000011)
    SVC_Handler                              0x080001a1   Thumb Code    28  port.o(.emb_text)
    __asm___6_port_c_39a90d8d__prvStartFirstTask 0x080001c1   Thumb Code    36  port.o(.emb_text)
    __asm___6_port_c_39a90d8d__prvEnableVFP  0x080001e9   Thumb Code    16  port.o(.emb_text)
    PendSV_Handler                           0x080001fd   Thumb Code    88  port.o(.emb_text)
    vPortGetIPSR                             0x08000259   Thumb Code     6  port.o(.emb_text)
    Reset_Handler                            0x08000261   Thumb Code     8  startup_stm32f407xx.o(.text)
    ADC_IRQHandler                           0x0800027b   Thumb Code     0  startup_stm32f407xx.o(.text)
    CAN1_RX0_IRQHandler                      0x0800027b   Thumb Code     0  startup_stm32f407xx.o(.text)
    CAN1_RX1_IRQHandler                      0x0800027b   Thumb Code     0  startup_stm32f407xx.o(.text)
    CAN1_SCE_IRQHandler                      0x0800027b   Thumb Code     0  startup_stm32f407xx.o(.text)
    CAN1_TX_IRQHandler                       0x0800027b   Thumb Code     0  startup_stm32f407xx.o(.text)
    CAN2_RX0_IRQHandler                      0x0800027b   Thumb Code     0  startup_stm32f407xx.o(.text)
    CAN2_RX1_IRQHandler                      0x0800027b   Thumb Code     0  startup_stm32f407xx.o(.text)
    CAN2_SCE_IRQHandler                      0x0800027b   Thumb Code     0  startup_stm32f407xx.o(.text)
    CAN2_TX_IRQHandler                       0x0800027b   Thumb Code     0  startup_stm32f407xx.o(.text)
    DCMI_IRQHandler                          0x0800027b   Thumb Code     0  startup_stm32f407xx.o(.text)
    DMA1_Stream0_IRQHandler                  0x0800027b   Thumb Code     0  startup_stm32f407xx.o(.text)
    DMA1_Stream1_IRQHandler                  0x0800027b   Thumb Code     0  startup_stm32f407xx.o(.text)
    DMA1_Stream2_IRQHandler                  0x0800027b   Thumb Code     0  startup_stm32f407xx.o(.text)
    DMA1_Stream3_IRQHandler                  0x0800027b   Thumb Code     0  startup_stm32f407xx.o(.text)
    DMA1_Stream4_IRQHandler                  0x0800027b   Thumb Code     0  startup_stm32f407xx.o(.text)
    DMA1_Stream5_IRQHandler                  0x0800027b   Thumb Code     0  startup_stm32f407xx.o(.text)
    DMA1_Stream6_IRQHandler                  0x0800027b   Thumb Code     0  startup_stm32f407xx.o(.text)
    DMA1_Stream7_IRQHandler                  0x0800027b   Thumb Code     0  startup_stm32f407xx.o(.text)
    DMA2_Stream1_IRQHandler                  0x0800027b   Thumb Code     0  startup_stm32f407xx.o(.text)
    DMA2_Stream2_IRQHandler                  0x0800027b   Thumb Code     0  startup_stm32f407xx.o(.text)
    DMA2_Stream4_IRQHandler                  0x0800027b   Thumb Code     0  startup_stm32f407xx.o(.text)
    DMA2_Stream5_IRQHandler                  0x0800027b   Thumb Code     0  startup_stm32f407xx.o(.text)
    DMA2_Stream6_IRQHandler                  0x0800027b   Thumb Code     0  startup_stm32f407xx.o(.text)
    DMA2_Stream7_IRQHandler                  0x0800027b   Thumb Code     0  startup_stm32f407xx.o(.text)
    ETH_IRQHandler                           0x0800027b   Thumb Code     0  startup_stm32f407xx.o(.text)
    ETH_WKUP_IRQHandler                      0x0800027b   Thumb Code     0  startup_stm32f407xx.o(.text)
    EXTI0_IRQHandler                         0x0800027b   Thumb Code     0  startup_stm32f407xx.o(.text)
    EXTI1_IRQHandler                         0x0800027b   Thumb Code     0  startup_stm32f407xx.o(.text)
    EXTI2_IRQHandler                         0x0800027b   Thumb Code     0  startup_stm32f407xx.o(.text)
    EXTI3_IRQHandler                         0x0800027b   Thumb Code     0  startup_stm32f407xx.o(.text)
    EXTI9_5_IRQHandler                       0x0800027b   Thumb Code     0  startup_stm32f407xx.o(.text)
    FLASH_IRQHandler                         0x0800027b   Thumb Code     0  startup_stm32f407xx.o(.text)
    FMC_IRQHandler                           0x0800027b   Thumb Code     0  startup_stm32f407xx.o(.text)
    FPU_IRQHandler                           0x0800027b   Thumb Code     0  startup_stm32f407xx.o(.text)
    HASH_RNG_IRQHandler                      0x0800027b   Thumb Code     0  startup_stm32f407xx.o(.text)
    I2C1_ER_IRQHandler                       0x0800027b   Thumb Code     0  startup_stm32f407xx.o(.text)
    I2C1_EV_IRQHandler                       0x0800027b   Thumb Code     0  startup_stm32f407xx.o(.text)
    I2C2_ER_IRQHandler                       0x0800027b   Thumb Code     0  startup_stm32f407xx.o(.text)
    I2C2_EV_IRQHandler                       0x0800027b   Thumb Code     0  startup_stm32f407xx.o(.text)
    I2C3_ER_IRQHandler                       0x0800027b   Thumb Code     0  startup_stm32f407xx.o(.text)
    I2C3_EV_IRQHandler                       0x0800027b   Thumb Code     0  startup_stm32f407xx.o(.text)
    OTG_FS_IRQHandler                        0x0800027b   Thumb Code     0  startup_stm32f407xx.o(.text)
    OTG_FS_WKUP_IRQHandler                   0x0800027b   Thumb Code     0  startup_stm32f407xx.o(.text)
    OTG_HS_EP1_IN_IRQHandler                 0x0800027b   Thumb Code     0  startup_stm32f407xx.o(.text)
    OTG_HS_EP1_OUT_IRQHandler                0x0800027b   Thumb Code     0  startup_stm32f407xx.o(.text)
    OTG_HS_IRQHandler                        0x0800027b   Thumb Code     0  startup_stm32f407xx.o(.text)
    OTG_HS_WKUP_IRQHandler                   0x0800027b   Thumb Code     0  startup_stm32f407xx.o(.text)
    PVD_IRQHandler                           0x0800027b   Thumb Code     0  startup_stm32f407xx.o(.text)
    RCC_IRQHandler                           0x0800027b   Thumb Code     0  startup_stm32f407xx.o(.text)
    RTC_Alarm_IRQHandler                     0x0800027b   Thumb Code     0  startup_stm32f407xx.o(.text)
    RTC_WKUP_IRQHandler                      0x0800027b   Thumb Code     0  startup_stm32f407xx.o(.text)
    SDIO_IRQHandler                          0x0800027b   Thumb Code     0  startup_stm32f407xx.o(.text)
    SPI2_IRQHandler                          0x0800027b   Thumb Code     0  startup_stm32f407xx.o(.text)
    SPI3_IRQHandler                          0x0800027b   Thumb Code     0  startup_stm32f407xx.o(.text)
    TAMP_STAMP_IRQHandler                    0x0800027b   Thumb Code     0  startup_stm32f407xx.o(.text)
    TIM1_BRK_TIM9_IRQHandler                 0x0800027b   Thumb Code     0  startup_stm32f407xx.o(.text)
    TIM1_CC_IRQHandler                       0x0800027b   Thumb Code     0  startup_stm32f407xx.o(.text)
    TIM1_TRG_COM_TIM11_IRQHandler            0x0800027b   Thumb Code     0  startup_stm32f407xx.o(.text)
    TIM1_UP_TIM10_IRQHandler                 0x0800027b   Thumb Code     0  startup_stm32f407xx.o(.text)
    TIM2_IRQHandler                          0x0800027b   Thumb Code     0  startup_stm32f407xx.o(.text)
    TIM3_IRQHandler                          0x0800027b   Thumb Code     0  startup_stm32f407xx.o(.text)
    TIM5_IRQHandler                          0x0800027b   Thumb Code     0  startup_stm32f407xx.o(.text)
    TIM6_DAC_IRQHandler                      0x0800027b   Thumb Code     0  startup_stm32f407xx.o(.text)
    TIM7_IRQHandler                          0x0800027b   Thumb Code     0  startup_stm32f407xx.o(.text)
    TIM8_BRK_TIM12_IRQHandler                0x0800027b   Thumb Code     0  startup_stm32f407xx.o(.text)
    TIM8_CC_IRQHandler                       0x0800027b   Thumb Code     0  startup_stm32f407xx.o(.text)
    TIM8_UP_TIM13_IRQHandler                 0x0800027b   Thumb Code     0  startup_stm32f407xx.o(.text)
    UART4_IRQHandler                         0x0800027b   Thumb Code     0  startup_stm32f407xx.o(.text)
    UART5_IRQHandler                         0x0800027b   Thumb Code     0  startup_stm32f407xx.o(.text)
    USART1_IRQHandler                        0x0800027b   Thumb Code     0  startup_stm32f407xx.o(.text)
    USART2_IRQHandler                        0x0800027b   Thumb Code     0  startup_stm32f407xx.o(.text)
    USART3_IRQHandler                        0x0800027b   Thumb Code     0  startup_stm32f407xx.o(.text)
    USART6_IRQHandler                        0x0800027b   Thumb Code     0  startup_stm32f407xx.o(.text)
    WWDG_IRQHandler                          0x0800027b   Thumb Code     0  startup_stm32f407xx.o(.text)
    __aeabi_uldivmod                         0x08000285   Thumb Code    98  uldiv.o(.text)
    __aeabi_memcpy                           0x080002e7   Thumb Code    36  memcpya.o(.text)
    __aeabi_memcpy4                          0x080002e7   Thumb Code     0  memcpya.o(.text)
    __aeabi_memcpy8                          0x080002e7   Thumb Code     0  memcpya.o(.text)
    __aeabi_memset                           0x0800030b   Thumb Code    14  memseta.o(.text)
    __aeabi_memset4                          0x0800030b   Thumb Code     0  memseta.o(.text)
    __aeabi_memset8                          0x0800030b   Thumb Code     0  memseta.o(.text)
    __aeabi_memclr                           0x08000319   Thumb Code     4  memseta.o(.text)
    __aeabi_memclr4                          0x08000319   Thumb Code     0  memseta.o(.text)
    __aeabi_memclr8                          0x08000319   Thumb Code     0  memseta.o(.text)
    memset                                   0x0800031d   Thumb Code    18  memseta.o(.text)
    __aeabi_dmul                             0x0800032f   Thumb Code   228  dmul.o(.text)
    __aeabi_ddiv                             0x08000413   Thumb Code   222  ddiv.o(.text)
    __aeabi_i2d                              0x080004f1   Thumb Code    34  dflti.o(.text)
    __aeabi_d2iz                             0x08000513   Thumb Code    62  dfixi.o(.text)
    __aeabi_llsl                             0x08000551   Thumb Code    30  llshl.o(.text)
    _ll_shift_l                              0x08000551   Thumb Code     0  llshl.o(.text)
    __aeabi_llsr                             0x0800056f   Thumb Code    32  llushr.o(.text)
    _ll_ushift_r                             0x0800056f   Thumb Code     0  llushr.o(.text)
    __I$use$fp                               0x0800058f   Thumb Code     0  iusefp.o(.text)
    _double_round                            0x0800058f   Thumb Code    30  depilogue.o(.text)
    _double_epilogue                         0x080005ad   Thumb Code   156  depilogue.o(.text)
    __aeabi_dadd                             0x08000649   Thumb Code   322  dadd.o(.text)
    __aeabi_dsub                             0x0800078b   Thumb Code     6  dadd.o(.text)
    __aeabi_drsub                            0x08000791   Thumb Code     6  dadd.o(.text)
    __scatterload                            0x08000799   Thumb Code    28  init.o(.text)
    __scatterload_rt2                        0x08000799   Thumb Code     0  init.o(.text)
    __aeabi_lasr                             0x080007bd   Thumb Code    36  llsshr.o(.text)
    _ll_sshift_r                             0x080007bd   Thumb Code     0  llsshr.o(.text)
    _dsqrt                                   0x080007e1   Thumb Code   162  dsqrt.o(.text)
    ADC_Start                                0x08000a89   Thumb Code    28  driver_key.o(i.ADC_Start)
    BusFault_Handler                         0x08000ab1   Thumb Code     4  stm32f4xx_it.o(i.BusFault_Handler)
    DMA2_Stream0_IRQHandler                  0x08000ab5   Thumb Code    10  stm32f4xx_it.o(i.DMA2_Stream0_IRQHandler)
    DMA2_Stream3_IRQHandler                  0x08000ac5   Thumb Code    10  stm32f4xx_it.o(i.DMA2_Stream3_IRQHandler)
    DebugMon_Handler                         0x08000bdf   Thumb Code     2  stm32f4xx_it.o(i.DebugMon_Handler)
    EXTI15_10_IRQHandler                     0x08000be1   Thumb Code    12  stm32f4xx_it.o(i.EXTI15_10_IRQHandler)
    EXTI4_IRQHandler                         0x08000bed   Thumb Code    10  stm32f4xx_it.o(i.EXTI4_IRQHandler)
    Error_Handler                            0x08000bf7   Thumb Code     6  main.o(i.Error_Handler)
    GetI2C                                   0x08000bfd   Thumb Code    16  freertos.o(i.GetI2C)
    GetQueueJoystick                         0x08000c11   Thumb Code     6  driver_key.o(i.GetQueueJoystick)
    GetQueueMPU6050                          0x08000c1d   Thumb Code     6  driver_mpu6050.o(i.GetQueueMPU6050)
    Gui_Drawbmp16                            0x08000c29   Thumb Code   100  gui.o(i.Gui_Drawbmp16)
    HAL_ADC_ConfigChannel                    0x08000c91   Thumb Code   380  stm32f4xx_hal_adc.o(i.HAL_ADC_ConfigChannel)
    HAL_ADC_ConvCpltCallback                 0x08000e1d   Thumb Code    16  driver_key.o(i.HAL_ADC_ConvCpltCallback)
    HAL_ADC_ConvHalfCpltCallback             0x08000e31   Thumb Code     2  stm32f4xx_hal_adc.o(i.HAL_ADC_ConvHalfCpltCallback)
    HAL_ADC_ErrorCallback                    0x08000e33   Thumb Code     2  stm32f4xx_hal_adc.o(i.HAL_ADC_ErrorCallback)
    HAL_ADC_Init                             0x08000e35   Thumb Code   100  stm32f4xx_hal_adc.o(i.HAL_ADC_Init)
    HAL_ADC_MspInit                          0x08000e9d   Thumb Code   176  adc.o(i.HAL_ADC_MspInit)
    HAL_ADC_Start_DMA                        0x08000f61   Thumb Code   398  stm32f4xx_hal_adc.o(i.HAL_ADC_Start_DMA)
    HAL_DMA_Abort_IT                         0x08001115   Thumb Code    40  stm32f4xx_hal_dma.o(i.HAL_DMA_Abort_IT)
    HAL_DMA_IRQHandler                       0x0800113d   Thumb Code   570  stm32f4xx_hal_dma.o(i.HAL_DMA_IRQHandler)
    HAL_DMA_Init                             0x0800137d   Thumb Code   232  stm32f4xx_hal_dma.o(i.HAL_DMA_Init)
    HAL_DMA_Start_IT                         0x08001469   Thumb Code   146  stm32f4xx_hal_dma.o(i.HAL_DMA_Start_IT)
    HAL_GPIO_EXTI_Callback                   0x080014fb   Thumb Code    32  driver_irq.o(i.HAL_GPIO_EXTI_Callback)
    HAL_GPIO_EXTI_IRQHandler                 0x0800151d   Thumb Code    24  stm32f4xx_hal_gpio.o(i.HAL_GPIO_EXTI_IRQHandler)
    HAL_GPIO_Init                            0x08001539   Thumb Code   454  stm32f4xx_hal_gpio.o(i.HAL_GPIO_Init)
    HAL_GPIO_ReadPin                         0x0800172d   Thumb Code    16  stm32f4xx_hal_gpio.o(i.HAL_GPIO_ReadPin)
    HAL_GPIO_WritePin                        0x0800173d   Thumb Code    12  stm32f4xx_hal_gpio.o(i.HAL_GPIO_WritePin)
    HAL_GetTick                              0x08001749   Thumb Code     6  stm32f4xx_hal.o(i.HAL_GetTick)
    HAL_I2C_Init                             0x08001755   Thumb Code   446  stm32f4xx_hal_i2c.o(i.HAL_I2C_Init)
    HAL_I2C_Master_Transmit                  0x08001925   Thumb Code   360  stm32f4xx_hal_i2c.o(i.HAL_I2C_Master_Transmit)
    HAL_I2C_Mem_Read                         0x08001a95   Thumb Code   762  stm32f4xx_hal_i2c.o(i.HAL_I2C_Mem_Read)
    HAL_I2C_MspInit                          0x08001d9d   Thumb Code   124  i2c.o(i.HAL_I2C_MspInit)
    HAL_IncTick                              0x08001e25   Thumb Code    16  stm32f4xx_hal.o(i.HAL_IncTick)
    HAL_Init                                 0x08001e3d   Thumb Code    54  stm32f4xx_hal.o(i.HAL_Init)
    HAL_InitTick                             0x08001e79   Thumb Code   160  stm32f4xx_hal_timebase_tim.o(i.HAL_InitTick)
    HAL_MspInit                              0x08001f2d   Thumb Code    78  stm32f4xx_hal_msp.o(i.HAL_MspInit)
    HAL_NVIC_EnableIRQ                       0x08001f81   Thumb Code    40  stm32f4xx_hal_cortex.o(i.HAL_NVIC_EnableIRQ)
    HAL_NVIC_SetPriority                     0x08001fa9   Thumb Code   124  stm32f4xx_hal_cortex.o(i.HAL_NVIC_SetPriority)
    HAL_NVIC_SetPriorityGrouping             0x08002025   Thumb Code    32  stm32f4xx_hal_cortex.o(i.HAL_NVIC_SetPriorityGrouping)
    HAL_RCC_ClockConfig                      0x0800204d   Thumb Code   368  stm32f4xx_hal_rcc.o(i.HAL_RCC_ClockConfig)
    HAL_RCC_GetClockConfig                   0x080021d1   Thumb Code    58  stm32f4xx_hal_rcc.o(i.HAL_RCC_GetClockConfig)
    HAL_RCC_GetHCLKFreq                      0x08002215   Thumb Code     6  stm32f4xx_hal_rcc.o(i.HAL_RCC_GetHCLKFreq)
    HAL_RCC_GetPCLK1Freq                     0x08002221   Thumb Code    22  stm32f4xx_hal_rcc.o(i.HAL_RCC_GetPCLK1Freq)
    HAL_RCC_GetSysClockFreq                  0x08002241   Thumb Code   162  stm32f4xx_hal_rcc.o(i.HAL_RCC_GetSysClockFreq)
    HAL_RCC_OscConfig                        0x080022f1   Thumb Code  1172  stm32f4xx_hal_rcc.o(i.HAL_RCC_OscConfig)
    HAL_SPI_ErrorCallback                    0x0800278d   Thumb Code     2  stm32f4xx_hal_spi.o(i.HAL_SPI_ErrorCallback)
    HAL_SPI_IRQHandler                       0x08002791   Thumb Code   342  stm32f4xx_hal_spi.o(i.HAL_SPI_IRQHandler)
    HAL_SPI_Init                             0x080028ed   Thumb Code   200  stm32f4xx_hal_spi.o(i.HAL_SPI_Init)
    HAL_SPI_MspInit                          0x080029b5   Thumb Code   198  spi.o(i.HAL_SPI_MspInit)
    HAL_SPI_Transmit                         0x08002a91   Thumb Code   446  stm32f4xx_hal_spi.o(i.HAL_SPI_Transmit)
    HAL_TIMEx_BreakCallback                  0x08002c4f   Thumb Code     2  stm32f4xx_hal_tim_ex.o(i.HAL_TIMEx_BreakCallback)
    HAL_TIMEx_CommutCallback                 0x08002c51   Thumb Code     2  stm32f4xx_hal_tim_ex.o(i.HAL_TIMEx_CommutCallback)
    HAL_TIMEx_MasterConfigSynchronization    0x08002c55   Thumb Code   150  stm32f4xx_hal_tim_ex.o(i.HAL_TIMEx_MasterConfigSynchronization)
    HAL_TIM_Base_Init                        0x08002d09   Thumb Code   102  stm32f4xx_hal_tim.o(i.HAL_TIM_Base_Init)
    HAL_TIM_Base_MspInit                     0x08002d71   Thumb Code    62  tim.o(i.HAL_TIM_Base_MspInit)
    HAL_TIM_Base_Start_IT                    0x08002db9   Thumb Code   138  stm32f4xx_hal_tim.o(i.HAL_TIM_Base_Start_IT)
    HAL_TIM_ConfigClockSource                0x08002e61   Thumb Code   268  stm32f4xx_hal_tim.o(i.HAL_TIM_ConfigClockSource)
    HAL_TIM_IC_CaptureCallback               0x08002f6d   Thumb Code     2  stm32f4xx_hal_tim.o(i.HAL_TIM_IC_CaptureCallback)
    HAL_TIM_IRQHandler                       0x08002f6f   Thumb Code   364  stm32f4xx_hal_tim.o(i.HAL_TIM_IRQHandler)
    HAL_TIM_OC_DelayElapsedCallback          0x080030db   Thumb Code     2  stm32f4xx_hal_tim.o(i.HAL_TIM_OC_DelayElapsedCallback)
    HAL_TIM_PWM_PulseFinishedCallback        0x080030dd   Thumb Code     2  stm32f4xx_hal_tim.o(i.HAL_TIM_PWM_PulseFinishedCallback)
    HAL_TIM_PeriodElapsedCallback            0x080030e1   Thumb Code    18  main.o(i.HAL_TIM_PeriodElapsedCallback)
    HAL_TIM_TriggerCallback                  0x080030f9   Thumb Code     2  stm32f4xx_hal_tim.o(i.HAL_TIM_TriggerCallback)
    HardFault_Handler                        0x080030fb   Thumb Code     4  stm32f4xx_it.o(i.HardFault_Handler)
    Joystick_Analysis                        0x08003695   Thumb Code   380  driver_key.o(i.Joystick_Analysis)
    LCD_Clear                                0x08003821   Thumb Code    96  lcd.o(i.LCD_Clear)
    LCD_DrawFillRectangle                    0x08003889   Thumb Code    30  gui.o(i.LCD_DrawFillRectangle)
    LCD_Fill                                 0x080038ad   Thumb Code   110  gui.o(i.LCD_Fill)
    LCD_GPIOInit                             0x08003921   Thumb Code     8  lcd.o(i.LCD_GPIOInit)
    LCD_Init                                 0x08003929   Thumb Code   448  lcd.o(i.LCD_Init)
    LCD_RESET                                0x08003aed   Thumb Code    38  lcd.o(i.LCD_RESET)
    LCD_SetWindows                           0x08003b19   Thumb Code    84  lcd.o(i.LCD_SetWindows)
    LCD_WR_DATA                              0x08003b71   Thumb Code    46  lcd.o(i.LCD_WR_DATA)
    LCD_WR_REG                               0x08003ba9   Thumb Code    46  lcd.o(i.LCD_WR_REG)
    LCD_WriteRAM_Prepare                     0x08003be1   Thumb Code    12  lcd.o(i.LCD_WriteRAM_Prepare)
    LCD_WriteReg                             0x08003bf1   Thumb Code    20  lcd.o(i.LCD_WriteReg)
    LCD_direction                            0x08003c05   Thumb Code   136  lcd.o(i.LCD_direction)
    Lcd_WriteData_16Bit                      0x08003c91   Thumb Code    34  lcd.o(i.Lcd_WriteData_16Bit)
    MPU6050_Callback                         0x08003cb5   Thumb Code    40  driver_mpu6050.o(i.MPU6050_Callback)
    MPU6050_Init                             0x08003ce5   Thumb Code    92  driver_mpu6050.o(i.MPU6050_Init)
    MPU6050_ParseData                        0x08003d49   Thumb Code   160  driver_mpu6050.o(i.MPU6050_ParseData)
    MPU6050_ReadData                         0x08003e01   Thumb Code   270  driver_mpu6050.o(i.MPU6050_ReadData)
    MPU6050_ReadRegister                     0x08003f11   Thumb Code    34  driver_mpu6050.o(i.MPU6050_ReadRegister)
    MPU6050_Task                             0x08003f39   Thumb Code    84  driver_mpu6050.o(i.MPU6050_Task)
    MX_ADC1_Init                             0x08003fb9   Thumb Code   168  adc.o(i.MX_ADC1_Init)
    MX_DMA_Init                              0x0800406d   Thumb Code    68  dma.o(i.MX_DMA_Init)
    MX_FREERTOS_Init                         0x080040b5   Thumb Code    64  freertos.o(i.MX_FREERTOS_Init)
    MX_GPIO_Init                             0x08004115   Thumb Code   364  gpio.o(i.MX_GPIO_Init)
    MX_I2C2_Init                             0x08004291   Thumb Code    48  i2c.o(i.MX_I2C2_Init)
    MX_SPI1_Init                             0x080042cd   Thumb Code    58  spi.o(i.MX_SPI1_Init)
    MX_TIM4_Init                             0x08004311   Thumb Code   100  tim.o(i.MX_TIM4_Init)
    Map_Init                                 0x0800437d   Thumb Code   180  game1.o(i.Map_Init)
    MemManage_Handler                        0x0800443d   Thumb Code     4  stm32f4xx_it.o(i.MemManage_Handler)
    NMI_Handler                              0x08004441   Thumb Code     4  stm32f4xx_it.o(i.NMI_Handler)
    PutI2C                                   0x080044e1   Thumb Code    18  freertos.o(i.PutI2C)
    RotaryEncoder_IRQ_Callback               0x08004529   Thumb Code   162  driver_rotary_encoder.o(i.RotaryEncoder_IRQ_Callback)
    RotaryEncoder_Init                       0x080045e1   Thumb Code    24  driver_rotary_encoder.o(i.RotaryEncoder_Init)
    SPI1_IRQHandler                          0x08004605   Thumb Code    10  stm32f4xx_it.o(i.SPI1_IRQHandler)
    SPI_WriteByte                            0x08004789   Thumb Code    24  lcd.o(i.SPI_WriteByte)
    StartDefaultTask                         0x080047a1   Thumb Code     4  freertos.o(i.StartDefaultTask)
    SysTick_Handler                          0x080047a5   Thumb Code    22  cmsis_os2.o(i.SysTick_Handler)
    SystemClock_Config                       0x080047bd   Thumb Code   172  main.o(i.SystemClock_Config)
    SystemInit                               0x08004871   Thumb Code    14  system_stm32f4xx.o(i.SystemInit)
    TIM4_IRQHandler                          0x08004885   Thumb Code    10  stm32f4xx_it.o(i.TIM4_IRQHandler)
    TIM8_TRG_COM_TIM14_IRQHandler            0x08004895   Thumb Code    10  stm32f4xx_it.o(i.TIM8_TRG_COM_TIM14_IRQHandler)
    TIM_Base_SetConfig                       0x080048a5   Thumb Code   186  stm32f4xx_hal_tim.o(i.TIM_Base_SetConfig)
    TIM_ETR_SetConfig                        0x0800498d   Thumb Code    22  stm32f4xx_hal_tim.o(i.TIM_ETR_SetConfig)
    UsageFault_Handler                       0x08004a03   Thumb Code     4  stm32f4xx_it.o(i.UsageFault_Handler)
    __hardfp_acos                            0x08004a49   Thumb Code   738  acos.o(i.__hardfp_acos)
    __kernel_poly                            0x08004da1   Thumb Code   248  poly.o(i.__kernel_poly)
    __mathlib_dbl_infnan                     0x08004e99   Thumb Code    20  dunder.o(i.__mathlib_dbl_infnan)
    __mathlib_dbl_invalid                    0x08004eb1   Thumb Code    24  dunder.o(i.__mathlib_dbl_invalid)
    __scatterload_copy                       0x08004ed1   Thumb Code    14  handlers.o(i.__scatterload_copy)
    __scatterload_null                       0x08004edf   Thumb Code     2  handlers.o(i.__scatterload_null)
    __scatterload_zeroinit                   0x08004ee1   Thumb Code    14  handlers.o(i.__scatterload_zeroinit)
    __set_errno                              0x08004ef1   Thumb Code     6  errno.o(i.__set_errno)
    game1_draw                               0x08004efd   Thumb Code   352  game1.o(i.game1_draw)
    game1_task                               0x08005065   Thumb Code   192  game1.o(i.game1_task)
    main                                     0x0800515d   Thumb Code    48  main.o(i.main)
    mdelay                                   0x0800518d   Thumb Code    24  driver_timer.o(i.mdelay)
    osKernelInitialize                       0x080051a5   Thumb Code    38  cmsis_os2.o(i.osKernelInitialize)
    osKernelStart                            0x080051d1   Thumb Code    82  cmsis_os2.o(i.osKernelStart)
    osThreadNew                              0x08005231   Thumb Code   184  cmsis_os2.o(i.osThreadNew)
    pvPortMalloc                             0x08005de5   Thumb Code   306  heap_4.o(i.pvPortMalloc)
    pvTaskIncrementMutexHeldCount            0x08005f31   Thumb Code    26  tasks.o(i.pvTaskIncrementMutexHeldCount)
    pxPortInitialiseStack                    0x08005f51   Thumb Code    38  port.o(i.pxPortInitialiseStack)
    sqrt                                     0x08005f7d   Thumb Code   110  sqrt.o(i.sqrt)
    system_get_us                            0x08005fed   Thumb Code   100  driver_timer.o(i.system_get_us)
    udelay                                   0x08006055   Thumb Code    68  driver_timer.o(i.udelay)
    uxListRemove                             0x0800609d   Thumb Code    40  list.o(i.uxListRemove)
    vApplicationGetIdleTaskMemory            0x080060c5   Thumb Code    14  cmsis_os2.o(i.vApplicationGetIdleTaskMemory)
    vApplicationGetTimerTaskMemory           0x080060dd   Thumb Code    16  cmsis_os2.o(i.vApplicationGetTimerTaskMemory)
    vEventGroupSetBitsCallback               0x080060f5   Thumb Code    16  event_groups.o(i.vEventGroupSetBitsCallback)
    vListInitialise                          0x08006105   Thumb Code    26  list.o(i.vListInitialise)
    vListInitialiseItem                      0x0800611f   Thumb Code     6  list.o(i.vListInitialiseItem)
    vListInsert                              0x08006125   Thumb Code    52  list.o(i.vListInsert)
    vListInsertEnd                           0x08006159   Thumb Code    24  list.o(i.vListInsertEnd)
    vPortEnterCritical                       0x08006171   Thumb Code    76  port.o(i.vPortEnterCritical)
    vPortExitCritical                        0x080061c5   Thumb Code    56  port.o(i.vPortExitCritical)
    vPortFree                                0x08006201   Thumb Code   150  heap_4.o(i.vPortFree)
    vPortSetupTimerInterrupt                 0x080062a5   Thumb Code    36  port.o(i.vPortSetupTimerInterrupt)
    vPortValidateInterruptPriority           0x080062cd   Thumb Code   106  port.o(i.vPortValidateInterruptPriority)
    vQueueAddToRegistry                      0x08006345   Thumb Code    38  queue.o(i.vQueueAddToRegistry)
    vQueueWaitForMessageRestricted           0x08006371   Thumb Code    74  queue.o(i.vQueueWaitForMessageRestricted)
    vTaskDelay                               0x080063bd   Thumb Code    82  tasks.o(i.vTaskDelay)
    vTaskInternalSetTimeOutState             0x08006419   Thumb Code    14  tasks.o(i.vTaskInternalSetTimeOutState)
    vTaskMissedYield                         0x08006431   Thumb Code     8  tasks.o(i.vTaskMissedYield)
    vTaskPlaceOnEventList                    0x0800643d   Thumb Code    52  tasks.o(i.vTaskPlaceOnEventList)
    vTaskPlaceOnEventListRestricted          0x08006475   Thumb Code    60  tasks.o(i.vTaskPlaceOnEventListRestricted)
    vTaskPriorityDisinheritAfterTimeout      0x080064b5   Thumb Code   194  tasks.o(i.vTaskPriorityDisinheritAfterTimeout)
    vTaskRemoveFromUnorderedEventList        0x08006585   Thumb Code   140  tasks.o(i.vTaskRemoveFromUnorderedEventList)
    vTaskStartScheduler                      0x08006625   Thumb Code   156  tasks.o(i.vTaskStartScheduler)
    vTaskSuspendAll                          0x080066dd   Thumb Code    12  tasks.o(i.vTaskSuspendAll)
    vTaskSwitchContext                       0x080066ed   Thumb Code   122  tasks.o(i.vTaskSwitchContext)
    xEventGroupCreate                        0x0800677d   Thumb Code    30  event_groups.o(i.xEventGroupCreate)
    xEventGroupSetBits                       0x0800679b   Thumb Code   206  event_groups.o(i.xEventGroupSetBits)
    xEventGroupSetBitsFromISR                0x08006869   Thumb Code    30  event_groups.o(i.xEventGroupSetBitsFromISR)
    xPortStartScheduler                      0x0800688d   Thumb Code   330  port.o(i.xPortStartScheduler)
    xPortSysTickHandler                      0x080069f5   Thumb Code    46  port.o(i.xPortSysTickHandler)
    xQueueAddToSet                           0x08006a29   Thumb Code    38  queue.o(i.xQueueAddToSet)
    xQueueCreateMutex                        0x08006a4f   Thumb Code    34  queue.o(i.xQueueCreateMutex)
    xQueueCreateSet                          0x08006a71   Thumb Code    20  queue.o(i.xQueueCreateSet)
    xQueueGenericCreate                      0x08006a85   Thumb Code    90  queue.o(i.xQueueGenericCreate)
    xQueueGenericCreateStatic                0x08006adf   Thumb Code   224  queue.o(i.xQueueGenericCreateStatic)
    xQueueGenericReset                       0x08006bc1   Thumb Code   146  queue.o(i.xQueueGenericReset)
    xQueueGenericSend                        0x08006c59   Thumb Code   466  queue.o(i.xQueueGenericSend)
    xQueueGenericSendFromISR                 0x08006e31   Thumb Code   274  queue.o(i.xQueueGenericSendFromISR)
    xQueueReceive                            0x08006f45   Thumb Code   356  queue.o(i.xQueueReceive)
    xQueueSelectFromSet                      0x080070ad   Thumb Code    24  queue.o(i.xQueueSelectFromSet)
    xQueueSemaphoreTake                      0x080070c5   Thumb Code   434  queue.o(i.xQueueSemaphoreTake)
    xTaskCheckForTimeOut                     0x0800727d   Thumb Code   132  tasks.o(i.xTaskCheckForTimeOut)
    xTaskCreate                              0x08007309   Thumb Code   100  tasks.o(i.xTaskCreate)
    xTaskCreateStatic                        0x0800736d   Thumb Code   186  tasks.o(i.xTaskCreateStatic)
    xTaskGetSchedulerState                   0x08007429   Thumb Code    24  tasks.o(i.xTaskGetSchedulerState)
    xTaskGetTickCount                        0x08007449   Thumb Code     6  tasks.o(i.xTaskGetTickCount)
    xTaskIncrementTick                       0x08007455   Thumb Code   280  tasks.o(i.xTaskIncrementTick)
    xTaskPriorityDisinherit                  0x08007599   Thumb Code   152  tasks.o(i.xTaskPriorityDisinherit)
    xTaskPriorityInherit                     0x0800763d   Thumb Code   150  tasks.o(i.xTaskPriorityInherit)
    xTaskRemoveFromEventList                 0x080076e1   Thumb Code   126  tasks.o(i.xTaskRemoveFromEventList)
    xTaskResumeAll                           0x08007779   Thumb Code   222  tasks.o(i.xTaskResumeAll)
    xTimerCreateTimerTask                    0x0800787d   Thumb Code   100  timers.o(i.xTimerCreateTimerTask)
    xTimerGenericCommand                     0x080078f5   Thumb Code   128  timers.o(i.xTimerGenericCommand)
    xTimerPendFunctionCallFromISR            0x08007979   Thumb Code    48  timers.o(i.xTimerPendFunctionCallFromISR)
    defaultTask_attributes                   0x080079ac   Data          36  freertos.o(.constdata)
    AHBPrescTable                            0x080079d8   Data          16  system_stm32f4xx.o(.constdata)
    APBPrescTable                            0x080079e8   Data           8  system_stm32f4xx.o(.constdata)
    gImage_ice1                              0x080079f0   Data        1200  game1.o(.constdata)
    gImage_fire1                             0x08007ea0   Data        1200  game1.o(.constdata)
    gImage_ice_point                         0x08008350   Data         450  game1.o(.constdata)
    gImage_fire_point                        0x08008512   Data         450  game1.o(.constdata)
    gImage_box2                              0x080086d4   Data        1200  game1.o(.constdata)
    gImage_map1                              0x08008b84   Data       307200  game1.o(.constdata)
    gImage_box1                              0x08053b84   Data        1200  game1.o(.constdata)
    Region$$Table$$Base                      0x08054094   Number         0  anon$$obj.o(Region$$Table)
    Region$$Table$$Limit                     0x080540b4   Number         0  anon$$obj.o(Region$$Table)
    defaultTaskHandle                        0x20000004   Data           4  freertos.o(.data)
    uwTick                                   0x20000008   Data           4  stm32f4xx_hal.o(.data)
    uwTickPrio                               0x2000000c   Data           4  stm32f4xx_hal.o(.data)
    uwTickFreq                               0x20000010   Data           1  stm32f4xx_hal.o(.data)
    SystemCoreClock                          0x20000014   Data           4  system_stm32f4xx.o(.data)
    pxCurrentTCB                             0x20000018   Data           4  tasks.o(.data)
    POINT_COLOR                              0x20000098   Data           2  lcd.o(.data)
    BACK_COLOR                               0x2000009a   Data           2  lcd.o(.data)
    DeviceCode                               0x2000009c   Data           2  lcd.o(.data)
    spi_tx_complete                          0x2000009e   Data           1  lcd.o(.data)
    spi_buffer                               0x2000009f   Data           1  lcd.o(.data)
    Js_data                                  0x200000a0   Data           4  driver_key.o(.data)
    duilie_flag                              0x200000d0   Data           1  game1.o(.data)
    g_level                                  0x200000d1   Data           1  game1.o(.data)
    debug11                                  0x200000d2   Data           1  game1.o(.data)
    hadc1                                    0x200000e8   Data          72  adc.o(.bss)
    hdma_adc1                                0x20000130   Data          96  adc.o(.bss)
    hi2c2                                    0x20000190   Data          84  i2c.o(.bss)
    hspi1                                    0x200001e4   Data          88  spi.o(.bss)
    hdma_spi1_tx                             0x2000023c   Data          96  spi.o(.bss)
    htim4                                    0x2000029c   Data          72  tim.o(.bss)
    htim14                                   0x200002e4   Data          72  stm32f4xx_hal_timebase_tim.o(.bss)
    xQueueRegistry                           0x2000032c   Data          64  queue.o(.bss)
    lcddev                                   0x20004c04   Data          14  lcd.o(.bss)
    ADC1_sampling                            0x20004c14   Data         112  driver_key.o(.bss)
    __initial_sp                             0x20005528   Data           0  startup_stm32f407xx.o(STACK)



==============================================================================

Memory Map of the image

  Image Entry point : 0x08000189

  Load Region LR_IROM1 (Base: 0x08000000, Size: 0x0005419c, Max: 0x00100000, ABSOLUTE)

    Execution Region ER_IROM1 (Exec base: 0x08000000, Load base: 0x08000000, Size: 0x000540b4, Max: 0x00100000, ABSOLUTE)

    Exec Addr    Load Addr    Size         Type   Attr      Idx    E Section Name        Object

    0x08000000   0x08000000   0x00000188   Data   RO            3    RESET               startup_stm32f407xx.o
    0x08000188   0x08000188   0x00000000   Code   RO         6520  * .ARM.Collect$$$$00000000  mc_w.l(entry.o)
    0x08000188   0x08000188   0x00000004   Code   RO         6571    .ARM.Collect$$$$00000001  mc_w.l(entry2.o)
    0x0800018c   0x0800018c   0x00000004   Code   RO         6574    .ARM.Collect$$$$00000004  mc_w.l(entry5.o)
    0x08000190   0x08000190   0x00000000   Code   RO         6576    .ARM.Collect$$$$00000008  mc_w.l(entry7b.o)
    0x08000190   0x08000190   0x00000000   Code   RO         6578    .ARM.Collect$$$$0000000A  mc_w.l(entry8b.o)
    0x08000190   0x08000190   0x00000008   Code   RO         6579    .ARM.Collect$$$$0000000B  mc_w.l(entry9a.o)
    0x08000198   0x08000198   0x00000004   Code   RO         6586    .ARM.Collect$$$$0000000E  mc_w.l(entry12b.o)
    0x0800019c   0x0800019c   0x00000000   Code   RO         6581    .ARM.Collect$$$$0000000F  mc_w.l(entry10a.o)
    0x0800019c   0x0800019c   0x00000000   Code   RO         6583    .ARM.Collect$$$$00000011  mc_w.l(entry11a.o)
    0x0800019c   0x0800019c   0x00000004   Code   RO         6572    .ARM.Collect$$$$00002712  mc_w.l(entry2.o)
    0x080001a0   0x080001a0   0x000000be   Code   RO         5780    .emb_text           port.o
    0x0800025e   0x0800025e   0x00000002   PAD
    0x08000260   0x08000260   0x00000024   Code   RO            4    .text               startup_stm32f407xx.o
    0x08000284   0x08000284   0x00000062   Code   RO         6523    .text               mc_w.l(uldiv.o)
    0x080002e6   0x080002e6   0x00000024   Code   RO         6525    .text               mc_w.l(memcpya.o)
    0x0800030a   0x0800030a   0x00000024   Code   RO         6529    .text               mc_w.l(memseta.o)
    0x0800032e   0x0800032e   0x000000e4   Code   RO         6535    .text               mf_w.l(dmul.o)
    0x08000412   0x08000412   0x000000de   Code   RO         6537    .text               mf_w.l(ddiv.o)
    0x080004f0   0x080004f0   0x00000022   Code   RO         6539    .text               mf_w.l(dflti.o)
    0x08000512   0x08000512   0x0000003e   Code   RO         6541    .text               mf_w.l(dfixi.o)
    0x08000550   0x08000550   0x0000001e   Code   RO         6587    .text               mc_w.l(llshl.o)
    0x0800056e   0x0800056e   0x00000020   Code   RO         6589    .text               mc_w.l(llushr.o)
    0x0800058e   0x0800058e   0x00000000   Code   RO         6598    .text               mc_w.l(iusefp.o)
    0x0800058e   0x0800058e   0x000000ba   Code   RO         6599    .text               mf_w.l(depilogue.o)
    0x08000648   0x08000648   0x0000014e   Code   RO         6601    .text               mf_w.l(dadd.o)
    0x08000796   0x08000796   0x00000002   PAD
    0x08000798   0x08000798   0x00000024   Code   RO         6603    .text               mc_w.l(init.o)
    0x080007bc   0x080007bc   0x00000024   Code   RO         6605    .text               mc_w.l(llsshr.o)
    0x080007e0   0x080007e0   0x000000a2   Code   RO         6607    .text               mf_w.l(dsqrt.o)
    0x08000882   0x08000882   0x0000007e   Code   RO         1693    i.ADC_DMAConvCplt   stm32f4xx_hal_adc.o
    0x08000900   0x08000900   0x0000001a   Code   RO         1694    i.ADC_DMAError      stm32f4xx_hal_adc.o
    0x0800091a   0x0800091a   0x0000000e   Code   RO         1695    i.ADC_DMAHalfConvCplt  stm32f4xx_hal_adc.o
    0x08000928   0x08000928   0x00000160   Code   RO         1696    i.ADC_Init          stm32f4xx_hal_adc.o
    0x08000a88   0x08000a88   0x00000028   Code   RO         6216    i.ADC_Start         driver_key.o
    0x08000ab0   0x08000ab0   0x00000004   Code   RO          546    i.BusFault_Handler  stm32f4xx_it.o
    0x08000ab4   0x08000ab4   0x00000010   Code   RO          547    i.DMA2_Stream0_IRQHandler  stm32f4xx_it.o
    0x08000ac4   0x08000ac4   0x00000010   Code   RO          548    i.DMA2_Stream3_IRQHandler  stm32f4xx_it.o
    0x08000ad4   0x08000ad4   0x00000034   Code   RO         2475    i.DMA_CalcBaseAndBitshift  stm32f4xx_hal_dma.o
    0x08000b08   0x08000b08   0x000000aa   Code   RO         2476    i.DMA_CheckFifoParam  stm32f4xx_hal_dma.o
    0x08000bb2   0x08000bb2   0x0000002c   Code   RO         2477    i.DMA_SetConfig     stm32f4xx_hal_dma.o
    0x08000bde   0x08000bde   0x00000002   Code   RO          549    i.DebugMon_Handler  stm32f4xx_it.o
    0x08000be0   0x08000be0   0x0000000c   Code   RO          550    i.EXTI15_10_IRQHandler  stm32f4xx_it.o
    0x08000bec   0x08000bec   0x0000000a   Code   RO          551    i.EXTI4_IRQHandler  stm32f4xx_it.o
    0x08000bf6   0x08000bf6   0x00000006   Code   RO           13    i.Error_Handler     main.o
    0x08000bfc   0x08000bfc   0x00000014   Code   RO          299    i.GetI2C            freertos.o
    0x08000c10   0x08000c10   0x0000000c   Code   RO         6217    i.GetQueueJoystick  driver_key.o
    0x08000c1c   0x08000c1c   0x0000000c   Code   RO         6331    i.GetQueueMPU6050   driver_mpu6050.o
    0x08000c28   0x08000c28   0x00000068   Code   RO         5954    i.Gui_Drawbmp16     gui.o
    0x08000c90   0x08000c90   0x0000018c   Code   RO         1698    i.HAL_ADC_ConfigChannel  stm32f4xx_hal_adc.o
    0x08000e1c   0x08000e1c   0x00000014   Code   RO         6218    i.HAL_ADC_ConvCpltCallback  driver_key.o
    0x08000e30   0x08000e30   0x00000002   Code   RO         1700    i.HAL_ADC_ConvHalfCpltCallback  stm32f4xx_hal_adc.o
    0x08000e32   0x08000e32   0x00000002   Code   RO         1702    i.HAL_ADC_ErrorCallback  stm32f4xx_hal_adc.o
    0x08000e34   0x08000e34   0x00000068   Code   RO         1707    i.HAL_ADC_Init      stm32f4xx_hal_adc.o
    0x08000e9c   0x08000e9c   0x000000c4   Code   RO          355    i.HAL_ADC_MspInit   adc.o
    0x08000f60   0x08000f60   0x000001b4   Code   RO         1714    i.HAL_ADC_Start_DMA  stm32f4xx_hal_adc.o
    0x08001114   0x08001114   0x00000028   Code   RO         2479    i.HAL_DMA_Abort_IT  stm32f4xx_hal_dma.o
    0x0800113c   0x0800113c   0x00000240   Code   RO         2483    i.HAL_DMA_IRQHandler  stm32f4xx_hal_dma.o
    0x0800137c   0x0800137c   0x000000ec   Code   RO         2484    i.HAL_DMA_Init      stm32f4xx_hal_dma.o
    0x08001468   0x08001468   0x00000092   Code   RO         2488    i.HAL_DMA_Start_IT  stm32f4xx_hal_dma.o
    0x080014fa   0x080014fa   0x00000020   Code   RO         6410    i.HAL_GPIO_EXTI_Callback  driver_irq.o
    0x0800151a   0x0800151a   0x00000002   PAD
    0x0800151c   0x0800151c   0x0000001c   Code   RO         2370    i.HAL_GPIO_EXTI_IRQHandler  stm32f4xx_hal_gpio.o
    0x08001538   0x08001538   0x000001f4   Code   RO         2371    i.HAL_GPIO_Init     stm32f4xx_hal_gpio.o
    0x0800172c   0x0800172c   0x00000010   Code   RO         2373    i.HAL_GPIO_ReadPin  stm32f4xx_hal_gpio.o
    0x0800173c   0x0800173c   0x0000000c   Code   RO         2375    i.HAL_GPIO_WritePin  stm32f4xx_hal_gpio.o
    0x08001748   0x08001748   0x0000000c   Code   RO         2926    i.HAL_GetTick       stm32f4xx_hal.o
    0x08001754   0x08001754   0x000001d0   Code   RO         3182    i.HAL_I2C_Init      stm32f4xx_hal_i2c.o
    0x08001924   0x08001924   0x00000170   Code   RO         3195    i.HAL_I2C_Master_Transmit  stm32f4xx_hal_i2c.o
    0x08001a94   0x08001a94   0x00000308   Code   RO         3200    i.HAL_I2C_Mem_Read  stm32f4xx_hal_i2c.o
    0x08001d9c   0x08001d9c   0x00000088   Code   RO          421    i.HAL_I2C_MspInit   i2c.o
    0x08001e24   0x08001e24   0x00000018   Code   RO         2932    i.HAL_IncTick       stm32f4xx_hal.o
    0x08001e3c   0x08001e3c   0x0000003c   Code   RO         2933    i.HAL_Init          stm32f4xx_hal.o
    0x08001e78   0x08001e78   0x000000b4   Code   RO          670    i.HAL_InitTick      stm32f4xx_hal_timebase_tim.o
    0x08001f2c   0x08001f2c   0x00000054   Code   RO          646    i.HAL_MspInit       stm32f4xx_hal_msp.o
    0x08001f80   0x08001f80   0x00000028   Code   RO         2763    i.HAL_NVIC_EnableIRQ  stm32f4xx_hal_cortex.o
    0x08001fa8   0x08001fa8   0x0000007c   Code   RO         2769    i.HAL_NVIC_SetPriority  stm32f4xx_hal_cortex.o
    0x08002024   0x08002024   0x00000028   Code   RO         2770    i.HAL_NVIC_SetPriorityGrouping  stm32f4xx_hal_cortex.o
    0x0800204c   0x0800204c   0x00000184   Code   RO         1972    i.HAL_RCC_ClockConfig  stm32f4xx_hal_rcc.o
    0x080021d0   0x080021d0   0x00000044   Code   RO         1976    i.HAL_RCC_GetClockConfig  stm32f4xx_hal_rcc.o
    0x08002214   0x08002214   0x0000000c   Code   RO         1977    i.HAL_RCC_GetHCLKFreq  stm32f4xx_hal_rcc.o
    0x08002220   0x08002220   0x00000020   Code   RO         1979    i.HAL_RCC_GetPCLK1Freq  stm32f4xx_hal_rcc.o
    0x08002240   0x08002240   0x000000b0   Code   RO         1981    i.HAL_RCC_GetSysClockFreq  stm32f4xx_hal_rcc.o
    0x080022f0   0x080022f0   0x0000049c   Code   RO         1984    i.HAL_RCC_OscConfig  stm32f4xx_hal_rcc.o
    0x0800278c   0x0800278c   0x00000002   Code   RO         3673    i.HAL_SPI_ErrorCallback  stm32f4xx_hal_spi.o
    0x0800278e   0x0800278e   0x00000002   PAD
    0x08002790   0x08002790   0x0000015c   Code   RO         3676    i.HAL_SPI_IRQHandler  stm32f4xx_hal_spi.o
    0x080028ec   0x080028ec   0x000000c8   Code   RO         3677    i.HAL_SPI_Init      stm32f4xx_hal_spi.o
    0x080029b4   0x080029b4   0x000000dc   Code   RO          463    i.HAL_SPI_MspInit   spi.o
    0x08002a90   0x08002a90   0x000001be   Code   RO         3685    i.HAL_SPI_Transmit  stm32f4xx_hal_spi.o
    0x08002c4e   0x08002c4e   0x00000002   Code   RO         1426    i.HAL_TIMEx_BreakCallback  stm32f4xx_hal_tim_ex.o
    0x08002c50   0x08002c50   0x00000002   Code   RO         1427    i.HAL_TIMEx_CommutCallback  stm32f4xx_hal_tim_ex.o
    0x08002c52   0x08002c52   0x00000002   PAD
    0x08002c54   0x08002c54   0x000000b4   Code   RO         1445    i.HAL_TIMEx_MasterConfigSynchronization  stm32f4xx_hal_tim_ex.o
    0x08002d08   0x08002d08   0x00000066   Code   RO          711    i.HAL_TIM_Base_Init  stm32f4xx_hal_tim.o
    0x08002d6e   0x08002d6e   0x00000002   PAD
    0x08002d70   0x08002d70   0x00000048   Code   RO          505    i.HAL_TIM_Base_MspInit  tim.o
    0x08002db8   0x08002db8   0x000000a8   Code   RO          716    i.HAL_TIM_Base_Start_IT  stm32f4xx_hal_tim.o
    0x08002e60   0x08002e60   0x0000010c   Code   RO          720    i.HAL_TIM_ConfigClockSource  stm32f4xx_hal_tim.o
    0x08002f6c   0x08002f6c   0x00000002   Code   RO          745    i.HAL_TIM_IC_CaptureCallback  stm32f4xx_hal_tim.o
    0x08002f6e   0x08002f6e   0x0000016c   Code   RO          759    i.HAL_TIM_IRQHandler  stm32f4xx_hal_tim.o
    0x080030da   0x080030da   0x00000002   Code   RO          762    i.HAL_TIM_OC_DelayElapsedCallback  stm32f4xx_hal_tim.o
    0x080030dc   0x080030dc   0x00000002   Code   RO          789    i.HAL_TIM_PWM_PulseFinishedCallback  stm32f4xx_hal_tim.o
    0x080030de   0x080030de   0x00000002   PAD
    0x080030e0   0x080030e0   0x00000018   Code   RO           14    i.HAL_TIM_PeriodElapsedCallback  main.o
    0x080030f8   0x080030f8   0x00000002   Code   RO          802    i.HAL_TIM_TriggerCallback  stm32f4xx_hal_tim.o
    0x080030fa   0x080030fa   0x00000004   Code   RO          552    i.HardFault_Handler  stm32f4xx_it.o
    0x080030fe   0x080030fe   0x0000003e   Code   RO         3226    i.I2C_IsAcknowledgeFailed  stm32f4xx_hal_i2c.o
    0x0800313c   0x0800313c   0x000000c0   Code   RO         3230    i.I2C_MasterRequestWrite  stm32f4xx_hal_i2c.o
    0x080031fc   0x080031fc   0x00000160   Code   RO         3237    i.I2C_RequestMemoryRead  stm32f4xx_hal_i2c.o
    0x0800335c   0x0800335c   0x00000066   Code   RO         3246    i.I2C_WaitOnBTFFlagUntilTimeout  stm32f4xx_hal_i2c.o
    0x080033c2   0x080033c2   0x000000be   Code   RO         3247    i.I2C_WaitOnFlagUntilTimeout  stm32f4xx_hal_i2c.o
    0x08003480   0x08003480   0x000000fa   Code   RO         3248    i.I2C_WaitOnMasterAddressFlagUntilTimeout  stm32f4xx_hal_i2c.o
    0x0800357a   0x0800357a   0x0000008a   Code   RO         3249    i.I2C_WaitOnRXNEFlagUntilTimeout  stm32f4xx_hal_i2c.o
    0x08003604   0x08003604   0x00000066   Code   RO         3252    i.I2C_WaitOnTXEFlagUntilTimeout  stm32f4xx_hal_i2c.o
    0x0800366a   0x0800366a   0x00000002   PAD
    0x0800366c   0x0800366c   0x00000028   Code   RO         6434    i.InputTask         game1.o
    0x08003694   0x08003694   0x0000018c   Code   RO         6219    i.Joystick_Analysis  driver_key.o
    0x08003820   0x08003820   0x00000068   Code   RO         6102    i.LCD_Clear         lcd.o
    0x08003888   0x08003888   0x00000024   Code   RO         5956    i.LCD_DrawFillRectangle  gui.o
    0x080038ac   0x080038ac   0x00000074   Code   RO         5959    i.LCD_Fill          gui.o
    0x08003920   0x08003920   0x00000008   Code   RO         6104    i.LCD_GPIOInit      lcd.o
    0x08003928   0x08003928   0x000001c4   Code   RO         6105    i.LCD_Init          lcd.o
    0x08003aec   0x08003aec   0x0000002c   Code   RO         6106    i.LCD_RESET         lcd.o
    0x08003b18   0x08003b18   0x00000058   Code   RO         6108    i.LCD_SetWindows    lcd.o
    0x08003b70   0x08003b70   0x00000038   Code   RO         6109    i.LCD_WR_DATA       lcd.o
    0x08003ba8   0x08003ba8   0x00000038   Code   RO         6110    i.LCD_WR_REG        lcd.o
    0x08003be0   0x08003be0   0x00000010   Code   RO         6111    i.LCD_WriteRAM_Prepare  lcd.o
    0x08003bf0   0x08003bf0   0x00000014   Code   RO         6112    i.LCD_WriteReg      lcd.o
    0x08003c04   0x08003c04   0x0000008c   Code   RO         6113    i.LCD_direction     lcd.o
    0x08003c90   0x08003c90   0x00000022   Code   RO         6114    i.Lcd_WriteData_16Bit  lcd.o
    0x08003cb2   0x08003cb2   0x00000002   PAD
    0x08003cb4   0x08003cb4   0x00000030   Code   RO         6332    i.MPU6050_Callback  driver_mpu6050.o
    0x08003ce4   0x08003ce4   0x00000064   Code   RO         6334    i.MPU6050_Init      driver_mpu6050.o
    0x08003d48   0x08003d48   0x000000b8   Code   RO         6335    i.MPU6050_ParseData  driver_mpu6050.o
    0x08003e00   0x08003e00   0x0000010e   Code   RO         6336    i.MPU6050_ReadData  driver_mpu6050.o
    0x08003f0e   0x08003f0e   0x00000002   PAD
    0x08003f10   0x08003f10   0x00000028   Code   RO         6337    i.MPU6050_ReadRegister  driver_mpu6050.o
    0x08003f38   0x08003f38   0x00000058   Code   RO         6338    i.MPU6050_Task      driver_mpu6050.o
    0x08003f90   0x08003f90   0x00000028   Code   RO         6340    i.MPU6050_WriteRegister  driver_mpu6050.o
    0x08003fb8   0x08003fb8   0x000000b4   Code   RO          356    i.MX_ADC1_Init      adc.o
    0x0800406c   0x0800406c   0x00000048   Code   RO          396    i.MX_DMA_Init       dma.o
    0x080040b4   0x080040b4   0x00000060   Code   RO          300    i.MX_FREERTOS_Init  freertos.o
    0x08004114   0x08004114   0x0000017c   Code   RO          275    i.MX_GPIO_Init      gpio.o
    0x08004290   0x08004290   0x0000003c   Code   RO          422    i.MX_I2C2_Init      i2c.o
    0x080042cc   0x080042cc   0x00000044   Code   RO          464    i.MX_SPI1_Init      spi.o
    0x08004310   0x08004310   0x0000006c   Code   RO          506    i.MX_TIM4_Init      tim.o
    0x0800437c   0x0800437c   0x000000c0   Code   RO         6435    i.Map_Init          game1.o
    0x0800443c   0x0800443c   0x00000004   Code   RO          553    i.MemManage_Handler  stm32f4xx_it.o
    0x08004440   0x08004440   0x00000004   Code   RO          554    i.NMI_Handler       stm32f4xx_it.o
    0x08004444   0x08004444   0x0000009c   Code   RO         6437    i.ProcessJoystickData  game1.o
    0x080044e0   0x080044e0   0x00000018   Code   RO          301    i.PutI2C            freertos.o
    0x080044f8   0x080044f8   0x00000018   Code   RO         6267    i.RotaryEncoder_Get_S1  driver_rotary_encoder.o
    0x08004510   0x08004510   0x00000018   Code   RO         6268    i.RotaryEncoder_Get_S2  driver_rotary_encoder.o
    0x08004528   0x08004528   0x000000b8   Code   RO         6269    i.RotaryEncoder_IRQ_Callback  driver_rotary_encoder.o
    0x080045e0   0x080045e0   0x00000024   Code   RO         6270    i.RotaryEncoder_Init  driver_rotary_encoder.o
    0x08004604   0x08004604   0x00000010   Code   RO          555    i.SPI1_IRQHandler   stm32f4xx_it.o
    0x08004614   0x08004614   0x00000014   Code   RO         3704    i.SPI_DMAAbortOnError  stm32f4xx_hal_spi.o
    0x08004628   0x08004628   0x00000088   Code   RO         3715    i.SPI_EndRxTxTransaction  stm32f4xx_hal_spi.o
    0x080046b0   0x080046b0   0x000000d8   Code   RO         3720    i.SPI_WaitFlagStateUntilTimeout  stm32f4xx_hal_spi.o
    0x08004788   0x08004788   0x00000018   Code   RO         6115    i.SPI_WriteByte     lcd.o
    0x080047a0   0x080047a0   0x00000004   Code   RO          302    i.StartDefaultTask  freertos.o
    0x080047a4   0x080047a4   0x00000016   Code   RO         5198    i.SysTick_Handler   cmsis_os2.o
    0x080047ba   0x080047ba   0x00000002   PAD
    0x080047bc   0x080047bc   0x000000b4   Code   RO           15    i.SystemClock_Config  main.o
    0x08004870   0x08004870   0x00000014   Code   RO         3989    i.SystemInit        system_stm32f4xx.o
    0x08004884   0x08004884   0x00000010   Code   RO          556    i.TIM4_IRQHandler   stm32f4xx_it.o
    0x08004894   0x08004894   0x00000010   Code   RO          557    i.TIM8_TRG_COM_TIM14_IRQHandler  stm32f4xx_it.o
    0x080048a4   0x080048a4   0x000000e8   Code   RO          804    i.TIM_Base_SetConfig  stm32f4xx_hal_tim.o
    0x0800498c   0x0800498c   0x00000016   Code   RO          815    i.TIM_ETR_SetConfig  stm32f4xx_hal_tim.o
    0x080049a2   0x080049a2   0x00000012   Code   RO          816    i.TIM_ITRx_SetConfig  stm32f4xx_hal_tim.o
    0x080049b4   0x080049b4   0x00000026   Code   RO          822    i.TIM_TI1_ConfigInputStage  stm32f4xx_hal_tim.o
    0x080049da   0x080049da   0x00000028   Code   RO          824    i.TIM_TI2_ConfigInputStage  stm32f4xx_hal_tim.o
    0x08004a02   0x08004a02   0x00000004   Code   RO          558    i.UsageFault_Handler  stm32f4xx_it.o
    0x08004a06   0x08004a06   0x00000002   PAD
    0x08004a08   0x08004a08   0x00000010   Code   RO         2776    i.__NVIC_GetPriorityGrouping  stm32f4xx_hal_cortex.o
    0x08004a18   0x08004a18   0x00000028   Code   RO         2777    i.__NVIC_SetPriority  stm32f4xx_hal_cortex.o
    0x08004a40   0x08004a40   0x00000006   Code   RO         5200    i.__get_IPSR        cmsis_os2.o
    0x08004a46   0x08004a46   0x00000002   PAD
    0x08004a48   0x08004a48   0x00000358   Code   RO         6506    i.__hardfp_acos     m_wm.l(acos.o)
    0x08004da0   0x08004da0   0x000000f8   Code   RO         6557    i.__kernel_poly     m_wm.l(poly.o)
    0x08004e98   0x08004e98   0x00000014   Code   RO         6544    i.__mathlib_dbl_infnan  m_wm.l(dunder.o)
    0x08004eac   0x08004eac   0x00000004   PAD
    0x08004eb0   0x08004eb0   0x00000020   Code   RO         6546    i.__mathlib_dbl_invalid  m_wm.l(dunder.o)
    0x08004ed0   0x08004ed0   0x0000000e   Code   RO         6613    i.__scatterload_copy  mc_w.l(handlers.o)
    0x08004ede   0x08004ede   0x00000002   Code   RO         6614    i.__scatterload_null  mc_w.l(handlers.o)
    0x08004ee0   0x08004ee0   0x0000000e   Code   RO         6615    i.__scatterload_zeroinit  mc_w.l(handlers.o)
    0x08004eee   0x08004eee   0x00000002   PAD
    0x08004ef0   0x08004ef0   0x0000000c   Code   RO         6593    i.__set_errno       mc_w.l(errno.o)
    0x08004efc   0x08004efc   0x00000168   Code   RO         6439    i.game1_draw        game1.o
    0x08005064   0x08005064   0x000000f8   Code   RO         6440    i.game1_task        game1.o
    0x0800515c   0x0800515c   0x00000030   Code   RO           16    i.main              main.o
    0x0800518c   0x0800518c   0x00000018   Code   RO         5861    i.mdelay            driver_timer.o
    0x080051a4   0x080051a4   0x0000002c   Code   RO         5215    i.osKernelInitialize  cmsis_os2.o
    0x080051d0   0x080051d0   0x00000060   Code   RO         5218    i.osKernelStart     cmsis_os2.o
    0x08005230   0x08005230   0x000000b8   Code   RO         5260    i.osThreadNew       cmsis_os2.o
    0x080052e8   0x080052e8   0x0000007c   Code   RO         4638    i.prvAddCurrentTaskToDelayedList  tasks.o
    0x08005364   0x08005364   0x000000b8   Code   RO         4639    i.prvAddNewTaskToReadyList  tasks.o
    0x0800541c   0x0800541c   0x00000074   Code   RO         5014    i.prvCheckForValidListAndQueue  timers.o
    0x08005490   0x08005490   0x00000048   Code   RO         4640    i.prvCheckTasksWaitingTermination  tasks.o
    0x080054d8   0x080054d8   0x0000002a   Code   RO         4190    i.prvCopyDataFromQueue  queue.o
    0x08005502   0x08005502   0x0000007e   Code   RO         4191    i.prvCopyDataToQueue  queue.o
    0x08005580   0x08005580   0x00000050   Code   RO         4641    i.prvDeleteTCB      tasks.o
    0x080055d0   0x080055d0   0x00000014   Code   RO         4192    i.prvGetDisinheritPriorityAfterTimeout  queue.o
    0x080055e4   0x080055e4   0x00000028   Code   RO         5015    i.prvGetNextExpireTime  timers.o
    0x0800560c   0x0800560c   0x0000007c   Code   RO         5725    i.prvHeapInit       heap_4.o
    0x08005688   0x08005688   0x00000028   Code   RO         4642    i.prvIdleTask       tasks.o
    0x080056b0   0x080056b0   0x0000001e   Code   RO         4193    i.prvInitialiseMutex  queue.o
    0x080056ce   0x080056ce   0x0000002e   Code   RO         4194    i.prvInitialiseNewQueue  queue.o
    0x080056fc   0x080056fc   0x000000be   Code   RO         4643    i.prvInitialiseNewTask  tasks.o
    0x080057ba   0x080057ba   0x00000002   PAD
    0x080057bc   0x080057bc   0x00000068   Code   RO         4644    i.prvInitialiseTaskLists  tasks.o
    0x08005824   0x08005824   0x00000068   Code   RO         5726    i.prvInsertBlockIntoFreeList  heap_4.o
    0x0800588c   0x0800588c   0x00000058   Code   RO         5017    i.prvInsertTimerInActiveList  timers.o
    0x080058e4   0x080058e4   0x0000001a   Code   RO         4195    i.prvIsQueueEmpty   queue.o
    0x080058fe   0x080058fe   0x0000001e   Code   RO         4196    i.prvIsQueueFull    queue.o
    0x0800591c   0x0800591c   0x0000008a   Code   RO         4197    i.prvNotifyQueueSetContainer  queue.o
    0x080059a6   0x080059a6   0x00000002   PAD
    0x080059a8   0x080059a8   0x00000074   Code   RO         5018    i.prvProcessExpiredTimer  timers.o
    0x08005a1c   0x08005a1c   0x00000164   Code   RO         5019    i.prvProcessReceivedCommands  timers.o
    0x08005b80   0x08005b80   0x00000074   Code   RO         5020    i.prvProcessTimerOrBlockTask  timers.o
    0x08005bf4   0x08005bf4   0x00000034   Code   RO         4646    i.prvResetNextTaskUnblockTime  tasks.o
    0x08005c28   0x08005c28   0x0000002c   Code   RO         5021    i.prvSampleTimeNow  timers.o
    0x08005c54   0x08005c54   0x000000a4   Code   RO         5022    i.prvSwitchTimerLists  timers.o
    0x08005cf8   0x08005cf8   0x00000040   Code   RO         5781    i.prvTaskExitError  port.o
    0x08005d38   0x08005d38   0x0000001a   Code   RO         5023    i.prvTimerTask      timers.o
    0x08005d52   0x08005d52   0x00000090   Code   RO         4198    i.prvUnlockQueue    queue.o
    0x08005de2   0x08005de2   0x00000002   PAD
    0x08005de4   0x08005de4   0x0000014c   Code   RO         5727    i.pvPortMalloc      heap_4.o
    0x08005f30   0x08005f30   0x00000020   Code   RO         4649    i.pvTaskIncrementMutexHeldCount  tasks.o
    0x08005f50   0x08005f50   0x0000002c   Code   RO         5782    i.pxPortInitialiseStack  port.o
    0x08005f7c   0x08005f7c   0x0000006e   Code   RO         6561    i.sqrt              m_wm.l(sqrt.o)
    0x08005fea   0x08005fea   0x00000002   PAD
    0x08005fec   0x08005fec   0x00000068   Code   RO         5863    i.system_get_us     driver_timer.o
    0x08006054   0x08006054   0x00000048   Code   RO         5864    i.udelay            driver_timer.o
    0x0800609c   0x0800609c   0x00000028   Code   RO         4150    i.uxListRemove      list.o
    0x080060c4   0x080060c4   0x00000018   Code   RO         5272    i.vApplicationGetIdleTaskMemory  cmsis_os2.o
    0x080060dc   0x080060dc   0x00000018   Code   RO         5273    i.vApplicationGetTimerTaskMemory  cmsis_os2.o
    0x080060f4   0x080060f4   0x00000010   Code   RO         4035    i.vEventGroupSetBitsCallback  event_groups.o
    0x08006104   0x08006104   0x0000001a   Code   RO         4151    i.vListInitialise   list.o
    0x0800611e   0x0800611e   0x00000006   Code   RO         4152    i.vListInitialiseItem  list.o
    0x08006124   0x08006124   0x00000034   Code   RO         4153    i.vListInsert       list.o
    0x08006158   0x08006158   0x00000018   Code   RO         4154    i.vListInsertEnd    list.o
    0x08006170   0x08006170   0x00000054   Code   RO         5784    i.vPortEnterCritical  port.o
    0x080061c4   0x080061c4   0x0000003c   Code   RO         5785    i.vPortExitCritical  port.o
    0x08006200   0x08006200   0x000000a4   Code   RO         5728    i.vPortFree         heap_4.o
    0x080062a4   0x080062a4   0x00000028   Code   RO         5786    i.vPortSetupTimerInterrupt  port.o
    0x080062cc   0x080062cc   0x00000078   Code   RO         5787    i.vPortValidateInterruptPriority  port.o
    0x08006344   0x08006344   0x0000002c   Code   RO         4204    i.vQueueAddToRegistry  queue.o
    0x08006370   0x08006370   0x0000004a   Code   RO         4208    i.vQueueWaitForMessageRestricted  queue.o
    0x080063ba   0x080063ba   0x00000002   PAD
    0x080063bc   0x080063bc   0x0000005c   Code   RO         4659    i.vTaskDelay        tasks.o
    0x08006418   0x08006418   0x00000018   Code   RO         4664    i.vTaskInternalSetTimeOutState  tasks.o
    0x08006430   0x08006430   0x0000000c   Code   RO         4665    i.vTaskMissedYield  tasks.o
    0x0800643c   0x0800643c   0x00000038   Code   RO         4667    i.vTaskPlaceOnEventList  tasks.o
    0x08006474   0x08006474   0x00000040   Code   RO         4668    i.vTaskPlaceOnEventListRestricted  tasks.o
    0x080064b4   0x080064b4   0x000000d0   Code   RO         4670    i.vTaskPriorityDisinheritAfterTimeout  tasks.o
    0x08006584   0x08006584   0x000000a0   Code   RO         4672    i.vTaskRemoveFromUnorderedEventList  tasks.o
    0x08006624   0x08006624   0x000000b8   Code   RO         4676    i.vTaskStartScheduler  tasks.o
    0x080066dc   0x080066dc   0x00000010   Code   RO         4678    i.vTaskSuspendAll   tasks.o
    0x080066ec   0x080066ec   0x00000090   Code   RO         4679    i.vTaskSwitchContext  tasks.o
    0x0800677c   0x0800677c   0x0000001e   Code   RO         4039    i.xEventGroupCreate  event_groups.o
    0x0800679a   0x0800679a   0x000000ce   Code   RO         4042    i.xEventGroupSetBits  event_groups.o
    0x08006868   0x08006868   0x00000024   Code   RO         4043    i.xEventGroupSetBitsFromISR  event_groups.o
    0x0800688c   0x0800688c   0x00000168   Code   RO         5788    i.xPortStartScheduler  port.o
    0x080069f4   0x080069f4   0x00000034   Code   RO         5789    i.xPortSysTickHandler  port.o
    0x08006a28   0x08006a28   0x00000026   Code   RO         4209    i.xQueueAddToSet    queue.o
    0x08006a4e   0x08006a4e   0x00000022   Code   RO         4212    i.xQueueCreateMutex  queue.o
    0x08006a70   0x08006a70   0x00000014   Code   RO         4214    i.xQueueCreateSet   queue.o
    0x08006a84   0x08006a84   0x0000005a   Code   RO         4215    i.xQueueGenericCreate  queue.o
    0x08006ade   0x08006ade   0x000000e0   Code   RO         4216    i.xQueueGenericCreateStatic  queue.o
    0x08006bbe   0x08006bbe   0x00000002   PAD
    0x08006bc0   0x08006bc0   0x00000098   Code   RO         4217    i.xQueueGenericReset  queue.o
    0x08006c58   0x08006c58   0x000001d8   Code   RO         4218    i.xQueueGenericSend  queue.o
    0x08006e30   0x08006e30   0x00000112   Code   RO         4219    i.xQueueGenericSendFromISR  queue.o
    0x08006f42   0x08006f42   0x00000002   PAD
    0x08006f44   0x08006f44   0x00000168   Code   RO         4228    i.xQueueReceive     queue.o
    0x080070ac   0x080070ac   0x00000018   Code   RO         4231    i.xQueueSelectFromSet  queue.o
    0x080070c4   0x080070c4   0x000001b8   Code   RO         4233    i.xQueueSemaphoreTake  queue.o
    0x0800727c   0x0800727c   0x0000008c   Code   RO         4681    i.xTaskCheckForTimeOut  tasks.o
    0x08007308   0x08007308   0x00000064   Code   RO         4682    i.xTaskCreate       tasks.o
    0x0800736c   0x0800736c   0x000000ba   Code   RO         4683    i.xTaskCreateStatic  tasks.o
    0x08007426   0x08007426   0x00000002   PAD
    0x08007428   0x08007428   0x00000020   Code   RO         4687    i.xTaskGetSchedulerState  tasks.o
    0x08007448   0x08007448   0x0000000c   Code   RO         4688    i.xTaskGetTickCount  tasks.o
    0x08007454   0x08007454   0x00000144   Code   RO         4690    i.xTaskIncrementTick  tasks.o
    0x08007598   0x08007598   0x000000a4   Code   RO         4693    i.xTaskPriorityDisinherit  tasks.o
    0x0800763c   0x0800763c   0x000000a4   Code   RO         4694    i.xTaskPriorityInherit  tasks.o
    0x080076e0   0x080076e0   0x00000098   Code   RO         4695    i.xTaskRemoveFromEventList  tasks.o
    0x08007778   0x08007778   0x00000104   Code   RO         4696    i.xTaskResumeAll    tasks.o
    0x0800787c   0x0800787c   0x00000078   Code   RO         5032    i.xTimerCreateTimerTask  timers.o
    0x080078f4   0x080078f4   0x00000084   Code   RO         5033    i.xTimerGenericCommand  timers.o
    0x08007978   0x08007978   0x00000034   Code   RO         5039    i.xTimerPendFunctionCallFromISR  timers.o
    0x080079ac   0x080079ac   0x00000024   Data   RO          303    .constdata          freertos.o
    0x080079d0   0x080079d0   0x00000008   Data   RO         2490    .constdata          stm32f4xx_hal_dma.o
    0x080079d8   0x080079d8   0x00000018   Data   RO         3990    .constdata          system_stm32f4xx.o
    0x080079f0   0x080079f0   0x0004c644   Data   RO         6442    .constdata          game1.o
    0x08054034   0x08054034   0x00000004   PAD
    0x08054038   0x08054038   0x00000050   Data   RO         6509    .constdata          m_wm.l(acos.o)
    0x08054088   0x08054088   0x0000000c   Data   RO          304    .conststring        freertos.o
    0x08054094   0x08054094   0x00000020   Data   RO         6611    Region$$Table       anon$$obj.o


    Execution Region RW_IRAM1 (Exec base: 0x20000000, Load base: 0x080540b4, Size: 0x00005528, Max: 0x0001c000, ABSOLUTE)

    Exec Addr    Load Addr    Size         Type   Attr      Idx    E Section Name        Object

    0x20000000   0x080540b4   0x00000008   Data   RW          305    .data               freertos.o
    0x20000008   0x080540bc   0x00000009   Data   RW         2940    .data               stm32f4xx_hal.o
    0x20000011   0x080540c5   0x00000003   PAD
    0x20000014   0x080540c8   0x00000004   Data   RW         3991    .data               system_stm32f4xx.o
    0x20000018   0x080540cc   0x0000003c   Data   RW         4699    .data               tasks.o
    0x20000054   0x08054108   0x00000014   Data   RW         5041    .data               timers.o
    0x20000068   0x0805411c   0x00000004   Data   RW         5275    .data               cmsis_os2.o
    0x2000006c   0x08054120   0x00000020   Data   RW         5734    .data               heap_4.o
    0x2000008c   0x08054140   0x0000000c   Data   RW         5790    .data               port.o
    0x20000098   0x0805414c   0x00000008   Data   RW         6117    .data               lcd.o
    0x200000a0   0x08054154   0x00000008   Data   RW         6221    .data               driver_key.o
    0x200000a8   0x0805415c   0x0000001c   Data   RW         6274    .data               driver_rotary_encoder.o
    0x200000c4   0x08054178   0x0000000c   Data   RW         6341    .data               driver_mpu6050.o
    0x200000d0   0x08054184   0x00000014   Data   RW         6443    .data               game1.o
    0x200000e4   0x08054198   0x00000004   Data   RW         6594    .data               mc_w.l(errno.o)
    0x200000e8        -       0x000000a8   Zero   RW          357    .bss                adc.o
    0x20000190        -       0x00000054   Zero   RW          423    .bss                i2c.o
    0x200001e4        -       0x000000b8   Zero   RW          465    .bss                spi.o
    0x2000029c        -       0x00000048   Zero   RW          507    .bss                tim.o
    0x200002e4        -       0x00000048   Zero   RW          673    .bss                stm32f4xx_hal_timebase_tim.o
    0x2000032c        -       0x00000040   Zero   RW         4235    .bss                queue.o
    0x2000036c        -       0x000004c4   Zero   RW         4698    .bss                tasks.o
    0x20000830        -       0x0000011c   Zero   RW         5040    .bss                timers.o
    0x2000094c        -       0x000006b8   Zero   RW         5274    .bss                cmsis_os2.o
    0x20001004        -       0x00003c00   Zero   RW         5733    .bss                heap_4.o
    0x20004c04        -       0x0000000e   Zero   RW         6116    .bss                lcd.o
    0x20004c12   0x0805419c   0x00000002   PAD
    0x20004c14        -       0x00000070   Zero   RW         6220    .bss                driver_key.o
    0x20004c84        -       0x000000a4   Zero   RW         6273    .bss                driver_rotary_encoder.o
    0x20004d28        -       0x00000800   Zero   RW            1    STACK               startup_stm32f407xx.o


    Execution Region RW_IRAM2 (Exec base: 0x2001c000, Load base: 0x0805419c, Size: 0x00000000, Max: 0x00004000, ABSOLUTE)

    **** No section assigned to this execution region ****


==============================================================================

Image component sizes


      Code (inc. data)   RO Data    RW Data    ZI Data      Debug   Object Name

       376         32          0          0        168       1847   adc.o
       400         38          0          4       1720      61505   cmsis_os2.o
        72          4          0          0          0        762   dma.o
        32          0          0          0          0        557   driver_irq.o
       468         38          0          8        112       3450   driver_key.o
       782         60          0         12          0       6581   driver_mpu6050.o
       268         42          0         28        164       3683   driver_rotary_encoder.o
       200          8          0          0          0       3195   driver_timer.o
       288          6          0          0          0      24270   event_groups.o
       144         42         48          8          0       2675   freertos.o
       996        100     312900         20          0       5183   game1.o
       380         16          0          0          0       1111   gpio.o
       256         16          0          0          0       2247   gui.o
       724         74          0         32      15360       4851   heap_4.o
       196         24          0          0         84       1641   i2c.o
      1042         50          0          8         14       8968   lcd.o
       148          0          0          0          0       3550   list.o
       258         14          0          0          0     740416   main.o
      1014         92          0         12          0      11641   port.o
      2848         28          0          0         64      25129   queue.o
       288         32          0          0        184       1746   spi.o
        36          8        392          0       2048        832   startup_stm32f407xx.o
        96         20          0          9          0       8054   stm32f4xx_hal.o
      1458         66          0          0          0       6754   stm32f4xx_hal_adc.o
       260         22          0          0          0      33542   stm32f4xx_hal_cortex.o
      1264         16          8          0          0       6166   stm32f4xx_hal_dma.o
       556         50          0          0          0       3398   stm32f4xx_hal_gpio.o
      2996         50          0          0          0      11704   stm32f4xx_hal_i2c.o
        84          6          0          0          0        850   stm32f4xx_hal_msp.o
      1856         84          0          0          0       5650   stm32f4xx_hal_rcc.o
      1368         20          0          0          0       6539   stm32f4xx_hal_spi.o
      1260         76          0          0          0       9775   stm32f4xx_hal_tim.o
       184         30          0          0          0       2509   stm32f4xx_hal_tim_ex.o
       180         20          0          0         72       1460   stm32f4xx_hal_timebase_tim.o
       124         30          0          0          0       6267   stm32f4xx_it.o
         0          0          0          0          0        416   stream_buffer.o
        20          6         24          4          0       1115   system_stm32f4xx.o
      3372        400          0         60       1220      30883   tasks.o
       180         18          0          0         72       1666   tim.o
      1370        128          0         20        284      31199   timers.o

    ----------------------------------------------------------------------
     27882       1766     313408        228      21568    1083787   Object Totals
         0          0         32          0          0          0   (incl. Generated)
        38          0          4          3          2          0   (incl. Padding)

    ----------------------------------------------------------------------

      Code (inc. data)   RO Data    RW Data    ZI Data      Debug   Library Member Name

       856        118         80          0          0        288   acos.o
        52          8          0          0          0        248   dunder.o
       248          0          0          0          0        152   poly.o
       110          0          0          0          0        148   sqrt.o
         0          0          0          0          0          0   entry.o
         0          0          0          0          0          0   entry10a.o
         0          0          0          0          0          0   entry11a.o
         4          0          0          0          0          0   entry12b.o
         8          4          0          0          0          0   entry2.o
         4          0          0          0          0          0   entry5.o
         0          0          0          0          0          0   entry7b.o
         0          0          0          0          0          0   entry8b.o
         8          4          0          0          0          0   entry9a.o
        12          6          0          4          0         68   errno.o
        30          0          0          0          0          0   handlers.o
        36          8          0          0          0         68   init.o
         0          0          0          0          0          0   iusefp.o
        30          0          0          0          0         68   llshl.o
        36          0          0          0          0         68   llsshr.o
        32          0          0          0          0         68   llushr.o
        36          0          0          0          0         68   memcpya.o
        36          0          0          0          0        108   memseta.o
        98          0          0          0          0         92   uldiv.o
       334          0          0          0          0        148   dadd.o
       222          0          0          0          0        100   ddiv.o
       186          0          0          0          0        176   depilogue.o
        62          0          0          0          0         80   dfixi.o
        34          0          0          0          0         76   dflti.o
       228          0          0          0          0         96   dmul.o
       162          0          0          0          0        100   dsqrt.o

    ----------------------------------------------------------------------
      2874        148         80          4          0       2220   Library Totals
        10          0          0          0          0          0   (incl. Padding)

    ----------------------------------------------------------------------

      Code (inc. data)   RO Data    RW Data    ZI Data      Debug   Library Name

      1266        126         80          0          0        836   m_wm.l
       370         22          0          4          0        608   mc_w.l
      1228          0          0          0          0        776   mf_w.l

    ----------------------------------------------------------------------
      2874        148         80          4          0       2220   Library Totals

    ----------------------------------------------------------------------

==============================================================================


      Code (inc. data)   RO Data    RW Data    ZI Data      Debug   

     30756       1914     313488        232      21568    1062287   Grand Totals
     30756       1914     313488        232      21568    1062287   ELF Image Totals
     30756       1914     313488        232          0          0   ROM Totals

==============================================================================

    Total RO  Size (Code + RO Data)               344244 ( 336.18kB)
    Total RW  Size (RW Data + ZI Data)             21800 (  21.29kB)
    Total ROM Size (Code + RO Data + RW Data)     344476 ( 336.40kB)

==============================================================================

